Archive member included to satisfy reference by file (symbol)

/home/micha/.pico-sdk/toolchain/13_2_Rel1/bin/../lib/gcc/arm-none-eabi/13.2.1/thumb/v6-m/nofp/libgcc.a(_dvmd_tls.o)
                              CMakeFiles/distance_sensor_3.dir/home/micha/.pico-sdk/sdk/1.5.1/src/rp2_common/pico_divider/divider.S.obj (__aeabi_idiv0)
/home/micha/.pico-sdk/toolchain/13_2_Rel1/bin/../lib/gcc/arm-none-eabi/13.2.1/../../../../arm-none-eabi/lib/thumb/v6-m/nofp/libg.a(libc_a-atoi.o)
                              CMakeFiles/distance_sensor_3.dir/home/micha/.pico-sdk/sdk/1.5.1/lib/lwip/src/core/netif.c.obj (atoi)
/home/micha/.pico-sdk/toolchain/13_2_Rel1/bin/../lib/gcc/arm-none-eabi/13.2.1/../../../../arm-none-eabi/lib/thumb/v6-m/nofp/libg.a(libc_a-calloc.o)
                              CMakeFiles/distance_sensor_3.dir/home/micha/.pico-sdk/sdk/1.5.1/src/rp2_common/pico_malloc/pico_malloc.c.obj (calloc)
/home/micha/.pico-sdk/toolchain/13_2_Rel1/bin/../lib/gcc/arm-none-eabi/13.2.1/../../../../arm-none-eabi/lib/thumb/v6-m/nofp/libg.a(libc_a-callocr.o)
                              /home/micha/.pico-sdk/toolchain/13_2_Rel1/bin/../lib/gcc/arm-none-eabi/13.2.1/../../../../arm-none-eabi/lib/thumb/v6-m/nofp/libg.a(libc_a-calloc.o) (_calloc_r)
/home/micha/.pico-sdk/toolchain/13_2_Rel1/bin/../lib/gcc/arm-none-eabi/13.2.1/../../../../arm-none-eabi/lib/thumb/v6-m/nofp/libg.a(libc_a-malloc.o)
                              CMakeFiles/distance_sensor_3.dir/home/micha/.pico-sdk/sdk/1.5.1/src/rp2_common/pico_malloc/pico_malloc.c.obj (malloc)
/home/micha/.pico-sdk/toolchain/13_2_Rel1/bin/../lib/gcc/arm-none-eabi/13.2.1/../../../../arm-none-eabi/lib/thumb/v6-m/nofp/libg.a(libc_a-mallocr.o)
                              /home/micha/.pico-sdk/toolchain/13_2_Rel1/bin/../lib/gcc/arm-none-eabi/13.2.1/../../../../arm-none-eabi/lib/thumb/v6-m/nofp/libg.a(libc_a-callocr.o) (_malloc_r)
/home/micha/.pico-sdk/toolchain/13_2_Rel1/bin/../lib/gcc/arm-none-eabi/13.2.1/../../../../arm-none-eabi/lib/thumb/v6-m/nofp/libg.a(libc_a-mlock.o)
                              /home/micha/.pico-sdk/toolchain/13_2_Rel1/bin/../lib/gcc/arm-none-eabi/13.2.1/../../../../arm-none-eabi/lib/thumb/v6-m/nofp/libg.a(libc_a-mallocr.o) (__malloc_lock)
/home/micha/.pico-sdk/toolchain/13_2_Rel1/bin/../lib/gcc/arm-none-eabi/13.2.1/../../../../arm-none-eabi/lib/thumb/v6-m/nofp/libg.a(libc_a-realloc.o)
                              CMakeFiles/distance_sensor_3.dir/home/micha/.pico-sdk/sdk/1.5.1/src/rp2_common/pico_malloc/pico_malloc.c.obj (realloc)
/home/micha/.pico-sdk/toolchain/13_2_Rel1/bin/../lib/gcc/arm-none-eabi/13.2.1/../../../../arm-none-eabi/lib/thumb/v6-m/nofp/libg.a(libc_a-reallocr.o)
                              /home/micha/.pico-sdk/toolchain/13_2_Rel1/bin/../lib/gcc/arm-none-eabi/13.2.1/../../../../arm-none-eabi/lib/thumb/v6-m/nofp/libg.a(libc_a-realloc.o) (_realloc_r)
/home/micha/.pico-sdk/toolchain/13_2_Rel1/bin/../lib/gcc/arm-none-eabi/13.2.1/../../../../arm-none-eabi/lib/thumb/v6-m/nofp/libg.a(libc_a-strtol.o)
                              /home/micha/.pico-sdk/toolchain/13_2_Rel1/bin/../lib/gcc/arm-none-eabi/13.2.1/../../../../arm-none-eabi/lib/thumb/v6-m/nofp/libg.a(libc_a-atoi.o) (_strtol_r)
/home/micha/.pico-sdk/toolchain/13_2_Rel1/bin/../lib/gcc/arm-none-eabi/13.2.1/../../../../arm-none-eabi/lib/thumb/v6-m/nofp/libg.a(libc_a-ctype_.o)
                              CMakeFiles/distance_sensor_3.dir/home/micha/.pico-sdk/sdk/1.5.1/lib/lwip/src/core/dns.c.obj (_ctype_)
/home/micha/.pico-sdk/toolchain/13_2_Rel1/bin/../lib/gcc/arm-none-eabi/13.2.1/../../../../arm-none-eabi/lib/thumb/v6-m/nofp/libg.a(libc_a-memcmp.o)
                              CMakeFiles/distance_sensor_3.dir/home/micha/.pico-sdk/sdk/1.5.1/lib/lwip/src/netif/ethernet.c.obj (memcmp)
/home/micha/.pico-sdk/toolchain/13_2_Rel1/bin/../lib/gcc/arm-none-eabi/13.2.1/../../../../arm-none-eabi/lib/thumb/v6-m/nofp/libg.a(libc_a-memmove.o)
                              CMakeFiles/distance_sensor_3.dir/home/micha/.pico-sdk/sdk/1.5.1/lib/lwip/src/core/def.c.obj (memmove)
/home/micha/.pico-sdk/toolchain/13_2_Rel1/bin/../lib/gcc/arm-none-eabi/13.2.1/../../../../arm-none-eabi/lib/thumb/v6-m/nofp/libg.a(libc_a-strncmp.o)
                              CMakeFiles/distance_sensor_3.dir/home/micha/.pico-sdk/sdk/1.5.1/lib/lwip/src/core/def.c.obj (strncmp)
/home/micha/.pico-sdk/toolchain/13_2_Rel1/bin/../lib/gcc/arm-none-eabi/13.2.1/../../../../arm-none-eabi/lib/thumb/v6-m/nofp/libg.a(libc_a-impure.o)
                              /home/micha/.pico-sdk/toolchain/13_2_Rel1/bin/../lib/gcc/arm-none-eabi/13.2.1/../../../../arm-none-eabi/lib/thumb/v6-m/nofp/libg.a(libc_a-calloc.o) (_impure_ptr)
/home/micha/.pico-sdk/toolchain/13_2_Rel1/bin/../lib/gcc/arm-none-eabi/13.2.1/../../../../arm-none-eabi/lib/thumb/v6-m/nofp/libg.a(libc_a-sbrkr.o)
                              /home/micha/.pico-sdk/toolchain/13_2_Rel1/bin/../lib/gcc/arm-none-eabi/13.2.1/../../../../arm-none-eabi/lib/thumb/v6-m/nofp/libg.a(libc_a-mallocr.o) (_sbrk_r)
[...]
Memory Configuration

Name             Origin             Length             Attributes
FLASH            0x10000000         0x00200000         xr
RAM              0x20000000         0x00040000         xrw
SCRATCH_X        0x20040000         0x00001000         xrw
SCRATCH_Y        0x20041000         0x00001000         xrw
*default*        0x00000000         0xffffffff

Linker script and memory map

LOAD /home/micha/.pico-sdk/toolchain/13_2_Rel1/bin/../lib/gcc/arm-none-eabi/13.2.1/thumb/v6-m/nofp/crti.o
LOAD /home/micha/.pico-sdk/toolchain/13_2_Rel1/bin/../lib/gcc/arm-none-eabi/13.2.1/thumb/v6-m/nofp/crtbegin.o
LOAD /home/micha/.pico-sdk/toolchain/13_2_Rel1/bin/../lib/gcc/arm-none-eabi/13.2.1/../../../../arm-none-eabi/lib/thumb/v6-m/nofp/crt0.o

.flash_begin    0x10000000        0x0
                0x10000000                        __flash_binary_start = .

.boot2          0x10000000      0x100
                0x10000000                        __boot2_start__ = .
 *(.boot2)
 .boot2         0x10000000      0x100 /tmp/cc3neYJ9.o
                0x10000100                        __boot2_end__ = .
                0x00000001                        ASSERT (((__boot2_end__ - __boot2_start__) == 0x100), ERROR: Pico second stage bootloader must be 256 bytes in size)

.text           0x10000100    0x11b18
                0x10000100                        __logical_binary_start = .
 *(.vectors)
 .vectors       0x10000100       0xd4 CMakeFiles/distance_sensor_3.dir/home/micha/.pico-sdk/sdk/1.5.1/src/rp2_common/pico_standard_link/crt0.S.obj
                0x10000100                __vectors
                0x10000100                __VECTOR_TABLE
                0x100001c0                isr_invalid
                0x100001c0                __default_isrs_start
                0x100001c2                isr_nmi
                0x100001c4                isr_hardfault
                0x100001c6                isr_svcall
                0x100001c8                isr_pendsv
                0x100001ca                isr_systick
                0x100001cc                isr_irq30
                0x100001cc                __unhandled_user_irq
                0x100001cc                isr_irq13
                0x100001cc                isr_irq27
                0x100001cc                isr_irq31
                0x100001cc                isr_irq5
                0x100001cc                isr_irq11
                0x100001cc                isr_irq23
                0x100001cc                isr_irq18
                0x100001cc                isr_irq28
                0x100001cc                isr_irq19
                0x100001cc                isr_irq0
                0x100001cc                isr_irq6
                0x100001cc                isr_irq22
                0x100001cc                isr_irq17
                0x100001cc                isr_irq14
                0x100001cc                isr_irq2
                0x100001cc                isr_irq10
                0x100001cc                isr_irq8
                0x100001cc                isr_irq24
                0x100001cc                isr_irq1
                0x100001cc                isr_irq7
                0x100001cc                isr_irq21
                0x100001cc                isr_irq20
                0x100001cc                isr_irq15
                0x100001cc                isr_irq25
                0x100001cc                isr_irq4
                0x100001cc                isr_irq16
                0x100001cc                isr_irq29
                0x100001cc                isr_irq26
                0x100001cc                __default_isrs_end
                0x100001cc                isr_irq3
                0x100001cc                isr_irq12
                0x100001cc                isr_irq9
                0x100001d2                unhandled_user_irq_num_in_r0
 *(.binary_info_header)
 .binary_info_header
                0x100001d4       0x14 CMakeFiles/distance_sensor_3.dir/home/micha/.pico-sdk/sdk/1.5.1/src/rp2_common/pico_standard_link/crt0.S.obj
                0x100001e8                        __binary_info_header_end = .
 *(.reset)
 .reset         0x100001e8       0xa0 CMakeFiles/distance_sensor_3.dir/home/micha/.pico-sdk/sdk/1.5.1/src/rp2_common/pico_standard_link/crt0.S.obj
                0x100001e8                _entry_point
 .reset         0x10000288       0x30 CMakeFiles/distance_sensor_3.dir/home/micha/.pico-sdk/sdk/1.5.1/src/rp2_common/pico_standard_link/binary_info.c.obj
 *(.init)
 .init          0x100002b8        0x4 /home/micha/.pico-sdk/toolchain/13_2_Rel1/bin/../lib/gcc/arm-none-eabi/13.2.1/thumb/v6-m/nofp/crti.o
                0x100002b8                _init
 *(EXCLUDE_FILE(*libm.a: *libc.a:*lib_a-mem*.o *libgcc.a:) .text*)
 .text.register_tm_clones
                0x100002bc       0x28 /home/micha/.pico-sdk/toolchain/13_2_Rel1/bin/../lib/gcc/arm-none-eabi/13.2.1/thumb/v6-m/nofp/crtbegin.o
 .text.frame_dummy
                0x100002e4       0x24 /home/micha/.pico-sdk/toolchain/13_2_Rel1/bin/../lib/gcc/arm-none-eabi/13.2.1/thumb/v6-m/nofp/crtbegin.o
 .text.send_multicast_message
                0x10000308       0x90 CMakeFiles/distance_sensor_3.dir/distance_sensor_3.c.obj
                0x10000308                send_multicast_message
 .text.main     0x10000398       0xc8 CMakeFiles/distance_sensor_3.dir/distance_sensor_3.c.obj
                0x10000398                main
 .text.gpio_set_function
                0x10000460       0x30 CMakeFiles/distance_sensor_3.dir/home/micha/.pico-sdk/sdk/1.5.1/src/rp2_common/hardware_gpio/gpio.c.obj
                0x10000460                gpio_set_function
 .text.gpio_set_pulls
                0x10000490       0x34 CMakeFiles/distance_sensor_3.dir/home/micha/.pico-sdk/sdk/1.5.1/src/rp2_common/hardware_gpio/gpio.c.obj
                0x10000490                gpio_set_pulls
 .text.gpio_set_input_hysteresis_enabled
                0x100004c4       0x30 CMakeFiles/distance_sensor_3.dir/home/micha/.pico-sdk/sdk/1.5.1/src/rp2_common/hardware_gpio/gpio.c.obj
                0x100004c4                gpio_set_input_hysteresis_enabled
 .text.gpio_add_raw_irq_handler_with_order_priority_masked
                0x100004f4       0x40 CMakeFiles/distance_sensor_3.dir/home/micha/.pico-sdk/sdk/1.5.1/src/rp2_common/hardware_gpio/gpio.c.obj
                0x100004f4                gpio_add_raw_irq_handler_with_order_priority_masked
 .text.gpio_remove_raw_irq_handler_masked
                0x10000534       0x48 CMakeFiles/distance_sensor_3.dir/home/micha/.pico-sdk/sdk/1.5.1/src/rp2_common/hardware_gpio/gpio.c.obj
                0x10000534                gpio_remove_raw_irq_handler_masked
 .text.gpio_acknowledge_irq
                0x1000057c       0x18 CMakeFiles/distance_sensor_3.dir/home/micha/.pico-sdk/sdk/1.5.1/src/rp2_common/hardware_gpio/gpio.c.obj
                0x1000057c                gpio_acknowledge_irq
 .text._gpio_set_irq_enabled
                0x10000594       0x34 CMakeFiles/distance_sensor_3.dir/home/micha/.pico-sdk/sdk/1.5.1/src/rp2_common/hardware_gpio/gpio.c.obj
 .text.gpio_set_irq_enabled
                0x100005c8       0x20 CMakeFiles/distance_sensor_3.dir/home/micha/.pico-sdk/sdk/1.5.1/src/rp2_common/hardware_gpio/gpio.c.obj
                0x100005c8                gpio_set_irq_enabled
 .text.gpio_init
                0x100005e8       0x16 CMakeFiles/distance_sensor_3.dir/home/micha/.pico-sdk/sdk/1.5.1/src/rp2_common/hardware_gpio/gpio.c.obj
                0x100005e8                gpio_init
 *fill*         0x100005fe        0x2 
 .text.running_on_fpga
                0x10000600       0x14 CMakeFiles/distance_sensor_3.dir/home/micha/.pico-sdk/sdk/1.5.1/src/rp2_common/pico_platform/platform.c.obj
                0x10000600                running_on_fpga
 .text.hw_claim_lock
                0x10000614       0x18 CMakeFiles/distance_sensor_3.dir/home/micha/.pico-sdk/sdk/1.5.1/src/rp2_common/hardware_claim/claim.c.obj
                0x10000614                hw_claim_lock
 .text.hw_claim_unlock
                0x1000062c       0x14 CMakeFiles/distance_sensor_3.dir/home/micha/.pico-sdk/sdk/1.5.1/src/rp2_common/hardware_claim/claim.c.obj
                0x1000062c                hw_claim_unlock
 .text.hw_claim_or_assert
                0x10000640       0x32 CMakeFiles/distance_sensor_3.dir/home/micha/.pico-sdk/sdk/1.5.1/src/rp2_common/hardware_claim/claim.c.obj
                0x10000640                hw_claim_or_assert
 .text.hw_claim_unused_from_range
                0x10000672       0x50 CMakeFiles/distance_sensor_3.dir/home/micha/.pico-sdk/sdk/1.5.1/src/rp2_common/hardware_claim/claim.c.obj
                0x10000672                hw_claim_unused_from_range
 *fill*         0x100006c2        0x2 
 .text.hw_claim_clear
                0x100006c4       0x40 CMakeFiles/distance_sensor_3.dir/home/micha/.pico-sdk/sdk/1.5.1/src/rp2_common/hardware_claim/claim.c.obj
                0x100006c4                hw_claim_clear
 .text.spin_locks_reset
                0x10000704       0x20 CMakeFiles/distance_sensor_3.dir/home/micha/.pico-sdk/sdk/1.5.1/src/rp2_common/hardware_sync/sync.c.obj
                0x10000704                spin_locks_reset
 .text.next_striped_spin_lock_num
                0x10000724       0x1c CMakeFiles/distance_sensor_3.dir/home/micha/.pico-sdk/sdk/1.5.1/src/rp2_common/hardware_sync/sync.c.obj
                0x10000724                next_striped_spin_lock_num
 .text.set_raw_irq_handler_and_unlock
                0x10000740       0x28 CMakeFiles/distance_sensor_3.dir/home/micha/.pico-sdk/sdk/1.5.1/src/rp2_common/hardware_irq/irq.c.obj
 .text.get_user_irq_claim_index
                0x10000768        0x6 CMakeFiles/distance_sensor_3.dir/home/micha/.pico-sdk/sdk/1.5.1/src/rp2_common/hardware_irq/irq.c.obj
 *fill*         0x1000076e        0x2 
 .text.resolve_branch
                0x10000770       0x30 CMakeFiles/distance_sensor_3.dir/home/micha/.pico-sdk/sdk/1.5.1/src/rp2_common/hardware_irq/irq.c.obj
 .text.make_branch
                0x100007a0       0x48 CMakeFiles/distance_sensor_3.dir/home/micha/.pico-sdk/sdk/1.5.1/src/rp2_common/hardware_irq/irq.c.obj
 .text.insert_branch_and_link
                0x100007e8       0x40 CMakeFiles/distance_sensor_3.dir/home/micha/.pico-sdk/sdk/1.5.1/src/rp2_common/hardware_irq/irq.c.obj
 .text.irq_is_enabled
                0x10000828       0x18 CMakeFiles/distance_sensor_3.dir/home/micha/.pico-sdk/sdk/1.5.1/src/rp2_common/hardware_irq/irq.c.obj
                0x10000828                irq_is_enabled
 .text.irq_set_mask_enabled
                0x10000840       0x20 CMakeFiles/distance_sensor_3.dir/home/micha/.pico-sdk/sdk/1.5.1/src/rp2_common/hardware_irq/irq.c.obj
                0x10000840                irq_set_mask_enabled
 .text.irq_set_enabled
                0x10000860        0xe CMakeFiles/distance_sensor_3.dir/home/micha/.pico-sdk/sdk/1.5.1/src/rp2_common/hardware_irq/irq.c.obj
                0x10000860                irq_set_enabled
 *fill*         0x1000086e        0x2 
 .text.irq_set_pending
                0x10000870       0x10 CMakeFiles/distance_sensor_3.dir/home/micha/.pico-sdk/sdk/1.5.1/src/rp2_common/hardware_irq/irq.c.obj
                0x10000870                irq_set_pending
 .text.irq_get_vtable_handler
                0x10000880       0x10 CMakeFiles/distance_sensor_3.dir/home/micha/.pico-sdk/sdk/1.5.1/src/rp2_common/hardware_irq/irq.c.obj
                0x10000880                irq_get_vtable_handler
 .text.irq_set_exclusive_handler
                0x10000890       0x54 CMakeFiles/distance_sensor_3.dir/home/micha/.pico-sdk/sdk/1.5.1/src/rp2_common/hardware_irq/irq.c.obj
                0x10000890                irq_set_exclusive_handler
 .text.irq_add_shared_handler
                0x100008e4      0x210 CMakeFiles/distance_sensor_3.dir/home/micha/.pico-sdk/sdk/1.5.1/src/rp2_common/hardware_irq/irq.c.obj
                0x100008e4                irq_add_shared_handler
 .text.irq_remove_handler
                0x10000af4      0x188 CMakeFiles/distance_sensor_3.dir/home/micha/.pico-sdk/sdk/1.5.1/src/rp2_common/hardware_irq/irq.c.obj
                0x10000af4                irq_remove_handler
 .text.irq_set_priority
                0x10000c7c       0x28 CMakeFiles/distance_sensor_3.dir/home/micha/.pico-sdk/sdk/1.5.1/src/rp2_common/hardware_irq/irq.c.obj
                0x10000c7c                irq_set_priority
 .text.irq_add_tail_to_free_list
                0x10000ca4       0xf0 CMakeFiles/distance_sensor_3.dir/home/micha/.pico-sdk/sdk/1.5.1/src/rp2_common/hardware_irq/irq.c.obj
                0x10000ca4                irq_add_tail_to_free_list
 .text.irq_init_priorities
                0x10000d94       0x1c CMakeFiles/distance_sensor_3.dir/home/micha/.pico-sdk/sdk/1.5.1/src/rp2_common/hardware_irq/irq.c.obj
                0x10000d94                irq_init_priorities
 .text.user_irq_unclaim
                0x10000db0       0x18 CMakeFiles/distance_sensor_3.dir/home/micha/.pico-sdk/sdk/1.5.1/src/rp2_common/hardware_irq/irq.c.obj
                0x10000db0                user_irq_unclaim
 .text.user_irq_claim_unused
                0x10000dc8       0x2c CMakeFiles/distance_sensor_3.dir/home/micha/.pico-sdk/sdk/1.5.1/src/rp2_common/hardware_irq/irq.c.obj
                0x10000dc8                user_irq_claim_unused
 .text.sem_init
                0x10000df4       0x1e CMakeFiles/distance_sensor_3.dir/home/micha/.pico-sdk/sdk/1.5.1/src/common/pico_sync/sem.c.obj
                0x10000df4                sem_init
 *fill*         0x10000e12        0x2 
 .text.lock_init
                0x10000e14       0x10 CMakeFiles/distance_sensor_3.dir/home/micha/.pico-sdk/sdk/1.5.1/src/common/pico_sync/lock_core.c.obj
                0x10000e14                lock_init
 .text.mutex_init
                0x10000e24       0x1a CMakeFiles/distance_sensor_3.dir/home/micha/.pico-sdk/sdk/1.5.1/src/common/pico_sync/mutex.c.obj
                0x10000e24                mutex_init
 .text.recursive_mutex_init
                0x10000e3e       0x1e CMakeFiles/distance_sensor_3.dir/home/micha/.pico-sdk/sdk/1.5.1/src/common/pico_sync/mutex.c.obj
                0x10000e3e                recursive_mutex_init
 .text.time_reached
                0x10000e5c       0x28 CMakeFiles/distance_sensor_3.dir/home/micha/.pico-sdk/sdk/1.5.1/src/common/pico_time/time.c.obj
 .text.get_entry
                0x10000e84       0x38 CMakeFiles/distance_sensor_3.dir/home/micha/.pico-sdk/sdk/1.5.1/src/common/pico_time/time.c.obj
 .text.timer_pool_entry_comparator
                0x10000ebc       0x2e CMakeFiles/distance_sensor_3.dir/home/micha/.pico-sdk/sdk/1.5.1/src/common/pico_time/time.c.obj
                0x10000ebc                timer_pool_entry_comparator
 *fill*         0x10000eea        0x2 
 .text.update_us_since_boot
                0x10000eec       0x24 CMakeFiles/distance_sensor_3.dir/home/micha/.pico-sdk/sdk/1.5.1/src/common/pico_time/time.c.obj
 .text.delayed_by_us
                0x10000f10       0x34 CMakeFiles/distance_sensor_3.dir/home/micha/.pico-sdk/sdk/1.5.1/src/common/pico_time/time.c.obj
 .text.ph_get_node
                0x10000f44       0x30 CMakeFiles/distance_sensor_3.dir/home/micha/.pico-sdk/sdk/1.5.1/src/common/pico_time/time.c.obj
 .text.ph_contains_node
                0x10000f74       0x1e CMakeFiles/distance_sensor_3.dir/home/micha/.pico-sdk/sdk/1.5.1/src/common/pico_time/time.c.obj
 .text.ph_new_node
                0x10000f92       0x28 CMakeFiles/distance_sensor_3.dir/home/micha/.pico-sdk/sdk/1.5.1/src/common/pico_time/time.c.obj
 *fill*         0x10000fba        0x2 
 .text.ph_add_child_node
                0x10000fbc       0x6c CMakeFiles/distance_sensor_3.dir/home/micha/.pico-sdk/sdk/1.5.1/src/common/pico_time/time.c.obj
 .text.ph_merge_nodes
                0x10001028       0x3e CMakeFiles/distance_sensor_3.dir/home/micha/.pico-sdk/sdk/1.5.1/src/common/pico_time/time.c.obj
 *fill*         0x10001066        0x2 
 .text.ph_insert_node
                0x10001068       0x3c CMakeFiles/distance_sensor_3.dir/home/micha/.pico-sdk/sdk/1.5.1/src/common/pico_time/time.c.obj
 .text.ph_free_node
                0x100010a4       0x5c CMakeFiles/distance_sensor_3.dir/home/micha/.pico-sdk/sdk/1.5.1/src/common/pico_time/time.c.obj
 .text.get_entry_id_high
                0x10001100       0x30 CMakeFiles/distance_sensor_3.dir/home/micha/.pico-sdk/sdk/1.5.1/src/common/pico_time/time.c.obj
 .text.alarm_pool_post_alloc_init
                0x10001130       0x40 CMakeFiles/distance_sensor_3.dir/home/micha/.pico-sdk/sdk/1.5.1/src/common/pico_time/time.c.obj
 .text.sleep_until_callback
                0x10001170       0x30 CMakeFiles/distance_sensor_3.dir/home/micha/.pico-sdk/sdk/1.5.1/src/common/pico_time/time.c.obj
 .text.get_absolute_time
                0x100011a0       0x22 CMakeFiles/distance_sensor_3.dir/home/micha/.pico-sdk/sdk/1.5.1/src/common/pico_time/time.c.obj
 .text.make_timeout_time_us
                0x100011c2       0x24 CMakeFiles/distance_sensor_3.dir/home/micha/.pico-sdk/sdk/1.5.1/src/common/pico_time/time.c.obj
 *fill*         0x100011e6        0x2 
 .text.add_alarm_under_lock
                0x100011e8       0x94 CMakeFiles/distance_sensor_3.dir/home/micha/.pico-sdk/sdk/1.5.1/src/common/pico_time/time.c.obj
 .text.alarm_pool_alarm_callback
                0x1000127c      0x210 CMakeFiles/distance_sensor_3.dir/home/micha/.pico-sdk/sdk/1.5.1/src/common/pico_time/time.c.obj
 .text.alarm_pool_init_default
                0x1000148c       0x40 CMakeFiles/distance_sensor_3.dir/home/micha/.pico-sdk/sdk/1.5.1/src/common/pico_time/time.c.obj
                0x1000148c                alarm_pool_init_default
 .text.alarm_pool_get_default
                0x100014cc       0x2c CMakeFiles/distance_sensor_3.dir/home/micha/.pico-sdk/sdk/1.5.1/src/common/pico_time/time.c.obj
                0x100014cc                alarm_pool_get_default
 .text.alarm_pool_add_alarm_at
                0x100014f8      0x10e CMakeFiles/distance_sensor_3.dir/home/micha/.pico-sdk/sdk/1.5.1/src/common/pico_time/time.c.obj
                0x100014f8                alarm_pool_add_alarm_at
 .text.add_alarm_at
                0x10001606       0x2e CMakeFiles/distance_sensor_3.dir/home/micha/.pico-sdk/sdk/1.5.1/src/common/pico_time/time.c.obj
 .text.alarm_pool_cancel_alarm
                0x10001634       0xa8 CMakeFiles/distance_sensor_3.dir/home/micha/.pico-sdk/sdk/1.5.1/src/common/pico_time/time.c.obj
                0x10001634                alarm_pool_cancel_alarm
 .text.cancel_alarm
                0x100016dc       0x10 CMakeFiles/distance_sensor_3.dir/home/micha/.pico-sdk/sdk/1.5.1/src/common/pico_time/time.c.obj
 .text.alarm_pool_core_num
                0x100016ec        0x4 CMakeFiles/distance_sensor_3.dir/home/micha/.pico-sdk/sdk/1.5.1/src/common/pico_time/time.c.obj
                0x100016ec                alarm_pool_core_num
 .text.sleep_until
                0x100016f0       0xb0 CMakeFiles/distance_sensor_3.dir/home/micha/.pico-sdk/sdk/1.5.1/src/common/pico_time/time.c.obj
                0x100016f0                sleep_until
 .text.sleep_us
                0x100017a0       0x1a CMakeFiles/distance_sensor_3.dir/home/micha/.pico-sdk/sdk/1.5.1/src/common/pico_time/time.c.obj
                0x100017a0                sleep_us
 .text.sleep_ms
                0x100017ba       0x14 CMakeFiles/distance_sensor_3.dir/home/micha/.pico-sdk/sdk/1.5.1/src/common/pico_time/time.c.obj
                0x100017ba                sleep_ms
 *fill*         0x100017ce        0x2 
 .text.best_effort_wfe_or_timeout
                0x100017d0       0x44 CMakeFiles/distance_sensor_3.dir/home/micha/.pico-sdk/sdk/1.5.1/src/common/pico_time/time.c.obj
                0x100017d0                best_effort_wfe_or_timeout
 .text.update_us_since_boot
                0x10001814       0x24 CMakeFiles/distance_sensor_3.dir/home/micha/.pico-sdk/sdk/1.5.1/src/rp2_common/hardware_timer/timer.c.obj
 .text.hardware_alarm_irq_handler
                0x10001838       0x8c CMakeFiles/distance_sensor_3.dir/home/micha/.pico-sdk/sdk/1.5.1/src/rp2_common/hardware_timer/timer.c.obj
 .text.hardware_alarm_claim
                0x100018c4       0x18 CMakeFiles/distance_sensor_3.dir/home/micha/.pico-sdk/sdk/1.5.1/src/rp2_common/hardware_timer/timer.c.obj
                0x100018c4                hardware_alarm_claim
 .text.time_us_64
                0x100018dc       0x18 CMakeFiles/distance_sensor_3.dir/home/micha/.pico-sdk/sdk/1.5.1/src/rp2_common/hardware_timer/timer.c.obj
                0x100018dc                time_us_64
 .text.busy_wait_until
                0x100018f4       0x28 CMakeFiles/distance_sensor_3.dir/home/micha/.pico-sdk/sdk/1.5.1/src/rp2_common/hardware_timer/timer.c.obj
                0x100018f4                busy_wait_until
 .text.busy_wait_us
                0x1000191c       0x3a CMakeFiles/distance_sensor_3.dir/home/micha/.pico-sdk/sdk/1.5.1/src/rp2_common/hardware_timer/timer.c.obj
                0x1000191c                busy_wait_us
 *fill*         0x10001956        0x2 
 .text.hardware_alarm_set_callback
                0x10001958       0x90 CMakeFiles/distance_sensor_3.dir/home/micha/.pico-sdk/sdk/1.5.1/src/rp2_common/hardware_timer/timer.c.obj
                0x10001958                hardware_alarm_set_callback
 .text.hardware_alarm_set_target
                0x100019e8       0xe8 CMakeFiles/distance_sensor_3.dir/home/micha/.pico-sdk/sdk/1.5.1/src/rp2_common/hardware_timer/timer.c.obj
                0x100019e8                hardware_alarm_set_target
 .text.hardware_alarm_cancel
                0x10001ad0       0x40 CMakeFiles/distance_sensor_3.dir/home/micha/.pico-sdk/sdk/1.5.1/src/rp2_common/hardware_timer/timer.c.obj
                0x10001ad0                hardware_alarm_cancel
 .text.ph_get_node
                0x10001b10       0x30 CMakeFiles/distance_sensor_3.dir/home/micha/.pico-sdk/sdk/1.5.1/src/common/pico_util/pheap.c.obj
 .text.ph_add_child_node
                0x10001b40       0x6c CMakeFiles/distance_sensor_3.dir/home/micha/.pico-sdk/sdk/1.5.1/src/common/pico_util/pheap.c.obj
 .text.ph_merge_nodes
                0x10001bac       0x3e CMakeFiles/distance_sensor_3.dir/home/micha/.pico-sdk/sdk/1.5.1/src/common/pico_util/pheap.c.obj
 .text.ph_clear
                0x10001bea       0x34 CMakeFiles/distance_sensor_3.dir/home/micha/.pico-sdk/sdk/1.5.1/src/common/pico_util/pheap.c.obj
                0x10001bea                ph_clear
 .text.ph_post_alloc_init
                0x10001c1e        0xe CMakeFiles/distance_sensor_3.dir/home/micha/.pico-sdk/sdk/1.5.1/src/common/pico_util/pheap.c.obj
                0x10001c1e                ph_post_alloc_init
 .text.ph_merge_two_pass
                0x10001c2c       0x5c CMakeFiles/distance_sensor_3.dir/home/micha/.pico-sdk/sdk/1.5.1/src/common/pico_util/pheap.c.obj
                0x10001c2c                ph_merge_two_pass
 .text.ph_remove_any_head
                0x10001c88       0xc0 CMakeFiles/distance_sensor_3.dir/home/micha/.pico-sdk/sdk/1.5.1/src/common/pico_util/pheap.c.obj
 .text.ph_remove_head
                0x10001d48       0x14 CMakeFiles/distance_sensor_3.dir/home/micha/.pico-sdk/sdk/1.5.1/src/common/pico_util/pheap.c.obj
                0x10001d48                ph_remove_head
 .text.ph_remove_and_free_node
                0x10001d5c       0xa0 CMakeFiles/distance_sensor_3.dir/home/micha/.pico-sdk/sdk/1.5.1/src/common/pico_util/pheap.c.obj
                0x10001d5c                ph_remove_and_free_node
 .text.uart_disable_before_lcr_write
                0x10001dfc       0x48 CMakeFiles/distance_sensor_3.dir/home/micha/.pico-sdk/sdk/1.5.1/src/rp2_common/hardware_uart/uart.c.obj
 .text.uart_write_lcr_bits_masked
                0x10001e44       0x22 CMakeFiles/distance_sensor_3.dir/home/micha/.pico-sdk/sdk/1.5.1/src/rp2_common/hardware_uart/uart.c.obj
 *fill*         0x10001e66        0x2 
 .text.uart_set_baudrate
                0x10001e68       0x5c CMakeFiles/distance_sensor_3.dir/home/micha/.pico-sdk/sdk/1.5.1/src/rp2_common/hardware_uart/uart.c.obj
                0x10001e68                uart_set_baudrate
 .text.uart_set_format
                0x10001ec4       0x2c CMakeFiles/distance_sensor_3.dir/home/micha/.pico-sdk/sdk/1.5.1/src/rp2_common/hardware_uart/uart.c.obj
                0x10001ec4                uart_set_format
 .text.uart_set_translate_crlf
                0x10001ef0       0x28 CMakeFiles/distance_sensor_3.dir/home/micha/.pico-sdk/sdk/1.5.1/src/rp2_common/hardware_uart/uart.c.obj
                0x10001ef0                uart_set_translate_crlf
 .text.uart_init
                0x10001f18       0x80 CMakeFiles/distance_sensor_3.dir/home/micha/.pico-sdk/sdk/1.5.1/src/rp2_common/hardware_uart/uart.c.obj
                0x10001f18                uart_init
 .text.clock_configure
                0x10001f98      0x108 CMakeFiles/distance_sensor_3.dir/home/micha/.pico-sdk/sdk/1.5.1/src/rp2_common/hardware_clocks/clocks.c.obj
                0x10001f98                clock_configure
 .text.clocks_init
                0x100020a0      0x100 CMakeFiles/distance_sensor_3.dir/home/micha/.pico-sdk/sdk/1.5.1/src/rp2_common/hardware_clocks/clocks.c.obj
                0x100020a0                clocks_init
 .text.clock_get_hz
                0x100021a0        0xc CMakeFiles/distance_sensor_3.dir/home/micha/.pico-sdk/sdk/1.5.1/src/rp2_common/hardware_clocks/clocks.c.obj
                0x100021a0                clock_get_hz
 .text.pll_init
                0x100021ac      0x120 CMakeFiles/distance_sensor_3.dir/home/micha/.pico-sdk/sdk/1.5.1/src/rp2_common/hardware_pll/pll.c.obj
                0x100021ac                pll_init
 .text.watchdog_start_tick
                0x100022cc       0x10 CMakeFiles/distance_sensor_3.dir/home/micha/.pico-sdk/sdk/1.5.1/src/rp2_common/hardware_watchdog/watchdog.c.obj
                0x100022cc                watchdog_start_tick
 .text.xosc_init
                0x100022dc       0x28 CMakeFiles/distance_sensor_3.dir/home/micha/.pico-sdk/sdk/1.5.1/src/rp2_common/hardware_xosc/xosc.c.obj
                0x100022dc                xosc_init
 .text._exit    0x10002304        0x4 CMakeFiles/distance_sensor_3.dir/home/micha/.pico-sdk/sdk/1.5.1/src/rp2_common/pico_runtime/runtime.c.obj
                0x10002304                _exit
 .text.exit     0x10002308        0x6 CMakeFiles/distance_sensor_3.dir/home/micha/.pico-sdk/sdk/1.5.1/src/rp2_common/pico_runtime/runtime.c.obj
                0x10002308                exit
 *fill*         0x1000230e        0x2 
 .text.__assert_func
                0x10002310       0x38 CMakeFiles/distance_sensor_3.dir/home/micha/.pico-sdk/sdk/1.5.1/src/rp2_common/pico_runtime/runtime.c.obj
                0x10002310                __assert_func
 .text.runtime_init
                0x10002348       0xf8 CMakeFiles/distance_sensor_3.dir/home/micha/.pico-sdk/sdk/1.5.1/src/rp2_common/pico_runtime/runtime.c.obj
                0x10002348                runtime_init
 .text.panic    0x10002440       0x30 CMakeFiles/distance_sensor_3.dir/home/micha/.pico-sdk/sdk/1.5.1/src/rp2_common/pico_runtime/runtime.c.obj
                0x10002440                panic
 .text.panic_unsupported
                0x10002470        0xc CMakeFiles/distance_sensor_3.dir/home/micha/.pico-sdk/sdk/1.5.1/src/rp2_common/pico_runtime/runtime.c.obj
                0x10002470                panic_unsupported
 .text._out_null
                0x1000247c        0x2 CMakeFiles/distance_sensor_3.dir/home/micha/.pico-sdk/sdk/1.5.1/src/rp2_common/pico_printf/printf.c.obj
 .text._out_fct
                0x1000247e        0xe CMakeFiles/distance_sensor_3.dir/home/micha/.pico-sdk/sdk/1.5.1/src/rp2_common/pico_printf/printf.c.obj
 .text._atoi    0x1000248c       0x24 CMakeFiles/distance_sensor_3.dir/home/micha/.pico-sdk/sdk/1.5.1/src/rp2_common/pico_printf/printf.c.obj
 .text._out_rev
                0x100024b0       0xae CMakeFiles/distance_sensor_3.dir/home/micha/.pico-sdk/sdk/1.5.1/src/rp2_common/pico_printf/printf.c.obj
 .text._ntoa_format
                0x1000255e      0x110 CMakeFiles/distance_sensor_3.dir/home/micha/.pico-sdk/sdk/1.5.1/src/rp2_common/pico_printf/printf.c.obj
 .text._ntoa_long
                0x1000266e       0xbc CMakeFiles/distance_sensor_3.dir/home/micha/.pico-sdk/sdk/1.5.1/src/rp2_common/pico_printf/printf.c.obj
 .text._ntoa_long_long
                0x1000272a      0x10e CMakeFiles/distance_sensor_3.dir/home/micha/.pico-sdk/sdk/1.5.1/src/rp2_common/pico_printf/printf.c.obj
 .text._etoa    0x10002838      0x420 CMakeFiles/distance_sensor_3.dir/home/micha/.pico-sdk/sdk/1.5.1/src/rp2_common/pico_printf/printf.c.obj
 .text._ftoa    0x10002c58      0x354 CMakeFiles/distance_sensor_3.dir/home/micha/.pico-sdk/sdk/1.5.1/src/rp2_common/pico_printf/printf.c.obj
 .text._vsnprintf
                0x10002fac      0x668 CMakeFiles/distance_sensor_3.dir/home/micha/.pico-sdk/sdk/1.5.1/src/rp2_common/pico_printf/printf.c.obj
 .text.vfctprintf
                0x10003614       0x20 CMakeFiles/distance_sensor_3.dir/home/micha/.pico-sdk/sdk/1.5.1/src/rp2_common/pico_printf/printf.c.obj
                0x10003614                vfctprintf
 .text          0x10003634       0x10 CMakeFiles/distance_sensor_3.dir/home/micha/.pico-sdk/sdk/1.5.1/src/rp2_common/pico_bit_ops/bit_ops_aeabi.S.obj
 .text.ctzsi    0x10003644        0xc CMakeFiles/distance_sensor_3.dir/home/micha/.pico-sdk/sdk/1.5.1/src/rp2_common/pico_bit_ops/bit_ops_aeabi.S.obj
                0x10003644                __wrap___ctzsi2
 .text.rom_func_lookup
                0x10003650       0x10 CMakeFiles/distance_sensor_3.dir/home/micha/.pico-sdk/sdk/1.5.1/src/rp2_common/pico_bootrom/bootrom.c.obj
                0x10003650                rom_func_lookup
 .text.rom_data_lookup
                0x10003660       0x10 CMakeFiles/distance_sensor_3.dir/home/micha/.pico-sdk/sdk/1.5.1/src/rp2_common/pico_bootrom/bootrom.c.obj
                0x10003660                rom_data_lookup
 .text.rom_funcs_lookup
                0x10003670       0x36 CMakeFiles/distance_sensor_3.dir/home/micha/.pico-sdk/sdk/1.5.1/src/rp2_common/pico_bootrom/bootrom.c.obj
                0x10003670                rom_funcs_lookup
 *fill*         0x100036a6        0x2 
 .text.__wrap___aeabi_idiv
                0x100036a8       0x50 CMakeFiles/distance_sensor_3.dir/home/micha/.pico-sdk/sdk/1.5.1/src/rp2_common/pico_divider/divider.S.obj
                0x100036a8                __wrap___aeabi_idivmod
                0x100036a8                divmod_s32s32
                0x100036a8                div_s32s32
                0x100036a8                __wrap___aeabi_idiv
                0x100036b0                divmod_s32s32_unsafe
                0x100036dc                divmod_s32s32_savestate
 .text.__wrap___aeabi_uidiv
                0x100036f8       0x4c CMakeFiles/distance_sensor_3.dir/home/micha/.pico-sdk/sdk/1.5.1/src/rp2_common/pico_divider/divider.S.obj
                0x100036f8                __wrap___aeabi_uidiv
                0x100036f8                __wrap___aeabi_uidivmod
                0x100036f8                div_u32u32
                0x100036f8                divmod_u32u32
                0x10003700                divmod_u32u32_unsafe
                0x10003728                divmod_u32u32_savestate
 .text.__wrap___aeabi_ldiv
                0x10003744      0x424 CMakeFiles/distance_sensor_3.dir/home/micha/.pico-sdk/sdk/1.5.1/src/rp2_common/pico_divider/divider.S.obj
                0x10003744                div_s64s64
                0x10003744                divmod_s64s64
                0x10003744                __wrap___aeabi_ldivmod
                0x10003774                div_u64u64
                0x10003774                divmod_u64u64
                0x10003774                __wrap___aeabi_uldivmod
                0x10003784                divmod_u64u64_savestate
                0x100037a4                divmod_s64s64_unsafe
                0x1000382c                divmod_u64u64_unsafe
 .text.__wrap___aeabi_darithmetic
                0x10003b68       0x60 CMakeFiles/distance_sensor_3.dir/home/micha/.pico-sdk/sdk/1.5.1/src/rp2_common/pico_double/double_aeabi.S.obj
                0x10003b68                __wrap___aeabi_drsub
                0x10003b6e                __wrap___aeabi_dsub
                0x10003b78                __wrap___aeabi_dadd
                0x10003b82                __wrap___aeabi_ddiv
                0x10003bb6                __wrap___aeabi_dmul
 .text.__wrap___aeabi_cdcmple
                0x10003bc8       0x6c CMakeFiles/distance_sensor_3.dir/home/micha/.pico-sdk/sdk/1.5.1/src/rp2_common/pico_double/double_aeabi.S.obj
                0x10003bc8                __wrap___aeabi_cdrcmple
                0x10003bd8                __wrap___aeabi_cdcmple
                0x10003bd8                __wrap___aeabi_cdcmpeq
 .text.__wrap___aeabi_dcmplt
                0x10003c34        0xc CMakeFiles/distance_sensor_3.dir/home/micha/.pico-sdk/sdk/1.5.1/src/rp2_common/pico_double/double_aeabi.S.obj
                0x10003c34                __wrap___aeabi_dcmplt
 .text.__wrap___aeabi_dcmple
                0x10003c40       0x10 CMakeFiles/distance_sensor_3.dir/home/micha/.pico-sdk/sdk/1.5.1/src/rp2_common/pico_double/double_aeabi.S.obj
                0x10003c40                __wrap___aeabi_dcmple
 .text.__wrap___aeabi_dcmpge
                0x10003c50       0x10 CMakeFiles/distance_sensor_3.dir/home/micha/.pico-sdk/sdk/1.5.1/src/rp2_common/pico_double/double_aeabi.S.obj
                0x10003c50                __wrap___aeabi_dcmpge
 .text.__wrap___aeabi_dcmpgt
                0x10003c60        0xa CMakeFiles/distance_sensor_3.dir/home/micha/.pico-sdk/sdk/1.5.1/src/rp2_common/pico_double/double_aeabi.S.obj
                0x10003c60                __wrap___aeabi_dcmpgt
 .text.__wrap___aeabi_dcmpun
                0x10003c6a       0x1c CMakeFiles/distance_sensor_3.dir/home/micha/.pico-sdk/sdk/1.5.1/src/rp2_common/pico_double/double_aeabi.S.obj
                0x10003c6a                __wrap___aeabi_dcmpun
 *fill*         0x10003c86        0x2 
 .text.__wrap___aeabi_i2d
                0x10003c88       0x38 CMakeFiles/distance_sensor_3.dir/home/micha/.pico-sdk/sdk/1.5.1/src/rp2_common/pico_double/double_aeabi.S.obj
                0x10003c88                __wrap___aeabi_ui2d
                0x10003c90                __wrap___aeabi_i2d
 .text.__wrap___aeabi_d2iz
                0x10003cc0       0x48 CMakeFiles/distance_sensor_3.dir/home/micha/.pico-sdk/sdk/1.5.1/src/rp2_common/pico_double/double_aeabi.S.obj
                0x10003cc0                __wrap___aeabi_d2iz
                0x10003cc0                double2int_z
 .text.__wrap___aeabi_d2uiz
                0x10003d08       0x10 CMakeFiles/distance_sensor_3.dir/home/micha/.pico-sdk/sdk/1.5.1/src/rp2_common/pico_double/double_aeabi.S.obj
                0x10003d08                double2uint
                0x10003d08                __wrap___aeabi_d2uiz
 .text.missing_double_func_shim
                0x10003d18        0xc CMakeFiles/distance_sensor_3.dir/home/micha/.pico-sdk/sdk/1.5.1/src/rp2_common/pico_double/double_init_rom.c.obj
 .text.__aeabi_double_init
                0x10003d24       0xd0 CMakeFiles/distance_sensor_3.dir/home/micha/.pico-sdk/sdk/1.5.1/src/rp2_common/pico_double/double_init_rom.c.obj
                0x10003d24                __aeabi_double_init
 .text.double_table_shim_on_use_helper
                0x10003df4       0x34 CMakeFiles/distance_sensor_3.dir/home/micha/.pico-sdk/sdk/1.5.1/src/rp2_common/pico_double/double_v1_rom_shim.S.obj
                0x10003df4                double_table_shim_on_use_helper
 .text.__aeabi_lmul
                0x10003e28       0x32 CMakeFiles/distance_sensor_3.dir/home/micha/.pico-sdk/sdk/1.5.1/src/rp2_common/pico_int64_ops/pico_int64_ops_aeabi.S.obj
                0x10003e28                __wrap___aeabi_lmul
 *fill*         0x10003e5a        0x2 
 .text.missing_float_func_shim
                0x10003e5c        0xc CMakeFiles/distance_sensor_3.dir/home/micha/.pico-sdk/sdk/1.5.1/src/rp2_common/pico_float/float_init_rom.c.obj
 .text.__aeabi_float_init
                0x10003e68       0x88 CMakeFiles/distance_sensor_3.dir/home/micha/.pico-sdk/sdk/1.5.1/src/rp2_common/pico_float/float_init_rom.c.obj
                0x10003e68                __aeabi_float_init
 .text          0x10003ef0       0x10 CMakeFiles/distance_sensor_3.dir/home/micha/.pico-sdk/sdk/1.5.1/src/rp2_common/pico_mem_ops/mem_ops_aeabi.S.obj
                0x10003ef0                __aeabi_mem_init
 .text.memset   0x10003f00        0xc CMakeFiles/distance_sensor_3.dir/home/micha/.pico-sdk/sdk/1.5.1/src/rp2_common/pico_mem_ops/mem_ops_aeabi.S.obj
                0x10003f00                __wrap_memset
 .text.memcpy   0x10003f0c        0xc CMakeFiles/distance_sensor_3.dir/home/micha/.pico-sdk/sdk/1.5.1/src/rp2_common/pico_mem_ops/mem_ops_aeabi.S.obj
                0x10003f0c                __wrap___aeabi_memcpy
                0x10003f0c                __wrap_memcpy
 .text.stdio_out_chars_no_crlf
                0x10003f18        0xe CMakeFiles/distance_sensor_3.dir/home/micha/.pico-sdk/sdk/1.5.1/src/rp2_common/pico_stdio/stdio.c.obj
 *fill*         0x10003f26        0x2 
 .text.stdio_out_chars_crlf
                0x10003f28       0x80 CMakeFiles/distance_sensor_3.dir/home/micha/.pico-sdk/sdk/1.5.1/src/rp2_common/pico_stdio/stdio.c.obj
 .text.stdio_stack_buffer_flush
                0x10003fa8       0x44 CMakeFiles/distance_sensor_3.dir/home/micha/.pico-sdk/sdk/1.5.1/src/rp2_common/pico_stdio/stdio.c.obj
 .text.stdio_buffered_printer
                0x10003fec       0x20 CMakeFiles/distance_sensor_3.dir/home/micha/.pico-sdk/sdk/1.5.1/src/rp2_common/pico_stdio/stdio.c.obj
 .text.update_us_since_boot
                0x1000400c       0x24 CMakeFiles/distance_sensor_3.dir/home/micha/.pico-sdk/sdk/1.5.1/src/rp2_common/pico_stdio/stdio.c.obj
 .text.get_absolute_time
                0x10004030       0x22 CMakeFiles/distance_sensor_3.dir/home/micha/.pico-sdk/sdk/1.5.1/src/rp2_common/pico_stdio/stdio.c.obj
 *fill*         0x10004052        0x2 
 .text.delayed_by_ms
                0x10004054       0x44 CMakeFiles/distance_sensor_3.dir/home/micha/.pico-sdk/sdk/1.5.1/src/rp2_common/pico_stdio/stdio.c.obj
 .text.make_timeout_time_ms
                0x10004098       0x20 CMakeFiles/distance_sensor_3.dir/home/micha/.pico-sdk/sdk/1.5.1/src/rp2_common/pico_stdio/stdio.c.obj
 .text.stdout_serialize_begin
                0x100040b8       0x20 CMakeFiles/distance_sensor_3.dir/home/micha/.pico-sdk/sdk/1.5.1/src/rp2_common/pico_stdio/stdio.c.obj
                0x100040b8                stdout_serialize_begin
 .text.stdout_serialize_end
                0x100040d8       0x10 CMakeFiles/distance_sensor_3.dir/home/micha/.pico-sdk/sdk/1.5.1/src/rp2_common/pico_stdio/stdio.c.obj
                0x100040d8                stdout_serialize_end
 .text.stdio_put_string
                0x100040e8       0x98 CMakeFiles/distance_sensor_3.dir/home/micha/.pico-sdk/sdk/1.5.1/src/rp2_common/pico_stdio/stdio.c.obj
 .text.stdio_set_driver_enabled
                0x10004180       0x2c CMakeFiles/distance_sensor_3.dir/home/micha/.pico-sdk/sdk/1.5.1/src/rp2_common/pico_stdio/stdio.c.obj
                0x10004180                stdio_set_driver_enabled
 .text.stdio_flush
                0x100041ac       0x20 CMakeFiles/distance_sensor_3.dir/home/micha/.pico-sdk/sdk/1.5.1/src/rp2_common/pico_stdio/stdio.c.obj
                0x100041ac                stdio_flush
 .text.__wrap_puts
                0x100041cc       0x1e CMakeFiles/distance_sensor_3.dir/home/micha/.pico-sdk/sdk/1.5.1/src/rp2_common/pico_stdio/stdio.c.obj
                0x100041cc                __wrap_puts
 *fill*         0x100041ea        0x2 
 .text.__wrap_vprintf
                0x100041ec       0x40 CMakeFiles/distance_sensor_3.dir/home/micha/.pico-sdk/sdk/1.5.1/src/rp2_common/pico_stdio/stdio.c.obj
                0x100041ec                __wrap_vprintf
 .text.__wrap_printf
                0x1000422c       0x18 CMakeFiles/distance_sensor_3.dir/home/micha/.pico-sdk/sdk/1.5.1/src/rp2_common/pico_stdio/stdio.c.obj
                0x1000422c                __wrap_printf
 .text.stdio_init_all
                0x10004244        0xa CMakeFiles/distance_sensor_3.dir/home/micha/.pico-sdk/sdk/1.5.1/src/rp2_common/pico_stdio/stdio.c.obj
                0x10004244                stdio_init_all
 *fill*         0x1000424e        0x2 
 .text.uart_putc
                0x10004250       0x60 CMakeFiles/distance_sensor_3.dir/home/micha/.pico-sdk/sdk/1.5.1/src/rp2_common/pico_stdio_uart/stdio_uart.c.obj
 .text.uart_getc
                0x100042b0       0x24 CMakeFiles/distance_sensor_3.dir/home/micha/.pico-sdk/sdk/1.5.1/src/rp2_common/pico_stdio_uart/stdio_uart.c.obj
 .text.stdio_uart_out_chars
                0x100042d4       0x20 CMakeFiles/distance_sensor_3.dir/home/micha/.pico-sdk/sdk/1.5.1/src/rp2_common/pico_stdio_uart/stdio_uart.c.obj
 .text.stdio_uart_in_chars
                0x100042f4       0x5c CMakeFiles/distance_sensor_3.dir/home/micha/.pico-sdk/sdk/1.5.1/src/rp2_common/pico_stdio_uart/stdio_uart.c.obj
                0x100042f4                stdio_uart_in_chars
 .text.on_uart_rx
                0x10004350       0x28 CMakeFiles/distance_sensor_3.dir/home/micha/.pico-sdk/sdk/1.5.1/src/rp2_common/pico_stdio_uart/stdio_uart.c.obj
 .text.stdio_uart_set_chars_available_callback
                0x10004378       0x8c CMakeFiles/distance_sensor_3.dir/home/micha/.pico-sdk/sdk/1.5.1/src/rp2_common/pico_stdio_uart/stdio_uart.c.obj
 .text.stdio_uart_init_full
                0x10004404       0x44 CMakeFiles/distance_sensor_3.dir/home/micha/.pico-sdk/sdk/1.5.1/src/rp2_common/pico_stdio_uart/stdio_uart.c.obj
                0x10004404                stdio_uart_init_full
 .text.stdio_uart_init
                0x10004448       0x28 CMakeFiles/distance_sensor_3.dir/home/micha/.pico-sdk/sdk/1.5.1/src/rp2_common/pico_stdio_uart/stdio_uart.c.obj
                0x10004448                stdio_uart_init
 .text.to_ms_since_boot
                0x10004470       0x1c CMakeFiles/distance_sensor_3.dir/home/micha/.pico-sdk/sdk/1.5.1/src/rp2_common/pico_lwip/lwip_nosys.c.obj
 .text.update_us_since_boot
                0x1000448c       0x24 CMakeFiles/distance_sensor_3.dir/home/micha/.pico-sdk/sdk/1.5.1/src/rp2_common/pico_lwip/lwip_nosys.c.obj
 .text.delayed_by_ms
                0x100044b0       0x44 CMakeFiles/distance_sensor_3.dir/home/micha/.pico-sdk/sdk/1.5.1/src/rp2_common/pico_lwip/lwip_nosys.c.obj
 .text.lwip_timeout_reached
                0x100044f4       0x2c CMakeFiles/distance_sensor_3.dir/home/micha/.pico-sdk/sdk/1.5.1/src/rp2_common/pico_lwip/lwip_nosys.c.obj
 .text.get_absolute_time
                0x10004520       0x22 CMakeFiles/distance_sensor_3.dir/home/micha/.pico-sdk/sdk/1.5.1/src/rp2_common/pico_lwip/lwip_nosys.c.obj
 .text.make_timeout_time_ms
                0x10004542       0x20 CMakeFiles/distance_sensor_3.dir/home/micha/.pico-sdk/sdk/1.5.1/src/rp2_common/pico_lwip/lwip_nosys.c.obj
 *fill*         0x10004562        0x2 
 .text.update_next_timeout
                0x10004564       0x6c CMakeFiles/distance_sensor_3.dir/home/micha/.pico-sdk/sdk/1.5.1/src/rp2_common/pico_lwip/lwip_nosys.c.obj
 .text.lwip_nosys_init
                0x100045d0       0x34 CMakeFiles/distance_sensor_3.dir/home/micha/.pico-sdk/sdk/1.5.1/src/rp2_common/pico_lwip/lwip_nosys.c.obj
                0x100045d0                lwip_nosys_init
 .text.lwip_nosys_deinit
                0x10004604       0x20 CMakeFiles/distance_sensor_3.dir/home/micha/.pico-sdk/sdk/1.5.1/src/rp2_common/pico_lwip/lwip_nosys.c.obj
                0x10004604                lwip_nosys_deinit
 .text.sys_arch_protect
                0x10004624        0x4 CMakeFiles/distance_sensor_3.dir/home/micha/.pico-sdk/sdk/1.5.1/src/rp2_common/pico_lwip/lwip_nosys.c.obj
                0x10004624                sys_arch_protect
 .text.sys_arch_unprotect
                0x10004628        0x2 CMakeFiles/distance_sensor_3.dir/home/micha/.pico-sdk/sdk/1.5.1/src/rp2_common/pico_lwip/lwip_nosys.c.obj
                0x10004628                sys_arch_unprotect
 .text.sys_now  0x1000462a       0x16 CMakeFiles/distance_sensor_3.dir/home/micha/.pico-sdk/sdk/1.5.1/src/rp2_common/pico_lwip/lwip_nosys.c.obj
                0x1000462a                sys_now
 .text.is_at_the_end_of_time
                0x10004640       0x1c CMakeFiles/distance_sensor_3.dir/home/micha/.pico-sdk/sdk/1.5.1/src/rp2_common/pico_async_context/async_context_base.c.obj
 .text.update_us_since_boot
                0x1000465c       0x24 CMakeFiles/distance_sensor_3.dir/home/micha/.pico-sdk/sdk/1.5.1/src/rp2_common/pico_async_context/async_context_base.c.obj
 .text.get_absolute_time
                0x10004680       0x22 CMakeFiles/distance_sensor_3.dir/home/micha/.pico-sdk/sdk/1.5.1/src/rp2_common/pico_async_context/async_context_base.c.obj
 .text.async_context_base_add_at_time_worker
                0x100046a2       0x1c CMakeFiles/distance_sensor_3.dir/home/micha/.pico-sdk/sdk/1.5.1/src/rp2_common/pico_async_context/async_context_base.c.obj
                0x100046a2                async_context_base_add_at_time_worker
 .text.async_context_base_remove_at_time_worker
                0x100046be       0x1c CMakeFiles/distance_sensor_3.dir/home/micha/.pico-sdk/sdk/1.5.1/src/rp2_common/pico_async_context/async_context_base.c.obj
                0x100046be                async_context_base_remove_at_time_worker
 .text.async_context_base_add_when_pending_worker
                0x100046da       0x1c CMakeFiles/distance_sensor_3.dir/home/micha/.pico-sdk/sdk/1.5.1/src/rp2_common/pico_async_context/async_context_base.c.obj
                0x100046da                async_context_base_add_when_pending_worker
 .text.async_context_base_remove_when_pending_worker
                0x100046f6       0x1c CMakeFiles/distance_sensor_3.dir/home/micha/.pico-sdk/sdk/1.5.1/src/rp2_common/pico_async_context/async_context_base.c.obj
                0x100046f6                async_context_base_remove_when_pending_worker
 *fill*         0x10004712        0x2 
 .text.async_context_base_remove_ready_at_time_worker
                0x10004714       0x78 CMakeFiles/distance_sensor_3.dir/home/micha/.pico-sdk/sdk/1.5.1/src/rp2_common/pico_async_context/async_context_base.c.obj
                0x10004714                async_context_base_remove_ready_at_time_worker
 .text.async_context_base_refresh_next_timeout
                0x1000478c       0x3c CMakeFiles/distance_sensor_3.dir/home/micha/.pico-sdk/sdk/1.5.1/src/rp2_common/pico_async_context/async_context_base.c.obj
                0x1000478c                async_context_base_refresh_next_timeout
 .text.async_context_base_execute_once
                0x100047c8       0x48 CMakeFiles/distance_sensor_3.dir/home/micha/.pico-sdk/sdk/1.5.1/src/rp2_common/pico_async_context/async_context_base.c.obj
                0x100047c8                async_context_base_execute_once
 .text.splitmix64
                0x10004810       0x58 CMakeFiles/distance_sensor_3.dir/home/micha/.pico-sdk/sdk/1.5.1/src/rp2_common/pico_rand/rand.c.obj
 .text.sdbm_hash64_sram
                0x10004868       0x64 CMakeFiles/distance_sensor_3.dir/home/micha/.pico-sdk/sdk/1.5.1/src/rp2_common/pico_rand/rand.c.obj
 .text.xoroshiro128ss
                0x100048cc       0xb8 CMakeFiles/distance_sensor_3.dir/home/micha/.pico-sdk/sdk/1.5.1/src/rp2_common/pico_rand/rand.c.obj
 .text.update_us_since_boot
                0x10004984       0x24 CMakeFiles/distance_sensor_3.dir/home/micha/.pico-sdk/sdk/1.5.1/src/rp2_common/pico_rand/rand.c.obj
 .text.get_absolute_time
                0x100049a8       0x22 CMakeFiles/distance_sensor_3.dir/home/micha/.pico-sdk/sdk/1.5.1/src/rp2_common/pico_rand/rand.c.obj
 *fill*         0x100049ca        0x2 
 .text.delayed_by_us
                0x100049cc       0x34 CMakeFiles/distance_sensor_3.dir/home/micha/.pico-sdk/sdk/1.5.1/src/rp2_common/pico_rand/rand.c.obj
 .text.make_timeout_time_us
                0x10004a00       0x24 CMakeFiles/distance_sensor_3.dir/home/micha/.pico-sdk/sdk/1.5.1/src/rp2_common/pico_rand/rand.c.obj
 .text.capture_additional_rosc_samples
                0x10004a24      0x164 CMakeFiles/distance_sensor_3.dir/home/micha/.pico-sdk/sdk/1.5.1/src/rp2_common/pico_rand/rand.c.obj
 .text.initialise_rand
                0x10004b88      0x110 CMakeFiles/distance_sensor_3.dir/home/micha/.pico-sdk/sdk/1.5.1/src/rp2_common/pico_rand/rand.c.obj
 .text.get_rand_64
                0x10004c98      0x10c CMakeFiles/distance_sensor_3.dir/home/micha/.pico-sdk/sdk/1.5.1/src/rp2_common/pico_rand/rand.c.obj
                0x10004c98                get_rand_64
 .text.get_rand_32
                0x10004da4        0x8 CMakeFiles/distance_sensor_3.dir/home/micha/.pico-sdk/sdk/1.5.1/src/rp2_common/pico_rand/rand.c.obj
                0x10004da4                get_rand_32
 .text._retrieve_unique_id_on_boot
                0x10004dac       0x10 CMakeFiles/distance_sensor_3.dir/home/micha/.pico-sdk/sdk/1.5.1/src/rp2_common/pico_unique_id/unique_id.c.obj
 .text.pico_get_unique_board_id
                0x10004dbc       0x10 CMakeFiles/distance_sensor_3.dir/home/micha/.pico-sdk/sdk/1.5.1/src/rp2_common/pico_unique_id/unique_id.c.obj
                0x10004dbc                pico_get_unique_board_id
 .text.flash_get_unique_id
                0x10004dcc       0x40 CMakeFiles/distance_sensor_3.dir/home/micha/.pico-sdk/sdk/1.5.1/src/rp2_common/hardware_flash/flash.c.obj
                0x10004dcc                flash_get_unique_id
 .text.lwip_init
                0x10004e0c       0x24 CMakeFiles/distance_sensor_3.dir/home/micha/.pico-sdk/sdk/1.5.1/lib/lwip/src/core/init.c.obj
                0x10004e0c                lwip_init
 .text.lwip_htons
                0x10004e30        0xa CMakeFiles/distance_sensor_3.dir/home/micha/.pico-sdk/sdk/1.5.1/lib/lwip/src/core/def.c.obj
                0x10004e30                lwip_htons
 .text.lwip_htonl
                0x10004e3a       0x1e CMakeFiles/distance_sensor_3.dir/home/micha/.pico-sdk/sdk/1.5.1/lib/lwip/src/core/def.c.obj
                0x10004e3a                lwip_htonl
 .text.dns_backupserver_available
                0x10004e58       0x28 CMakeFiles/distance_sensor_3.dir/home/micha/.pico-sdk/sdk/1.5.1/lib/lwip/src/core/dns.c.obj
 .text.dns_create_txid
                0x10004e80       0x3c CMakeFiles/distance_sensor_3.dir/home/micha/.pico-sdk/sdk/1.5.1/lib/lwip/src/core/dns.c.obj
 .text.dns_call_found
                0x10004ebc       0xf4 CMakeFiles/distance_sensor_3.dir/home/micha/.pico-sdk/sdk/1.5.1/lib/lwip/src/core/dns.c.obj
 .text.dns_send
                0x10004fb0      0x17c CMakeFiles/distance_sensor_3.dir/home/micha/.pico-sdk/sdk/1.5.1/lib/lwip/src/core/dns.c.obj
 .text.dns_check_entry
                0x1000512c      0x11c CMakeFiles/distance_sensor_3.dir/home/micha/.pico-sdk/sdk/1.5.1/lib/lwip/src/core/dns.c.obj
 .text.dns_check_entries
                0x10005248       0x16 CMakeFiles/distance_sensor_3.dir/home/micha/.pico-sdk/sdk/1.5.1/lib/lwip/src/core/dns.c.obj
 .text.dns_init
                0x1000525e        0x2 CMakeFiles/distance_sensor_3.dir/home/micha/.pico-sdk/sdk/1.5.1/lib/lwip/src/core/dns.c.obj
                0x1000525e                dns_init
 .text.dns_setserver
                0x10005260       0x28 CMakeFiles/distance_sensor_3.dir/home/micha/.pico-sdk/sdk/1.5.1/lib/lwip/src/core/dns.c.obj
                0x10005260                dns_setserver
 .text.dns_tmr  0x10005288        0x8 CMakeFiles/distance_sensor_3.dir/home/micha/.pico-sdk/sdk/1.5.1/lib/lwip/src/core/dns.c.obj
                0x10005288                dns_tmr
 .text.lwip_standard_chksum
                0x10005290       0xa0 CMakeFiles/distance_sensor_3.dir/home/micha/.pico-sdk/sdk/1.5.1/lib/lwip/src/core/inet_chksum.c.obj
                0x10005290                lwip_standard_chksum
 .text.inet_cksum_pseudo_base
                0x10005330       0x82 CMakeFiles/distance_sensor_3.dir/home/micha/.pico-sdk/sdk/1.5.1/lib/lwip/src/core/inet_chksum.c.obj
 .text.inet_chksum_pseudo
                0x100053b2       0x30 CMakeFiles/distance_sensor_3.dir/home/micha/.pico-sdk/sdk/1.5.1/lib/lwip/src/core/inet_chksum.c.obj
                0x100053b2                inet_chksum_pseudo
 .text.ip_chksum_pseudo
                0x100053e2       0x10 CMakeFiles/distance_sensor_3.dir/home/micha/.pico-sdk/sdk/1.5.1/lib/lwip/src/core/inet_chksum.c.obj
                0x100053e2                ip_chksum_pseudo
 .text.inet_chksum
                0x100053f2        0xc CMakeFiles/distance_sensor_3.dir/home/micha/.pico-sdk/sdk/1.5.1/lib/lwip/src/core/inet_chksum.c.obj
                0x100053f2                inet_chksum
 .text.inet_chksum_pbuf
                0x100053fe       0x52 CMakeFiles/distance_sensor_3.dir/home/micha/.pico-sdk/sdk/1.5.1/lib/lwip/src/core/inet_chksum.c.obj
                0x100053fe                inet_chksum_pbuf
 .text.ptr_to_mem
                0x10005450        0xc CMakeFiles/distance_sensor_3.dir/home/micha/.pico-sdk/sdk/1.5.1/lib/lwip/src/core/mem.c.obj
 .text.mem_to_ptr
                0x1000545c       0x10 CMakeFiles/distance_sensor_3.dir/home/micha/.pico-sdk/sdk/1.5.1/lib/lwip/src/core/mem.c.obj
 .text.mem_link_valid
                0x1000546c       0x5c CMakeFiles/distance_sensor_3.dir/home/micha/.pico-sdk/sdk/1.5.1/lib/lwip/src/core/mem.c.obj
 .text.plug_holes
                0x100054c8       0xd0 CMakeFiles/distance_sensor_3.dir/home/micha/.pico-sdk/sdk/1.5.1/lib/lwip/src/core/mem.c.obj
 .text.mem_init
                0x10005598       0x40 CMakeFiles/distance_sensor_3.dir/home/micha/.pico-sdk/sdk/1.5.1/lib/lwip/src/core/mem.c.obj
                0x10005598                mem_init
 .text.mem_free
                0x100055d8       0x84 CMakeFiles/distance_sensor_3.dir/home/micha/.pico-sdk/sdk/1.5.1/lib/lwip/src/core/mem.c.obj
                0x100055d8                mem_free
 .text.mem_trim
                0x1000565c      0x134 CMakeFiles/distance_sensor_3.dir/home/micha/.pico-sdk/sdk/1.5.1/lib/lwip/src/core/mem.c.obj
                0x1000565c                mem_trim
 .text.mem_malloc
                0x10005790      0x134 CMakeFiles/distance_sensor_3.dir/home/micha/.pico-sdk/sdk/1.5.1/lib/lwip/src/core/mem.c.obj
                0x10005790                mem_malloc
 .text.do_memp_malloc_pool
                0x100058c4       0x30 CMakeFiles/distance_sensor_3.dir/home/micha/.pico-sdk/sdk/1.5.1/lib/lwip/src/core/memp.c.obj
 .text.do_memp_free_pool
                0x100058f4       0x28 CMakeFiles/distance_sensor_3.dir/home/micha/.pico-sdk/sdk/1.5.1/lib/lwip/src/core/memp.c.obj
 .text.memp_init_pool
                0x1000591c       0x2a CMakeFiles/distance_sensor_3.dir/home/micha/.pico-sdk/sdk/1.5.1/lib/lwip/src/core/memp.c.obj
                0x1000591c                memp_init_pool
 *fill*         0x10005946        0x2 
 .text.memp_init
                0x10005948       0x20 CMakeFiles/distance_sensor_3.dir/home/micha/.pico-sdk/sdk/1.5.1/lib/lwip/src/core/memp.c.obj
                0x10005948                memp_init
 .text.memp_malloc
                0x10005968       0x24 CMakeFiles/distance_sensor_3.dir/home/micha/.pico-sdk/sdk/1.5.1/lib/lwip/src/core/memp.c.obj
                0x10005968                memp_malloc
 .text.memp_free
                0x1000598c       0x28 CMakeFiles/distance_sensor_3.dir/home/micha/.pico-sdk/sdk/1.5.1/lib/lwip/src/core/memp.c.obj
                0x1000598c                memp_free
 .text.netif_do_set_netmask
                0x100059b4       0x12 CMakeFiles/distance_sensor_3.dir/home/micha/.pico-sdk/sdk/1.5.1/lib/lwip/src/core/netif.c.obj
 .text.netif_do_set_gw
                0x100059c6       0x12 CMakeFiles/distance_sensor_3.dir/home/micha/.pico-sdk/sdk/1.5.1/lib/lwip/src/core/netif.c.obj
 .text.netif_null_output_ip4
                0x100059d8        0x6 CMakeFiles/distance_sensor_3.dir/home/micha/.pico-sdk/sdk/1.5.1/lib/lwip/src/core/netif.c.obj
 .text.netif_do_ip_addr_changed
                0x100059de       0x1c CMakeFiles/distance_sensor_3.dir/home/micha/.pico-sdk/sdk/1.5.1/lib/lwip/src/core/netif.c.obj
 *fill*         0x100059fa        0x2 
 .text.netif_issue_reports
                0x100059fc       0x34 CMakeFiles/distance_sensor_3.dir/home/micha/.pico-sdk/sdk/1.5.1/lib/lwip/src/core/netif.c.obj
 .text.netif_do_set_ipaddr
                0x10005a30       0x54 CMakeFiles/distance_sensor_3.dir/home/micha/.pico-sdk/sdk/1.5.1/lib/lwip/src/core/netif.c.obj
 .text.netif_init
                0x10005a84        0x2 CMakeFiles/distance_sensor_3.dir/home/micha/.pico-sdk/sdk/1.5.1/lib/lwip/src/core/netif.c.obj
                0x10005a84                netif_init
 *fill*         0x10005a86        0x2 
 .text.netif_set_addr
                0x10005a88       0x78 CMakeFiles/distance_sensor_3.dir/home/micha/.pico-sdk/sdk/1.5.1/lib/lwip/src/core/netif.c.obj
                0x10005a88                netif_set_addr
 .text.netif_add
                0x10005b00      0x124 CMakeFiles/distance_sensor_3.dir/home/micha/.pico-sdk/sdk/1.5.1/lib/lwip/src/core/netif.c.obj
                0x10005b00                netif_add
 .text.netif_set_default
                0x10005c24        0xc CMakeFiles/distance_sensor_3.dir/home/micha/.pico-sdk/sdk/1.5.1/lib/lwip/src/core/netif.c.obj
                0x10005c24                netif_set_default
 .text.netif_set_up
                0x10005c30       0x34 CMakeFiles/distance_sensor_3.dir/home/micha/.pico-sdk/sdk/1.5.1/lib/lwip/src/core/netif.c.obj
                0x10005c30                netif_set_up
 .text.netif_set_down
                0x10005c64       0x3c CMakeFiles/distance_sensor_3.dir/home/micha/.pico-sdk/sdk/1.5.1/lib/lwip/src/core/netif.c.obj
                0x10005c64                netif_set_down
 .text.netif_remove
                0x10005ca0       0x64 CMakeFiles/distance_sensor_3.dir/home/micha/.pico-sdk/sdk/1.5.1/lib/lwip/src/core/netif.c.obj
                0x10005ca0                netif_remove
 .text.netif_set_link_up
                0x10005d04       0x3c CMakeFiles/distance_sensor_3.dir/home/micha/.pico-sdk/sdk/1.5.1/lib/lwip/src/core/netif.c.obj
                0x10005d04                netif_set_link_up
 .text.netif_set_link_down
                0x10005d40       0x2c CMakeFiles/distance_sensor_3.dir/home/micha/.pico-sdk/sdk/1.5.1/lib/lwip/src/core/netif.c.obj
                0x10005d40                netif_set_link_down
 .text.netif_get_by_index
                0x10005d6c       0x24 CMakeFiles/distance_sensor_3.dir/home/micha/.pico-sdk/sdk/1.5.1/lib/lwip/src/core/netif.c.obj
                0x10005d6c                netif_get_by_index
 .text.pbuf_init_alloced_pbuf
                0x10005d90       0x20 CMakeFiles/distance_sensor_3.dir/home/micha/.pico-sdk/sdk/1.5.1/lib/lwip/src/core/pbuf.c.obj
 .text.pbuf_skip_const
                0x10005db0       0x1a CMakeFiles/distance_sensor_3.dir/home/micha/.pico-sdk/sdk/1.5.1/lib/lwip/src/core/pbuf.c.obj
 *fill*         0x10005dca        0x2 
 .text.pbuf_pool_is_empty
                0x10005dcc       0x18 CMakeFiles/distance_sensor_3.dir/home/micha/.pico-sdk/sdk/1.5.1/lib/lwip/src/core/pbuf.c.obj
 .text.pbuf_add_header_impl
                0x10005de4       0x68 CMakeFiles/distance_sensor_3.dir/home/micha/.pico-sdk/sdk/1.5.1/lib/lwip/src/core/pbuf.c.obj
 .text.pbuf_free_ooseq
                0x10005e4c       0x30 CMakeFiles/distance_sensor_3.dir/home/micha/.pico-sdk/sdk/1.5.1/lib/lwip/src/core/pbuf.c.obj
                0x10005e4c                pbuf_free_ooseq
 .text.pbuf_alloc_reference
                0x10005e7c       0x3c CMakeFiles/distance_sensor_3.dir/home/micha/.pico-sdk/sdk/1.5.1/lib/lwip/src/core/pbuf.c.obj
                0x10005e7c                pbuf_alloc_reference
 .text.pbuf_add_header
                0x10005eb8        0xa CMakeFiles/distance_sensor_3.dir/home/micha/.pico-sdk/sdk/1.5.1/lib/lwip/src/core/pbuf.c.obj
                0x10005eb8                pbuf_add_header
 *fill*         0x10005ec2        0x2 
 .text.pbuf_remove_header
                0x10005ec4       0x50 CMakeFiles/distance_sensor_3.dir/home/micha/.pico-sdk/sdk/1.5.1/lib/lwip/src/core/pbuf.c.obj
                0x10005ec4                pbuf_remove_header
 .text.pbuf_header_impl
                0x10005f14       0x14 CMakeFiles/distance_sensor_3.dir/home/micha/.pico-sdk/sdk/1.5.1/lib/lwip/src/core/pbuf.c.obj
 .text.pbuf_header_force
                0x10005f28        0xa CMakeFiles/distance_sensor_3.dir/home/micha/.pico-sdk/sdk/1.5.1/lib/lwip/src/core/pbuf.c.obj
                0x10005f28                pbuf_header_force
 *fill*         0x10005f32        0x2 
 .text.pbuf_free
                0x10005f34       0x7c CMakeFiles/distance_sensor_3.dir/home/micha/.pico-sdk/sdk/1.5.1/lib/lwip/src/core/pbuf.c.obj
                0x10005f34                pbuf_free
 .text.pbuf_alloc
                0x10005fb0      0x144 CMakeFiles/distance_sensor_3.dir/home/micha/.pico-sdk/sdk/1.5.1/lib/lwip/src/core/pbuf.c.obj
                0x10005fb0                pbuf_alloc
 .text.pbuf_realloc
                0x100060f4       0x84 CMakeFiles/distance_sensor_3.dir/home/micha/.pico-sdk/sdk/1.5.1/lib/lwip/src/core/pbuf.c.obj
                0x100060f4                pbuf_realloc
 .text.pbuf_clen
                0x10006178       0x12 CMakeFiles/distance_sensor_3.dir/home/micha/.pico-sdk/sdk/1.5.1/lib/lwip/src/core/pbuf.c.obj
                0x10006178                pbuf_clen
 *fill*         0x1000618a        0x2 
 .text.pbuf_ref
                0x1000618c       0x28 CMakeFiles/distance_sensor_3.dir/home/micha/.pico-sdk/sdk/1.5.1/lib/lwip/src/core/pbuf.c.obj
                0x1000618c                pbuf_ref
 .text.pbuf_cat
                0x100061b4       0x44 CMakeFiles/distance_sensor_3.dir/home/micha/.pico-sdk/sdk/1.5.1/lib/lwip/src/core/pbuf.c.obj
                0x100061b4                pbuf_cat
 .text.pbuf_chain
                0x100061f8       0x10 CMakeFiles/distance_sensor_3.dir/home/micha/.pico-sdk/sdk/1.5.1/lib/lwip/src/core/pbuf.c.obj
                0x100061f8                pbuf_chain
 .text.pbuf_copy_partial_pbuf
                0x10006208      0x13c CMakeFiles/distance_sensor_3.dir/home/micha/.pico-sdk/sdk/1.5.1/lib/lwip/src/core/pbuf.c.obj
                0x10006208                pbuf_copy_partial_pbuf
 .text.pbuf_copy
                0x10006344       0x20 CMakeFiles/distance_sensor_3.dir/home/micha/.pico-sdk/sdk/1.5.1/lib/lwip/src/core/pbuf.c.obj
                0x10006344                pbuf_copy
 .text.pbuf_copy_partial
                0x10006364       0x88 CMakeFiles/distance_sensor_3.dir/home/micha/.pico-sdk/sdk/1.5.1/lib/lwip/src/core/pbuf.c.obj
                0x10006364                pbuf_copy_partial
 .text.pbuf_skip
                0x100063ec        0x8 CMakeFiles/distance_sensor_3.dir/home/micha/.pico-sdk/sdk/1.5.1/lib/lwip/src/core/pbuf.c.obj
                0x100063ec                pbuf_skip
 .text.pbuf_take
                0x100063f4       0x98 CMakeFiles/distance_sensor_3.dir/home/micha/.pico-sdk/sdk/1.5.1/lib/lwip/src/core/pbuf.c.obj
                0x100063f4                pbuf_take
 .text.pbuf_take_at
                0x1000648c       0x70 CMakeFiles/distance_sensor_3.dir/home/micha/.pico-sdk/sdk/1.5.1/lib/lwip/src/core/pbuf.c.obj
                0x1000648c                pbuf_take_at
 .text.pbuf_clone
                0x100064fc       0x2c CMakeFiles/distance_sensor_3.dir/home/micha/.pico-sdk/sdk/1.5.1/lib/lwip/src/core/pbuf.c.obj
                0x100064fc                pbuf_clone
 .text.pbuf_put_at
                0x10006528       0x26 CMakeFiles/distance_sensor_3.dir/home/micha/.pico-sdk/sdk/1.5.1/lib/lwip/src/core/pbuf.c.obj
                0x10006528                pbuf_put_at
 *fill*         0x1000654e        0x2 
 .text.raw_input_local_match
                0x10006550       0x5c CMakeFiles/distance_sensor_3.dir/home/micha/.pico-sdk/sdk/1.5.1/lib/lwip/src/core/raw.c.obj
 .text.raw_input
                0x100065ac       0xb4 CMakeFiles/distance_sensor_3.dir/home/micha/.pico-sdk/sdk/1.5.1/lib/lwip/src/core/raw.c.obj
                0x100065ac                raw_input
 .text.raw_netif_ip_addr_changed
                0x10006660       0x38 CMakeFiles/distance_sensor_3.dir/home/micha/.pico-sdk/sdk/1.5.1/lib/lwip/src/core/raw.c.obj
                0x10006660                raw_netif_ip_addr_changed
 .text.stats_init
                0x10006698        0x2 CMakeFiles/distance_sensor_3.dir/home/micha/.pico-sdk/sdk/1.5.1/lib/lwip/src/core/stats.c.obj
                0x10006698                stats_init
 *fill*         0x1000669a        0x2 
 .text.tcp_remove_listener
                0x1000669c       0x24 CMakeFiles/distance_sensor_3.dir/home/micha/.pico-sdk/sdk/1.5.1/lib/lwip/src/core/tcp.c.obj
 .text.tcp_listen_closed
                0x100066c0       0x40 CMakeFiles/distance_sensor_3.dir/home/micha/.pico-sdk/sdk/1.5.1/lib/lwip/src/core/tcp.c.obj
 .text.tcp_free_listen
                0x10006700       0x1c CMakeFiles/distance_sensor_3.dir/home/micha/.pico-sdk/sdk/1.5.1/lib/lwip/src/core/tcp.c.obj
 .text.tcp_close_shutdown_fin
                0x1000671c       0x64 CMakeFiles/distance_sensor_3.dir/home/micha/.pico-sdk/sdk/1.5.1/lib/lwip/src/core/tcp.c.obj
 .text.tcp_handle_closepend
                0x10006780       0x28 CMakeFiles/distance_sensor_3.dir/home/micha/.pico-sdk/sdk/1.5.1/lib/lwip/src/core/tcp.c.obj
 .text.tcp_init
                0x100067a8       0x20 CMakeFiles/distance_sensor_3.dir/home/micha/.pico-sdk/sdk/1.5.1/lib/lwip/src/core/tcp.c.obj
                0x100067a8                tcp_init
 .text.tcp_free
                0x100067c8       0x1c CMakeFiles/distance_sensor_3.dir/home/micha/.pico-sdk/sdk/1.5.1/lib/lwip/src/core/tcp.c.obj
                0x100067c8                tcp_free
 .text.tcp_update_rcv_ann_wnd
                0x100067e4       0x58 CMakeFiles/distance_sensor_3.dir/home/micha/.pico-sdk/sdk/1.5.1/lib/lwip/src/core/tcp.c.obj
                0x100067e4                tcp_update_rcv_ann_wnd
 .text.tcp_recved
                0x1000683c       0x60 CMakeFiles/distance_sensor_3.dir/home/micha/.pico-sdk/sdk/1.5.1/lib/lwip/src/core/tcp.c.obj
                0x1000683c                tcp_recved
 .text.tcp_seg_free
                0x1000689c       0x1a CMakeFiles/distance_sensor_3.dir/home/micha/.pico-sdk/sdk/1.5.1/lib/lwip/src/core/tcp.c.obj
                0x1000689c                tcp_seg_free
 .text.tcp_segs_free
                0x100068b6       0x12 CMakeFiles/distance_sensor_3.dir/home/micha/.pico-sdk/sdk/1.5.1/lib/lwip/src/core/tcp.c.obj
                0x100068b6                tcp_segs_free
 .text.tcp_seg_copy
                0x100068c8       0x2c CMakeFiles/distance_sensor_3.dir/home/micha/.pico-sdk/sdk/1.5.1/lib/lwip/src/core/tcp.c.obj
                0x100068c8                tcp_seg_copy
 .text.tcp_next_iss
                0x100068f4       0x28 CMakeFiles/distance_sensor_3.dir/home/micha/.pico-sdk/sdk/1.5.1/lib/lwip/src/core/tcp.c.obj
                0x100068f4                tcp_next_iss
 .text.tcp_eff_send_mss_netif
                0x1000691c       0x34 CMakeFiles/distance_sensor_3.dir/home/micha/.pico-sdk/sdk/1.5.1/lib/lwip/src/core/tcp.c.obj
                0x1000691c                tcp_eff_send_mss_netif
 .text.tcp_free_ooseq
                0x10006950       0x14 CMakeFiles/distance_sensor_3.dir/home/micha/.pico-sdk/sdk/1.5.1/lib/lwip/src/core/tcp.c.obj
                0x10006950                tcp_free_ooseq
 .text.tcp_pcb_purge
                0x10006964       0x58 CMakeFiles/distance_sensor_3.dir/home/micha/.pico-sdk/sdk/1.5.1/lib/lwip/src/core/tcp.c.obj
                0x10006964                tcp_pcb_purge
 .text.tcp_pcb_remove
                0x100069bc       0xa4 CMakeFiles/distance_sensor_3.dir/home/micha/.pico-sdk/sdk/1.5.1/lib/lwip/src/core/tcp.c.obj
                0x100069bc                tcp_pcb_remove
 .text.tcp_abandon
                0x10006a60      0x10c CMakeFiles/distance_sensor_3.dir/home/micha/.pico-sdk/sdk/1.5.1/lib/lwip/src/core/tcp.c.obj
                0x10006a60                tcp_abandon
 .text.tcp_abort
                0x10006b6c        0xa CMakeFiles/distance_sensor_3.dir/home/micha/.pico-sdk/sdk/1.5.1/lib/lwip/src/core/tcp.c.obj
                0x10006b6c                tcp_abort
 *fill*         0x10006b76        0x2 
 .text.tcp_kill_timewait
                0x10006b78       0x38 CMakeFiles/distance_sensor_3.dir/home/micha/.pico-sdk/sdk/1.5.1/lib/lwip/src/core/tcp.c.obj
 .text.tcp_kill_prio
                0x10006bb0       0x58 CMakeFiles/distance_sensor_3.dir/home/micha/.pico-sdk/sdk/1.5.1/lib/lwip/src/core/tcp.c.obj
 .text.tcp_netif_ip_addr_changed_pcblist
                0x10006c08       0x30 CMakeFiles/distance_sensor_3.dir/home/micha/.pico-sdk/sdk/1.5.1/lib/lwip/src/core/tcp.c.obj
 .text.tcp_netif_ip_addr_changed
                0x10006c38       0x54 CMakeFiles/distance_sensor_3.dir/home/micha/.pico-sdk/sdk/1.5.1/lib/lwip/src/core/tcp.c.obj
                0x10006c38                tcp_netif_ip_addr_changed
 .text.tcp_kill_state
                0x10006c8c       0x54 CMakeFiles/distance_sensor_3.dir/home/micha/.pico-sdk/sdk/1.5.1/lib/lwip/src/core/tcp.c.obj
 .text.tcp_alloc
                0x10006ce0       0xc8 CMakeFiles/distance_sensor_3.dir/home/micha/.pico-sdk/sdk/1.5.1/lib/lwip/src/core/tcp.c.obj
                0x10006ce0                tcp_alloc
 .text.tcp_close_shutdown
                0x10006da8      0x13c CMakeFiles/distance_sensor_3.dir/home/micha/.pico-sdk/sdk/1.5.1/lib/lwip/src/core/tcp.c.obj
 .text.tcp_close
                0x10006ee4       0x2c CMakeFiles/distance_sensor_3.dir/home/micha/.pico-sdk/sdk/1.5.1/lib/lwip/src/core/tcp.c.obj
                0x10006ee4                tcp_close
 .text.tcp_recv_null
                0x10006f10       0x3c CMakeFiles/distance_sensor_3.dir/home/micha/.pico-sdk/sdk/1.5.1/lib/lwip/src/core/tcp.c.obj
                0x10006f10                tcp_recv_null
 .text.tcp_process_refused_data
                0x10006f4c       0x88 CMakeFiles/distance_sensor_3.dir/home/micha/.pico-sdk/sdk/1.5.1/lib/lwip/src/core/tcp.c.obj
                0x10006f4c                tcp_process_refused_data
 .text.tcp_fasttmr
                0x10006fd4       0x80 CMakeFiles/distance_sensor_3.dir/home/micha/.pico-sdk/sdk/1.5.1/lib/lwip/src/core/tcp.c.obj
                0x10006fd4                tcp_fasttmr
 .text.tcp_slowtmr
                0x10007054      0x44c CMakeFiles/distance_sensor_3.dir/home/micha/.pico-sdk/sdk/1.5.1/lib/lwip/src/core/tcp.c.obj
                0x10007054                tcp_slowtmr
 .text.tcp_tmr  0x100074a0       0x20 CMakeFiles/distance_sensor_3.dir/home/micha/.pico-sdk/sdk/1.5.1/lib/lwip/src/core/tcp.c.obj
                0x100074a0                tcp_tmr
 .text.tcp_get_next_optbyte
                0x100074c0       0x40 CMakeFiles/distance_sensor_3.dir/home/micha/.pico-sdk/sdk/1.5.1/lib/lwip/src/core/tcp_in.c.obj
 .text.tcp_parseopt
                0x10007500       0x98 CMakeFiles/distance_sensor_3.dir/home/micha/.pico-sdk/sdk/1.5.1/lib/lwip/src/core/tcp_in.c.obj
 .text.tcp_input_delayed_close
                0x10007598       0x4c CMakeFiles/distance_sensor_3.dir/home/micha/.pico-sdk/sdk/1.5.1/lib/lwip/src/core/tcp_in.c.obj
 .text.tcp_timewait_input
                0x100075e4       0xa0 CMakeFiles/distance_sensor_3.dir/home/micha/.pico-sdk/sdk/1.5.1/lib/lwip/src/core/tcp_in.c.obj
 .text.tcp_listen_input
                0x10007684      0x15c CMakeFiles/distance_sensor_3.dir/home/micha/.pico-sdk/sdk/1.5.1/lib/lwip/src/core/tcp_in.c.obj
 .text.tcp_free_acked_segments
                0x100077e0       0xc0 CMakeFiles/distance_sensor_3.dir/home/micha/.pico-sdk/sdk/1.5.1/lib/lwip/src/core/tcp_in.c.obj
 .text.tcp_oos_insert_segment
                0x100078a0       0xd4 CMakeFiles/distance_sensor_3.dir/home/micha/.pico-sdk/sdk/1.5.1/lib/lwip/src/core/tcp_in.c.obj
 .text.tcp_receive
                0x10007974      0x9c8 CMakeFiles/distance_sensor_3.dir/home/micha/.pico-sdk/sdk/1.5.1/lib/lwip/src/core/tcp_in.c.obj
 .text.tcp_process
                0x1000833c      0x55c CMakeFiles/distance_sensor_3.dir/home/micha/.pico-sdk/sdk/1.5.1/lib/lwip/src/core/tcp_in.c.obj
 .text.tcp_input
                0x10008898      0x660 CMakeFiles/distance_sensor_3.dir/home/micha/.pico-sdk/sdk/1.5.1/lib/lwip/src/core/tcp_in.c.obj
                0x10008898                tcp_input
 .text.tcp_trigger_input_pcb_close
                0x10008ef8       0x10 CMakeFiles/distance_sensor_3.dir/home/micha/.pico-sdk/sdk/1.5.1/lib/lwip/src/core/tcp_in.c.obj
                0x10008ef8                tcp_trigger_input_pcb_close
 .text.tcp_output_segment_busy
                0x10008f08       0x20 CMakeFiles/distance_sensor_3.dir/home/micha/.pico-sdk/sdk/1.5.1/lib/lwip/src/core/tcp_out.c.obj
 .text.tcp_output_fill_options
                0x10008f28       0x30 CMakeFiles/distance_sensor_3.dir/home/micha/.pico-sdk/sdk/1.5.1/lib/lwip/src/core/tcp_out.c.obj
 .text.tcp_create_segment
                0x10008f58       0xf4 CMakeFiles/distance_sensor_3.dir/home/micha/.pico-sdk/sdk/1.5.1/lib/lwip/src/core/tcp_out.c.obj
 .text.tcp_output_alloc_header_common
                0x1000904c       0xd0 CMakeFiles/distance_sensor_3.dir/home/micha/.pico-sdk/sdk/1.5.1/lib/lwip/src/core/tcp_out.c.obj
 .text.tcp_output_alloc_header
                0x1000911c       0x38 CMakeFiles/distance_sensor_3.dir/home/micha/.pico-sdk/sdk/1.5.1/lib/lwip/src/core/tcp_out.c.obj
 .text.tcp_rst_common
                0x10009154       0x68 CMakeFiles/distance_sensor_3.dir/home/micha/.pico-sdk/sdk/1.5.1/lib/lwip/src/core/tcp_out.c.obj
 .text.tcp_route
                0x100091bc       0x1a CMakeFiles/distance_sensor_3.dir/home/micha/.pico-sdk/sdk/1.5.1/lib/lwip/src/core/tcp_out.c.obj
 *fill*         0x100091d6        0x2 
 .text.tcp_output_segment
                0x100091d8      0x164 CMakeFiles/distance_sensor_3.dir/home/micha/.pico-sdk/sdk/1.5.1/lib/lwip/src/core/tcp_out.c.obj
 .text.tcp_output_control_segment_netif
                0x1000933c       0x84 CMakeFiles/distance_sensor_3.dir/home/micha/.pico-sdk/sdk/1.5.1/lib/lwip/src/core/tcp_out.c.obj
 .text.tcp_output_control_segment
                0x100093c0       0x44 CMakeFiles/distance_sensor_3.dir/home/micha/.pico-sdk/sdk/1.5.1/lib/lwip/src/core/tcp_out.c.obj
 .text.tcp_split_unsent_seg
                0x10009404      0x1d8 CMakeFiles/distance_sensor_3.dir/home/micha/.pico-sdk/sdk/1.5.1/lib/lwip/src/core/tcp_out.c.obj
                0x10009404                tcp_split_unsent_seg
 .text.tcp_enqueue_flags
                0x100095dc      0x11c CMakeFiles/distance_sensor_3.dir/home/micha/.pico-sdk/sdk/1.5.1/lib/lwip/src/core/tcp_out.c.obj
                0x100095dc                tcp_enqueue_flags
 .text.tcp_send_fin
                0x100096f8       0x68 CMakeFiles/distance_sensor_3.dir/home/micha/.pico-sdk/sdk/1.5.1/lib/lwip/src/core/tcp_out.c.obj
                0x100096f8                tcp_send_fin
 .text.tcp_rexmit_rto_prepare
                0x10009760       0xac CMakeFiles/distance_sensor_3.dir/home/micha/.pico-sdk/sdk/1.5.1/lib/lwip/src/core/tcp_out.c.obj
                0x10009760                tcp_rexmit_rto_prepare
 .text.tcp_rexmit
                0x1000980c       0xa4 CMakeFiles/distance_sensor_3.dir/home/micha/.pico-sdk/sdk/1.5.1/lib/lwip/src/core/tcp_out.c.obj
                0x1000980c                tcp_rexmit
 .text.tcp_rexmit_fast
                0x100098b0       0x68 CMakeFiles/distance_sensor_3.dir/home/micha/.pico-sdk/sdk/1.5.1/lib/lwip/src/core/tcp_out.c.obj
                0x100098b0                tcp_rexmit_fast
 .text.tcp_rst  0x10009918       0x32 CMakeFiles/distance_sensor_3.dir/home/micha/.pico-sdk/sdk/1.5.1/lib/lwip/src/core/tcp_out.c.obj
                0x10009918                tcp_rst
 .text.tcp_rst_netif
                0x1000994a       0x38 CMakeFiles/distance_sensor_3.dir/home/micha/.pico-sdk/sdk/1.5.1/lib/lwip/src/core/tcp_out.c.obj
                0x1000994a                tcp_rst_netif
 *fill*         0x10009982        0x2 
 .text.tcp_send_empty_ack
                0x10009984       0x64 CMakeFiles/distance_sensor_3.dir/home/micha/.pico-sdk/sdk/1.5.1/lib/lwip/src/core/tcp_out.c.obj
                0x10009984                tcp_send_empty_ack
 .text.tcp_output
                0x100099e8      0x32c CMakeFiles/distance_sensor_3.dir/home/micha/.pico-sdk/sdk/1.5.1/lib/lwip/src/core/tcp_out.c.obj
                0x100099e8                tcp_output
 .text.tcp_rexmit_rto_commit
                0x10009d14       0x24 CMakeFiles/distance_sensor_3.dir/home/micha/.pico-sdk/sdk/1.5.1/lib/lwip/src/core/tcp_out.c.obj
                0x10009d14                tcp_rexmit_rto_commit
 .text.tcp_rexmit_rto
                0x10009d38       0x24 CMakeFiles/distance_sensor_3.dir/home/micha/.pico-sdk/sdk/1.5.1/lib/lwip/src/core/tcp_out.c.obj
                0x10009d38                tcp_rexmit_rto
 .text.tcp_keepalive
                0x10009d5c       0x48 CMakeFiles/distance_sensor_3.dir/home/micha/.pico-sdk/sdk/1.5.1/lib/lwip/src/core/tcp_out.c.obj
                0x10009d5c                tcp_keepalive
 .text.tcp_zero_window_probe
                0x10009da4      0x10c CMakeFiles/distance_sensor_3.dir/home/micha/.pico-sdk/sdk/1.5.1/lib/lwip/src/core/tcp_out.c.obj
                0x10009da4                tcp_zero_window_probe
 .text.sys_timeout_abs
                0x10009eb0       0x60 CMakeFiles/distance_sensor_3.dir/home/micha/.pico-sdk/sdk/1.5.1/lib/lwip/src/core/timeouts.c.obj
 .text.lwip_cyclic_timer
                0x10009f10       0x38 CMakeFiles/distance_sensor_3.dir/home/micha/.pico-sdk/sdk/1.5.1/lib/lwip/src/core/timeouts.c.obj
 .text.sys_timeout
                0x10009f48       0x2c CMakeFiles/distance_sensor_3.dir/home/micha/.pico-sdk/sdk/1.5.1/lib/lwip/src/core/timeouts.c.obj
                0x10009f48                sys_timeout
 .text.tcp_timer_needed
                0x10009f74       0x40 CMakeFiles/distance_sensor_3.dir/home/micha/.pico-sdk/sdk/1.5.1/lib/lwip/src/core/timeouts.c.obj
                0x10009f74                tcp_timer_needed
 .text.tcpip_tcp_timer
                0x10009fb4       0x3c CMakeFiles/distance_sensor_3.dir/home/micha/.pico-sdk/sdk/1.5.1/lib/lwip/src/core/timeouts.c.obj
 .text.sys_timeouts_init
                0x10009ff0       0x24 CMakeFiles/distance_sensor_3.dir/home/micha/.pico-sdk/sdk/1.5.1/lib/lwip/src/core/timeouts.c.obj
                0x10009ff0                sys_timeouts_init
 .text.sys_check_timeouts
                0x1000a014       0x54 CMakeFiles/distance_sensor_3.dir/home/micha/.pico-sdk/sdk/1.5.1/lib/lwip/src/core/timeouts.c.obj
                0x1000a014                sys_check_timeouts
 .text.sys_timeouts_sleeptime
                0x1000a068       0x34 CMakeFiles/distance_sensor_3.dir/home/micha/.pico-sdk/sdk/1.5.1/lib/lwip/src/core/timeouts.c.obj
                0x1000a068                sys_timeouts_sleeptime
 .text.udp_new_port
                0x1000a09c       0x54 CMakeFiles/distance_sensor_3.dir/home/micha/.pico-sdk/sdk/1.5.1/lib/lwip/src/core/udp.c.obj
 .text.udp_input_local_match
                0x1000a0f0       0x90 CMakeFiles/distance_sensor_3.dir/home/micha/.pico-sdk/sdk/1.5.1/lib/lwip/src/core/udp.c.obj
 .text.udp_init
                0x1000a180       0x20 CMakeFiles/distance_sensor_3.dir/home/micha/.pico-sdk/sdk/1.5.1/lib/lwip/src/core/udp.c.obj
                0x1000a180                udp_init
 .text.udp_input
                0x1000a1a0      0x20c CMakeFiles/distance_sensor_3.dir/home/micha/.pico-sdk/sdk/1.5.1/lib/lwip/src/core/udp.c.obj
                0x1000a1a0                udp_input
 .text.udp_bind
                0x1000a3ac       0xb0 CMakeFiles/distance_sensor_3.dir/home/micha/.pico-sdk/sdk/1.5.1/lib/lwip/src/core/udp.c.obj
                0x1000a3ac                udp_bind
 .text.udp_sendto_if_src
                0x1000a45c      0x17c CMakeFiles/distance_sensor_3.dir/home/micha/.pico-sdk/sdk/1.5.1/lib/lwip/src/core/udp.c.obj
                0x1000a45c                udp_sendto_if_src
 .text.udp_sendto_if
                0x1000a5d8       0x84 CMakeFiles/distance_sensor_3.dir/home/micha/.pico-sdk/sdk/1.5.1/lib/lwip/src/core/udp.c.obj
                0x1000a5d8                udp_sendto_if
 .text.udp_sendto
                0x1000a65c       0x84 CMakeFiles/distance_sensor_3.dir/home/micha/.pico-sdk/sdk/1.5.1/lib/lwip/src/core/udp.c.obj
                0x1000a65c                udp_sendto
 .text.udp_connect
                0x1000a6e0       0x74 CMakeFiles/distance_sensor_3.dir/home/micha/.pico-sdk/sdk/1.5.1/lib/lwip/src/core/udp.c.obj
                0x1000a6e0                udp_connect
 .text.udp_recv
                0x1000a754       0x18 CMakeFiles/distance_sensor_3.dir/home/micha/.pico-sdk/sdk/1.5.1/lib/lwip/src/core/udp.c.obj
                0x1000a754                udp_recv
 .text.udp_remove
                0x1000a76c       0x44 CMakeFiles/distance_sensor_3.dir/home/micha/.pico-sdk/sdk/1.5.1/lib/lwip/src/core/udp.c.obj
                0x1000a76c                udp_remove
 .text.udp_new  0x1000a7b0       0x1c CMakeFiles/distance_sensor_3.dir/home/micha/.pico-sdk/sdk/1.5.1/lib/lwip/src/core/udp.c.obj
                0x1000a7b0                udp_new
 .text.udp_netif_ip_addr_changed
                0x1000a7cc       0x38 CMakeFiles/distance_sensor_3.dir/home/micha/.pico-sdk/sdk/1.5.1/lib/lwip/src/core/udp.c.obj
                0x1000a7cc                udp_netif_ip_addr_changed
 .text.dhcp_set_state
                0x1000a804       0x10 CMakeFiles/distance_sensor_3.dir/home/micha/.pico-sdk/sdk/1.5.1/lib/lwip/src/core/ipv4/dhcp.c.obj
 .text.dhcp_option_short
                0x1000a814       0x24 CMakeFiles/distance_sensor_3.dir/home/micha/.pico-sdk/sdk/1.5.1/lib/lwip/src/core/ipv4/dhcp.c.obj
 .text.dhcp_option
                0x1000a838       0x24 CMakeFiles/distance_sensor_3.dir/home/micha/.pico-sdk/sdk/1.5.1/lib/lwip/src/core/ipv4/dhcp.c.obj
 .text.dhcp_option_byte
                0x1000a85c       0x1c CMakeFiles/distance_sensor_3.dir/home/micha/.pico-sdk/sdk/1.5.1/lib/lwip/src/core/ipv4/dhcp.c.obj
 .text.dhcp_option_long
                0x1000a878       0x34 CMakeFiles/distance_sensor_3.dir/home/micha/.pico-sdk/sdk/1.5.1/lib/lwip/src/core/ipv4/dhcp.c.obj
 .text.dhcp_create_msg
                0x1000a8ac      0x138 CMakeFiles/distance_sensor_3.dir/home/micha/.pico-sdk/sdk/1.5.1/lib/lwip/src/core/ipv4/dhcp.c.obj
 .text.dhcp_option_hostname
                0x1000a9e4       0x70 CMakeFiles/distance_sensor_3.dir/home/micha/.pico-sdk/sdk/1.5.1/lib/lwip/src/core/ipv4/dhcp.c.obj
 .text.dhcp_option_trailer
                0x1000aa54       0x28 CMakeFiles/distance_sensor_3.dir/home/micha/.pico-sdk/sdk/1.5.1/lib/lwip/src/core/ipv4/dhcp.c.obj
 .text.dhcp_rebind
                0x1000aa7c       0xfc CMakeFiles/distance_sensor_3.dir/home/micha/.pico-sdk/sdk/1.5.1/lib/lwip/src/core/ipv4/dhcp.c.obj
 .text.dhcp_t2_timeout
                0x1000ab78       0x30 CMakeFiles/distance_sensor_3.dir/home/micha/.pico-sdk/sdk/1.5.1/lib/lwip/src/core/ipv4/dhcp.c.obj
 .text.dhcp_reboot
                0x1000aba8      0x120 CMakeFiles/distance_sensor_3.dir/home/micha/.pico-sdk/sdk/1.5.1/lib/lwip/src/core/ipv4/dhcp.c.obj
 .text.dhcp_select
                0x1000acc8      0x16c CMakeFiles/distance_sensor_3.dir/home/micha/.pico-sdk/sdk/1.5.1/lib/lwip/src/core/ipv4/dhcp.c.obj
 .text.dhcp_handle_offer
                0x1000ae34       0x48 CMakeFiles/distance_sensor_3.dir/home/micha/.pico-sdk/sdk/1.5.1/lib/lwip/src/core/ipv4/dhcp.c.obj
 .text.dhcp_discover
                0x1000ae7c       0xf4 CMakeFiles/distance_sensor_3.dir/home/micha/.pico-sdk/sdk/1.5.1/lib/lwip/src/core/ipv4/dhcp.c.obj
 .text.dhcp_dec_pcb_refcount
                0x1000af70       0x38 CMakeFiles/distance_sensor_3.dir/home/micha/.pico-sdk/sdk/1.5.1/lib/lwip/src/core/ipv4/dhcp.c.obj
 .text.dhcp_inc_pcb_refcount
                0x1000afa8       0x74 CMakeFiles/distance_sensor_3.dir/home/micha/.pico-sdk/sdk/1.5.1/lib/lwip/src/core/ipv4/dhcp.c.obj
 .text.dhcp_parse_reply
                0x1000b01c      0x2f4 CMakeFiles/distance_sensor_3.dir/home/micha/.pico-sdk/sdk/1.5.1/lib/lwip/src/core/ipv4/dhcp.c.obj
 .text.dhcp_handle_ack
                0x1000b310       0xd0 CMakeFiles/distance_sensor_3.dir/home/micha/.pico-sdk/sdk/1.5.1/lib/lwip/src/core/ipv4/dhcp.c.obj
 .text.dhcp_bind
                0x1000b3e0      0x104 CMakeFiles/distance_sensor_3.dir/home/micha/.pico-sdk/sdk/1.5.1/lib/lwip/src/core/ipv4/dhcp.c.obj
 .text.dhcp_handle_nak
                0x1000b4e4       0x24 CMakeFiles/distance_sensor_3.dir/home/micha/.pico-sdk/sdk/1.5.1/lib/lwip/src/core/ipv4/dhcp.c.obj
 .text.dhcp_recv
                0x1000b508       0xf4 CMakeFiles/distance_sensor_3.dir/home/micha/.pico-sdk/sdk/1.5.1/lib/lwip/src/core/ipv4/dhcp.c.obj
 .text.dhcp_set_struct
                0x1000b5fc       0x44 CMakeFiles/distance_sensor_3.dir/home/micha/.pico-sdk/sdk/1.5.1/lib/lwip/src/core/ipv4/dhcp.c.obj
                0x1000b5fc                dhcp_set_struct
 .text.dhcp_network_changed_link_up
                0x1000b640       0x3c CMakeFiles/distance_sensor_3.dir/home/micha/.pico-sdk/sdk/1.5.1/lib/lwip/src/core/ipv4/dhcp.c.obj
                0x1000b640                dhcp_network_changed_link_up
 .text.dhcp_renew
                0x1000b67c       0xf8 CMakeFiles/distance_sensor_3.dir/home/micha/.pico-sdk/sdk/1.5.1/lib/lwip/src/core/ipv4/dhcp.c.obj
                0x1000b67c                dhcp_renew
 .text.dhcp_t1_timeout
                0x1000b774       0x30 CMakeFiles/distance_sensor_3.dir/home/micha/.pico-sdk/sdk/1.5.1/lib/lwip/src/core/ipv4/dhcp.c.obj
 .text.dhcp_supplied_address
                0x1000b7a4       0x32 CMakeFiles/distance_sensor_3.dir/home/micha/.pico-sdk/sdk/1.5.1/lib/lwip/src/core/ipv4/dhcp.c.obj
                0x1000b7a4                dhcp_supplied_address
 *fill*         0x1000b7d6        0x2 
 .text.dhcp_release_and_stop
                0x1000b7d8       0xdc CMakeFiles/distance_sensor_3.dir/home/micha/.pico-sdk/sdk/1.5.1/lib/lwip/src/core/ipv4/dhcp.c.obj
                0x1000b7d8                dhcp_release_and_stop
 .text.dhcp_start
                0x1000b8b4       0xac CMakeFiles/distance_sensor_3.dir/home/micha/.pico-sdk/sdk/1.5.1/lib/lwip/src/core/ipv4/dhcp.c.obj
                0x1000b8b4                dhcp_start
 .text.dhcp_coarse_tmr
                0x1000b960       0x6c CMakeFiles/distance_sensor_3.dir/home/micha/.pico-sdk/sdk/1.5.1/lib/lwip/src/core/ipv4/dhcp.c.obj
                0x1000b960                dhcp_coarse_tmr
 .text.dhcp_timeout
                0x1000b9cc       0x4a CMakeFiles/distance_sensor_3.dir/home/micha/.pico-sdk/sdk/1.5.1/lib/lwip/src/core/ipv4/dhcp.c.obj
 *fill*         0x1000ba16        0x2 
 .text.dhcp_fine_tmr
                0x1000ba18       0x38 CMakeFiles/distance_sensor_3.dir/home/micha/.pico-sdk/sdk/1.5.1/lib/lwip/src/core/ipv4/dhcp.c.obj
                0x1000ba18                dhcp_fine_tmr
 .text.dhcp_stop
                0x1000ba50        0x8 CMakeFiles/distance_sensor_3.dir/home/micha/.pico-sdk/sdk/1.5.1/lib/lwip/src/core/ipv4/dhcp.c.obj
                0x1000ba50                dhcp_stop
 .text.etharp_free_entry
                0x1000ba58       0x4c CMakeFiles/distance_sensor_3.dir/home/micha/.pico-sdk/sdk/1.5.1/lib/lwip/src/core/ipv4/etharp.c.obj
 .text.etharp_find_entry
                0x1000baa4      0x1a8 CMakeFiles/distance_sensor_3.dir/home/micha/.pico-sdk/sdk/1.5.1/lib/lwip/src/core/ipv4/etharp.c.obj
 .text.etharp_update_arp_entry
                0x1000bc4c       0xc8 CMakeFiles/distance_sensor_3.dir/home/micha/.pico-sdk/sdk/1.5.1/lib/lwip/src/core/ipv4/etharp.c.obj
 .text.etharp_raw
                0x1000bd14       0xf0 CMakeFiles/distance_sensor_3.dir/home/micha/.pico-sdk/sdk/1.5.1/lib/lwip/src/core/ipv4/etharp.c.obj
 .text.etharp_request_dst
                0x1000be04       0x24 CMakeFiles/distance_sensor_3.dir/home/micha/.pico-sdk/sdk/1.5.1/lib/lwip/src/core/ipv4/etharp.c.obj
 .text.etharp_cleanup_netif
                0x1000be28       0x3c CMakeFiles/distance_sensor_3.dir/home/micha/.pico-sdk/sdk/1.5.1/lib/lwip/src/core/ipv4/etharp.c.obj
                0x1000be28                etharp_cleanup_netif
 .text.etharp_input
                0x1000be64      0x120 CMakeFiles/distance_sensor_3.dir/home/micha/.pico-sdk/sdk/1.5.1/lib/lwip/src/core/ipv4/etharp.c.obj
                0x1000be64                etharp_input
 .text.etharp_request
                0x1000bf84       0x10 CMakeFiles/distance_sensor_3.dir/home/micha/.pico-sdk/sdk/1.5.1/lib/lwip/src/core/ipv4/etharp.c.obj
                0x1000bf84                etharp_request
 .text.etharp_tmr
                0x1000bf94       0x8c CMakeFiles/distance_sensor_3.dir/home/micha/.pico-sdk/sdk/1.5.1/lib/lwip/src/core/ipv4/etharp.c.obj
                0x1000bf94                etharp_tmr
 .text.etharp_output_to_arp_index
                0x1000c020       0xc0 CMakeFiles/distance_sensor_3.dir/home/micha/.pico-sdk/sdk/1.5.1/lib/lwip/src/core/ipv4/etharp.c.obj
 .text.etharp_query
                0x1000c0e0      0x1c0 CMakeFiles/distance_sensor_3.dir/home/micha/.pico-sdk/sdk/1.5.1/lib/lwip/src/core/ipv4/etharp.c.obj
                0x1000c0e0                etharp_query
 .text.etharp_output
                0x1000c2a0      0x150 CMakeFiles/distance_sensor_3.dir/home/micha/.pico-sdk/sdk/1.5.1/lib/lwip/src/core/ipv4/etharp.c.obj
                0x1000c2a0                etharp_output
 .text.icmp_send_response
                0x1000c3f0       0xd4 CMakeFiles/distance_sensor_3.dir/home/micha/.pico-sdk/sdk/1.5.1/lib/lwip/src/core/ipv4/icmp.c.obj
 .text.icmp_input
                0x1000c4c4      0x200 CMakeFiles/distance_sensor_3.dir/home/micha/.pico-sdk/sdk/1.5.1/lib/lwip/src/core/ipv4/icmp.c.obj
                0x1000c4c4                icmp_input
 .text.icmp_dest_unreach
                0x1000c6c4        0xc CMakeFiles/distance_sensor_3.dir/home/micha/.pico-sdk/sdk/1.5.1/lib/lwip/src/core/ipv4/icmp.c.obj
                0x1000c6c4                icmp_dest_unreach
 .text.icmp_time_exceeded
                0x1000c6d0        0xc CMakeFiles/distance_sensor_3.dir/home/micha/.pico-sdk/sdk/1.5.1/lib/lwip/src/core/ipv4/icmp.c.obj
                0x1000c6d0                icmp_time_exceeded
 .text.ip_reass_dequeue_datagram
                0x1000c6dc       0x34 CMakeFiles/distance_sensor_3.dir/home/micha/.pico-sdk/sdk/1.5.1/lib/lwip/src/core/ipv4/ip4_frag.c.obj
 .text.ip_reass_free_complete_datagram
                0x1000c710       0xe8 CMakeFiles/distance_sensor_3.dir/home/micha/.pico-sdk/sdk/1.5.1/lib/lwip/src/core/ipv4/ip4_frag.c.obj
 .text.ip_reass_remove_oldest_datagram
                0x1000c7f8       0xc0 CMakeFiles/distance_sensor_3.dir/home/micha/.pico-sdk/sdk/1.5.1/lib/lwip/src/core/ipv4/ip4_frag.c.obj
 .text.ip_reass_chain_frag_into_datagram_and_validate
                0x1000c8b8      0x27c CMakeFiles/distance_sensor_3.dir/home/micha/.pico-sdk/sdk/1.5.1/lib/lwip/src/core/ipv4/ip4_frag.c.obj
 .text.ip_reass_enqueue_new_datagram
                0x1000cb34       0x64 CMakeFiles/distance_sensor_3.dir/home/micha/.pico-sdk/sdk/1.5.1/lib/lwip/src/core/ipv4/ip4_frag.c.obj
 .text.ip_reass_tmr
                0x1000cb98       0x30 CMakeFiles/distance_sensor_3.dir/home/micha/.pico-sdk/sdk/1.5.1/lib/lwip/src/core/ipv4/ip4_frag.c.obj
                0x1000cb98                ip_reass_tmr
 .text.ip4_reass
                0x1000cbc8      0x284 CMakeFiles/distance_sensor_3.dir/home/micha/.pico-sdk/sdk/1.5.1/lib/lwip/src/core/ipv4/ip4_frag.c.obj
                0x1000cbc8                ip4_reass
 .text.ip4_frag
                0x1000ce4c      0x17c CMakeFiles/distance_sensor_3.dir/home/micha/.pico-sdk/sdk/1.5.1/lib/lwip/src/core/ipv4/ip4_frag.c.obj
                0x1000ce4c                ip4_frag
 .text.ip4_input_accept
                0x1000cfc8       0x38 CMakeFiles/distance_sensor_3.dir/home/micha/.pico-sdk/sdk/1.5.1/lib/lwip/src/core/ipv4/ip4.c.obj
 .text.ip4_route
                0x1000d000       0x7c CMakeFiles/distance_sensor_3.dir/home/micha/.pico-sdk/sdk/1.5.1/lib/lwip/src/core/ipv4/ip4.c.obj
                0x1000d000                ip4_route
 .text.ip4_input
                0x1000d07c      0x290 CMakeFiles/distance_sensor_3.dir/home/micha/.pico-sdk/sdk/1.5.1/lib/lwip/src/core/ipv4/ip4.c.obj
                0x1000d07c                ip4_input
 .text.ip4_output_if_src
                0x1000d30c      0x1b8 CMakeFiles/distance_sensor_3.dir/home/micha/.pico-sdk/sdk/1.5.1/lib/lwip/src/core/ipv4/ip4.c.obj
                0x1000d30c                ip4_output_if_src
 .text.ip4_output_if
                0x1000d4c4       0x2e CMakeFiles/distance_sensor_3.dir/home/micha/.pico-sdk/sdk/1.5.1/lib/lwip/src/core/ipv4/ip4.c.obj
                0x1000d4c4                ip4_output_if
 .text.ip4_addr_isbroadcast_u32
                0x1000d4f2       0x42 CMakeFiles/distance_sensor_3.dir/home/micha/.pico-sdk/sdk/1.5.1/lib/lwip/src/core/ipv4/ip4_addr.c.obj
                0x1000d4f2                ip4_addr_isbroadcast_u32
 .text.ip4addr_aton
                0x1000d534      0x158 CMakeFiles/distance_sensor_3.dir/home/micha/.pico-sdk/sdk/1.5.1/lib/lwip/src/core/ipv4/ip4_addr.c.obj
                0x1000d534                ip4addr_aton
 .text.ethernet_input
                0x1000d68c       0xe0 CMakeFiles/distance_sensor_3.dir/home/micha/.pico-sdk/sdk/1.5.1/lib/lwip/src/netif/ethernet.c.obj
                0x1000d68c                ethernet_input
 .text.ethernet_output
                0x1000d76c       0x6c CMakeFiles/distance_sensor_3.dir/home/micha/.pico-sdk/sdk/1.5.1/lib/lwip/src/netif/ethernet.c.obj
                0x1000d76c                ethernet_output
 .text.time_reached
                0x1000d7d8       0x28 CMakeFiles/distance_sensor_3.dir/home/micha/.pico-sdk/sdk/1.5.1/src/rp2_common/pico_cyw43_arch/cyw43_arch.c.obj
 .text.cyw43_tcpip_link_status_name
                0x1000d800       0x54 CMakeFiles/distance_sensor_3.dir/home/micha/.pico-sdk/sdk/1.5.1/src/rp2_common/pico_cyw43_arch/cyw43_arch.c.obj
 .text.update_us_since_boot
                0x1000d854       0x24 CMakeFiles/distance_sensor_3.dir/home/micha/.pico-sdk/sdk/1.5.1/src/rp2_common/pico_cyw43_arch/cyw43_arch.c.obj
 .text.delayed_by_ms
                0x1000d878       0x44 CMakeFiles/distance_sensor_3.dir/home/micha/.pico-sdk/sdk/1.5.1/src/rp2_common/pico_cyw43_arch/cyw43_arch.c.obj
 .text.get_absolute_time
                0x1000d8bc       0x22 CMakeFiles/distance_sensor_3.dir/home/micha/.pico-sdk/sdk/1.5.1/src/rp2_common/pico_cyw43_arch/cyw43_arch.c.obj
 .text.make_timeout_time_ms
                0x1000d8de       0x20 CMakeFiles/distance_sensor_3.dir/home/micha/.pico-sdk/sdk/1.5.1/src/rp2_common/pico_cyw43_arch/cyw43_arch.c.obj
 *fill*         0x1000d8fe        0x2 