Archive member included to satisfy reference by file (symbol)

myutils/libmyutils.a(utils.c.obj)
                              CMakeFiles/distance_sensor_3.dir/distance_sensor_3.c.obj (subtract)
/home/micha/.pico-sdk/toolchain/13_2_Rel1/bin/../lib/gcc/arm-none-eabi/13.2.1/thumb/v6-m/nofp/libgcc.a(_dvmd_tls.o)
                              CMakeFiles/distance_sensor_3.dir/home/micha/.pico-sdk/sdk/1.5.1/src/rp2_common/pico_divider/divider.S.obj (__aeabi_idiv0)
/home/micha/.pico-sdk/toolchain/13_2_Rel1/bin/../lib/gcc/arm-none-eabi/13.2.1/../../../../arm-none-eabi/lib/thumb/v6-m/nofp/libg.a(libc_a-atoi.o)
                              CMakeFiles/distance_sensor_3.dir/home/micha/.pico-sdk/sdk/1.5.1/lib/lwip/src/core/netif.c.obj (atoi)
/home/micha/.pico-sdk/toolchain/13_2_Rel1/bin/../lib/gcc/arm-none-eabi/13.2.1/../../../../arm-none-eabi/lib/thumb/v6-m/nofp/libg.a(libc_a-calloc.o)
                              CMakeFiles/distance_sensor_3.dir/home/micha/.pico-sdk/sdk/1.5.1/src/rp2_common/pico_malloc/pico_malloc.c.obj (calloc)
/home/micha/.pico-sdk/toolchain/13_2_Rel1/bin/../lib/gcc/arm-none-eabi/13.2.1/../../../../arm-none-eabi/lib/thumb/v6-m/nofp/libg.a(libc_a-callocr.o)
                              /home/micha/.pico-sdk/toolchain/13_2_Rel1/bin/../lib/gcc/arm-none-eabi/13.2.1/../../../../arm-none-eabi/lib/thumb/v6-m/nofp/libg.a(libc_a-calloc.o) (_calloc_r)
/home/micha/.pico-sdk/toolchain/13_2_Rel1/bin/../lib/gcc/arm-none-eabi/13.2.1/../../../../arm-none-eabi/lib/thumb/v6-m/nofp/libg.a(libc_a-malloc.o)
                              CMakeFiles/distance_sensor_3.dir/home/micha/.pico-sdk/sdk/1.5.1/src/rp2_common/pico_malloc/pico_malloc.c.obj (malloc)
/home/micha/.pico-sdk/toolchain/13_2_Rel1/bin/../lib/gcc/arm-none-eabi/13.2.1/../../../../arm-none-eabi/lib/thumb/v6-m/nofp/libg.a(libc_a-mallocr.o)
                              /home/micha/.pico-sdk/toolchain/13_2_Rel1/bin/../lib/gcc/arm-none-eabi/13.2.1/../../../../arm-none-eabi/lib/thumb/v6-m/nofp/libg.a(libc_a-callocr.o) (_malloc_r)
/home/micha/.pico-sdk/toolchain/13_2_Rel1/bin/../lib/gcc/arm-none-eabi/13.2.1/../../../../arm-none-eabi/lib/thumb/v6-m/nofp/libg.a(libc_a-mlock.o)
                              /home/micha/.pico-sdk/toolchain/13_2_Rel1/bin/../lib/gcc/arm-none-eabi/13.2.1/../../../../arm-none-eabi/lib/thumb/v6-m/nofp/libg.a(libc_a-mallocr.o) (__malloc_lock)
/home/micha/.pico-sdk/toolchain/13_2_Rel1/bin/../lib/gcc/arm-none-eabi/13.2.1/../../../../arm-none-eabi/lib/thumb/v6-m/nofp/libg.a(libc_a-realloc.o)
                              CMakeFiles/distance_sensor_3.dir/home/micha/.pico-sdk/sdk/1.5.1/src/rp2_common/pico_malloc/pico_malloc.c.obj (realloc)
/home/micha/.pico-sdk/toolchain/13_2_Rel1/bin/../lib/gcc/arm-none-eabi/13.2.1/../../../../arm-none-eabi/lib/thumb/v6-m/nofp/libg.a(libc_a-reallocr.o)
                              /home/micha/.pico-sdk/toolchain/13_2_Rel1/bin/../lib/gcc/arm-none-eabi/13.2.1/../../../../arm-none-eabi/lib/thumb/v6-m/nofp/libg.a(libc_a-realloc.o) (_realloc_r)
/home/micha/.pico-sdk/toolchain/13_2_Rel1/bin/../lib/gcc/arm-none-eabi/13.2.1/../../../../arm-none-eabi/lib/thumb/v6-m/nofp/libg.a(libc_a-strtol.o)
                              /home/micha/.pico-sdk/toolchain/13_2_Rel1/bin/../lib/gcc/arm-none-eabi/13.2.1/../../../../arm-none-eabi/lib/thumb/v6-m/nofp/libg.a(libc_a-atoi.o) (_strtol_r)
/home/micha/.pico-sdk/toolchain/13_2_Rel1/bin/../lib/gcc/arm-none-eabi/13.2.1/../../../../arm-none-eabi/lib/thumb/v6-m/nofp/libg.a(libc_a-ctype_.o)
                              CMakeFiles/distance_sensor_3.dir/home/micha/.pico-sdk/sdk/1.5.1/lib/lwip/src/core/dns.c.obj (_ctype_)
/home/micha/.pico-sdk/toolchain/13_2_Rel1/bin/../lib/gcc/arm-none-eabi/13.2.1/../../../../arm-none-eabi/lib/thumb/v6-m/nofp/libg.a(libc_a-memcmp.o)
                              CMakeFiles/distance_sensor_3.dir/home/micha/.pico-sdk/sdk/1.5.1/lib/lwip/src/netif/ethernet.c.obj (memcmp)
/home/micha/.pico-sdk/toolchain/13_2_Rel1/bin/../lib/gcc/arm-none-eabi/13.2.1/../../../../arm-none-eabi/lib/thumb/v6-m/nofp/libg.a(libc_a-memmove.o)
                              CMakeFiles/distance_sensor_3.dir/home/micha/.pico-sdk/sdk/1.5.1/lib/lwip/src/core/def.c.obj (memmove)
/home/micha/.pico-sdk/toolchain/13_2_Rel1/bin/../lib/gcc/arm-none-eabi/13.2.1/../../../../arm-none-eabi/lib/thumb/v6-m/nofp/libg.a(libc_a-strncmp.o)
                              CMakeFiles/distance_sensor_3.dir/home/micha/.pico-sdk/sdk/1.5.1/lib/lwip/src/core/def.c.obj (strncmp)
/home/micha/.pico-sdk/toolchain/13_2_Rel1/bin/../lib/gcc/arm-none-eabi/13.2.1/../../../../arm-none-eabi/lib/thumb/v6-m/nofp/libg.a(libc_a-impure.o)
                              /home/micha/.pico-sdk/toolchain/13_2_Rel1/bin/../lib/gcc/arm-none-eabi/13.2.1/../../../../arm-none-eabi/lib/thumb/v6-m/nofp/libg.a(libc_a-calloc.o) (_impure_ptr)
/home/micha/.pico-sdk/toolchain/13_2_Rel1/bin/../lib/gcc/arm-none-eabi/13.2.1/../../../../arm-none-eabi/lib/thumb/v6-m/nofp/libg.a(libc_a-sbrkr.o)
[...]
Memory Configuration

Name             Origin             Length             Attributes
FLASH            0x10000000         0x00200000         xr
RAM              0x20000000         0x00040000         xrw
SCRATCH_X        0x20040000         0x00001000         xrw
SCRATCH_Y        0x20041000         0x00001000         xrw
*default*        0x00000000         0xffffffff

Linker script and memory map

LOAD /home/micha/.pico-sdk/toolchain/13_2_Rel1/bin/../lib/gcc/arm-none-eabi/13.2.1/thumb/v6-m/nofp/crti.o
LOAD /home/micha/.pico-sdk/toolchain/13_2_Rel1/bin/../lib/gcc/arm-none-eabi/13.2.1/thumb/v6-m/nofp/crtbegin.o
LOAD /home/micha/.pico-sdk/toolchain/13_2_Rel1/bin/../lib/gcc/arm-none-eabi/13.2.1/../../../../arm-none-eabi/lib/thumb/v6-m/nofp/crt0.o

.flash_begin    0x10000000        0x0
                0x10000000                        __flash_binary_start = .

.boot2          0x10000000      0x100
                0x10000000                        __boot2_start__ = .
 *(.boot2)
 .boot2         0x10000000      0x100 /tmp/ccn9m1QS.o
                0x10000100                        __boot2_end__ = .
                0x00000001                        ASSERT (((__boot2_end__ - __boot2_start__) == 0x100), ERROR: Pico second stage bootloader must be 256 bytes in size)

.text           0x10000100    0x13fb0
                0x10000100                        __logical_binary_start = .
 *(.vectors)
 .vectors       0x10000100       0xd4 CMakeFiles/distance_sensor_3.dir/home/micha/.pico-sdk/sdk/1.5.1/src/rp2_common/pico_standard_link/crt0.S.obj
                0x10000100                __vectors
                0x10000100                __VECTOR_TABLE
                0x100001c0                isr_invalid
                0x100001c0                __default_isrs_start
                0x100001c2                isr_nmi
                0x100001c4                isr_hardfault
                0x100001c6                isr_svcall
                0x100001c8                isr_pendsv
                0x100001ca                isr_systick
                0x100001cc                isr_irq30
                0x100001cc                __unhandled_user_irq
                0x100001cc                isr_irq13
                0x100001cc                isr_irq27
                0x100001cc                isr_irq31
                0x100001cc                isr_irq5
                0x100001cc                isr_irq11
                0x100001cc                isr_irq23
                0x100001cc                isr_irq18
                0x100001cc                isr_irq28
                0x100001cc                isr_irq19
                0x100001cc                isr_irq0
                0x100001cc                isr_irq6
                0x100001cc                isr_irq22
                0x100001cc                isr_irq17
                0x100001cc                isr_irq14
                0x100001cc                isr_irq2
                0x100001cc                isr_irq10
                0x100001cc                isr_irq8
                0x100001cc                isr_irq24
                0x100001cc                isr_irq1
                0x100001cc                isr_irq7
                0x100001cc                isr_irq21
                0x100001cc                isr_irq20
                0x100001cc                isr_irq15
                0x100001cc                isr_irq25
                0x100001cc                isr_irq4
                0x100001cc                isr_irq16
                0x100001cc                isr_irq29
                0x100001cc                isr_irq26
                0x100001cc                __default_isrs_end
                0x100001cc                isr_irq3
                0x100001cc                isr_irq12
                0x100001cc                isr_irq9
                0x100001d2                unhandled_user_irq_num_in_r0
 *(.binary_info_header)
 .binary_info_header
                0x100001d4       0x14 CMakeFiles/distance_sensor_3.dir/home/micha/.pico-sdk/sdk/1.5.1/src/rp2_common/pico_standard_link/crt0.S.obj
                0x100001e8                        __binary_info_header_end = .
 *(.reset)
 .reset         0x100001e8       0xa0 CMakeFiles/distance_sensor_3.dir/home/micha/.pico-sdk/sdk/1.5.1/src/rp2_common/pico_standard_link/crt0.S.obj
                0x100001e8                _entry_point
 .reset         0x10000288       0x30 CMakeFiles/distance_sensor_3.dir/home/micha/.pico-sdk/sdk/1.5.1/src/rp2_common/pico_standard_link/binary_info.c.obj
 *(.init)
 .init          0x100002b8        0x4 /home/micha/.pico-sdk/toolchain/13_2_Rel1/bin/../lib/gcc/arm-none-eabi/13.2.1/thumb/v6-m/nofp/crti.o
                0x100002b8                _init
 *(EXCLUDE_FILE(*libm.a: *libc.a:*lib_a-mem*.o *libgcc.a:) .text*)
 .text.register_tm_clones
                0x100002bc       0x28 /home/micha/.pico-sdk/toolchain/13_2_Rel1/bin/../lib/gcc/arm-none-eabi/13.2.1/thumb/v6-m/nofp/crtbegin.o
 .text.frame_dummy
                0x100002e4       0x24 /home/micha/.pico-sdk/toolchain/13_2_Rel1/bin/../lib/gcc/arm-none-eabi/13.2.1/thumb/v6-m/nofp/crtbegin.o
 .text.udp_receive_callback
                0x10000308       0x18 CMakeFiles/distance_sensor_3.dir/distance_sensor_3.c.obj
                0x10000308                udp_receive_callback
 .text.send_multicast_message
                0x10000320       0x90 CMakeFiles/distance_sensor_3.dir/distance_sensor_3.c.obj
                0x10000320                send_multicast_message
 .text.main     0x100003b0      0x11c CMakeFiles/distance_sensor_3.dir/distance_sensor_3.c.obj
                0x100003b0                main
 .text.gpio_set_function
                0x100004cc       0x30 CMakeFiles/distance_sensor_3.dir/home/micha/.pico-sdk/sdk/1.5.1/src/rp2_common/hardware_gpio/gpio.c.obj
                0x100004cc                gpio_set_function
 .text.gpio_set_pulls
                0x100004fc       0x34 CMakeFiles/distance_sensor_3.dir/home/micha/.pico-sdk/sdk/1.5.1/src/rp2_common/hardware_gpio/gpio.c.obj
                0x100004fc                gpio_set_pulls
 .text.gpio_set_input_hysteresis_enabled
                0x10000530       0x30 CMakeFiles/distance_sensor_3.dir/home/micha/.pico-sdk/sdk/1.5.1/src/rp2_common/hardware_gpio/gpio.c.obj
                0x10000530                gpio_set_input_hysteresis_enabled
 .text.gpio_add_raw_irq_handler_with_order_priority_masked
                0x10000560       0x40 CMakeFiles/distance_sensor_3.dir/home/micha/.pico-sdk/sdk/1.5.1/src/rp2_common/hardware_gpio/gpio.c.obj
                0x10000560                gpio_add_raw_irq_handler_with_order_priority_masked
 .text.gpio_remove_raw_irq_handler_masked
                0x100005a0       0x48 CMakeFiles/distance_sensor_3.dir/home/micha/.pico-sdk/sdk/1.5.1/src/rp2_common/hardware_gpio/gpio.c.obj
                0x100005a0                gpio_remove_raw_irq_handler_masked
 .text.gpio_acknowledge_irq
                0x100005e8       0x18 CMakeFiles/distance_sensor_3.dir/home/micha/.pico-sdk/sdk/1.5.1/src/rp2_common/hardware_gpio/gpio.c.obj
                0x100005e8                gpio_acknowledge_irq
 .text._gpio_set_irq_enabled
                0x10000600       0x34 CMakeFiles/distance_sensor_3.dir/home/micha/.pico-sdk/sdk/1.5.1/src/rp2_common/hardware_gpio/gpio.c.obj
 .text.gpio_set_irq_enabled
                0x10000634       0x20 CMakeFiles/distance_sensor_3.dir/home/micha/.pico-sdk/sdk/1.5.1/src/rp2_common/hardware_gpio/gpio.c.obj
                0x10000634                gpio_set_irq_enabled
 .text.gpio_init
                0x10000654       0x16 CMakeFiles/distance_sensor_3.dir/home/micha/.pico-sdk/sdk/1.5.1/src/rp2_common/hardware_gpio/gpio.c.obj
                0x10000654                gpio_init
 *fill*         0x1000066a        0x2 
 .text.running_on_fpga
                0x1000066c       0x14 CMakeFiles/distance_sensor_3.dir/home/micha/.pico-sdk/sdk/1.5.1/src/rp2_common/pico_platform/platform.c.obj
                0x1000066c                running_on_fpga
 .text.hw_claim_lock
                0x10000680       0x18 CMakeFiles/distance_sensor_3.dir/home/micha/.pico-sdk/sdk/1.5.1/src/rp2_common/hardware_claim/claim.c.obj
                0x10000680                hw_claim_lock
 .text.hw_claim_unlock
                0x10000698       0x14 CMakeFiles/distance_sensor_3.dir/home/micha/.pico-sdk/sdk/1.5.1/src/rp2_common/hardware_claim/claim.c.obj
                0x10000698                hw_claim_unlock
 .text.hw_claim_or_assert
                0x100006ac       0x32 CMakeFiles/distance_sensor_3.dir/home/micha/.pico-sdk/sdk/1.5.1/src/rp2_common/hardware_claim/claim.c.obj
                0x100006ac                hw_claim_or_assert
 .text.hw_claim_unused_from_range
                0x100006de       0x50 CMakeFiles/distance_sensor_3.dir/home/micha/.pico-sdk/sdk/1.5.1/src/rp2_common/hardware_claim/claim.c.obj
                0x100006de                hw_claim_unused_from_range
 *fill*         0x1000072e        0x2 
 .text.hw_claim_clear
                0x10000730       0x40 CMakeFiles/distance_sensor_3.dir/home/micha/.pico-sdk/sdk/1.5.1/src/rp2_common/hardware_claim/claim.c.obj
                0x10000730                hw_claim_clear
 .text.spin_locks_reset
                0x10000770       0x20 CMakeFiles/distance_sensor_3.dir/home/micha/.pico-sdk/sdk/1.5.1/src/rp2_common/hardware_sync/sync.c.obj
                0x10000770                spin_locks_reset
 .text.next_striped_spin_lock_num
                0x10000790       0x1c CMakeFiles/distance_sensor_3.dir/home/micha/.pico-sdk/sdk/1.5.1/src/rp2_common/hardware_sync/sync.c.obj
                0x10000790                next_striped_spin_lock_num
 .text.spin_lock_claim_unused
                0x100007ac       0x24 CMakeFiles/distance_sensor_3.dir/home/micha/.pico-sdk/sdk/1.5.1/src/rp2_common/hardware_sync/sync.c.obj
                0x100007ac                spin_lock_claim_unused
 .text.set_raw_irq_handler_and_unlock
                0x100007d0       0x28 CMakeFiles/distance_sensor_3.dir/home/micha/.pico-sdk/sdk/1.5.1/src/rp2_common/hardware_irq/irq.c.obj
 .text.get_user_irq_claim_index
                0x100007f8        0x6 CMakeFiles/distance_sensor_3.dir/home/micha/.pico-sdk/sdk/1.5.1/src/rp2_common/hardware_irq/irq.c.obj
 *fill*         0x100007fe        0x2 
 .text.resolve_branch
                0x10000800       0x30 CMakeFiles/distance_sensor_3.dir/home/micha/.pico-sdk/sdk/1.5.1/src/rp2_common/hardware_irq/irq.c.obj
 .text.make_branch
                0x10000830       0x48 CMakeFiles/distance_sensor_3.dir/home/micha/.pico-sdk/sdk/1.5.1/src/rp2_common/hardware_irq/irq.c.obj
 .text.insert_branch_and_link
                0x10000878       0x40 CMakeFiles/distance_sensor_3.dir/home/micha/.pico-sdk/sdk/1.5.1/src/rp2_common/hardware_irq/irq.c.obj
 .text.irq_is_enabled
                0x100008b8       0x18 CMakeFiles/distance_sensor_3.dir/home/micha/.pico-sdk/sdk/1.5.1/src/rp2_common/hardware_irq/irq.c.obj
                0x100008b8                irq_is_enabled
 .text.irq_set_mask_enabled
                0x100008d0       0x20 CMakeFiles/distance_sensor_3.dir/home/micha/.pico-sdk/sdk/1.5.1/src/rp2_common/hardware_irq/irq.c.obj
                0x100008d0                irq_set_mask_enabled
 .text.irq_set_enabled
                0x100008f0        0xe CMakeFiles/distance_sensor_3.dir/home/micha/.pico-sdk/sdk/1.5.1/src/rp2_common/hardware_irq/irq.c.obj
                0x100008f0                irq_set_enabled
 *fill*         0x100008fe        0x2 
 .text.irq_set_pending
                0x10000900       0x10 CMakeFiles/distance_sensor_3.dir/home/micha/.pico-sdk/sdk/1.5.1/src/rp2_common/hardware_irq/irq.c.obj
                0x10000900                irq_set_pending
 .text.irq_get_vtable_handler
                0x10000910       0x10 CMakeFiles/distance_sensor_3.dir/home/micha/.pico-sdk/sdk/1.5.1/src/rp2_common/hardware_irq/irq.c.obj
                0x10000910                irq_get_vtable_handler
 .text.irq_has_shared_handler
                0x10000920       0x24 CMakeFiles/distance_sensor_3.dir/home/micha/.pico-sdk/sdk/1.5.1/src/rp2_common/hardware_irq/irq.c.obj
                0x10000920                irq_has_shared_handler
 .text.irq_set_exclusive_handler
                0x10000944       0x54 CMakeFiles/distance_sensor_3.dir/home/micha/.pico-sdk/sdk/1.5.1/src/rp2_common/hardware_irq/irq.c.obj
                0x10000944                irq_set_exclusive_handler
 .text.irq_add_shared_handler
                0x10000998      0x210 CMakeFiles/distance_sensor_3.dir/home/micha/.pico-sdk/sdk/1.5.1/src/rp2_common/hardware_irq/irq.c.obj
                0x10000998                irq_add_shared_handler
 .text.irq_remove_handler
                0x10000ba8      0x188 CMakeFiles/distance_sensor_3.dir/home/micha/.pico-sdk/sdk/1.5.1/src/rp2_common/hardware_irq/irq.c.obj
                0x10000ba8                irq_remove_handler
 .text.irq_set_priority
                0x10000d30       0x28 CMakeFiles/distance_sensor_3.dir/home/micha/.pico-sdk/sdk/1.5.1/src/rp2_common/hardware_irq/irq.c.obj
                0x10000d30                irq_set_priority
 .text.irq_add_tail_to_free_list
                0x10000d58       0xf0 CMakeFiles/distance_sensor_3.dir/home/micha/.pico-sdk/sdk/1.5.1/src/rp2_common/hardware_irq/irq.c.obj
                0x10000d58                irq_add_tail_to_free_list
 .text.irq_init_priorities
                0x10000e48       0x1c CMakeFiles/distance_sensor_3.dir/home/micha/.pico-sdk/sdk/1.5.1/src/rp2_common/hardware_irq/irq.c.obj
                0x10000e48                irq_init_priorities
 .text.user_irq_unclaim
                0x10000e64       0x18 CMakeFiles/distance_sensor_3.dir/home/micha/.pico-sdk/sdk/1.5.1/src/rp2_common/hardware_irq/irq.c.obj
                0x10000e64                user_irq_unclaim
 .text.user_irq_claim_unused
                0x10000e7c       0x2c CMakeFiles/distance_sensor_3.dir/home/micha/.pico-sdk/sdk/1.5.1/src/rp2_common/hardware_irq/irq.c.obj
                0x10000e7c                user_irq_claim_unused
 .text.sem_init
                0x10000ea8       0x1e CMakeFiles/distance_sensor_3.dir/home/micha/.pico-sdk/sdk/1.5.1/src/common/pico_sync/sem.c.obj
                0x10000ea8                sem_init
 *fill*         0x10000ec6        0x2 
 .text.lock_init
                0x10000ec8       0x10 CMakeFiles/distance_sensor_3.dir/home/micha/.pico-sdk/sdk/1.5.1/src/common/pico_sync/lock_core.c.obj
                0x10000ec8                lock_init
 .text.update_us_since_boot
                0x10000ed8       0x24 CMakeFiles/distance_sensor_3.dir/home/micha/.pico-sdk/sdk/1.5.1/src/common/pico_sync/mutex.c.obj
 .text.delayed_by_ms
                0x10000efc       0x44 CMakeFiles/distance_sensor_3.dir/home/micha/.pico-sdk/sdk/1.5.1/src/common/pico_sync/mutex.c.obj
 .text.get_absolute_time
                0x10000f40       0x22 CMakeFiles/distance_sensor_3.dir/home/micha/.pico-sdk/sdk/1.5.1/src/common/pico_sync/mutex.c.obj
 .text.make_timeout_time_ms
                0x10000f62       0x20 CMakeFiles/distance_sensor_3.dir/home/micha/.pico-sdk/sdk/1.5.1/src/common/pico_sync/mutex.c.obj
 .text.mutex_init
                0x10000f82       0x1a CMakeFiles/distance_sensor_3.dir/home/micha/.pico-sdk/sdk/1.5.1/src/common/pico_sync/mutex.c.obj
                0x10000f82                mutex_init
 .text.recursive_mutex_init
                0x10000f9c       0x1e CMakeFiles/distance_sensor_3.dir/home/micha/.pico-sdk/sdk/1.5.1/src/common/pico_sync/mutex.c.obj
                0x10000f9c                recursive_mutex_init
 *fill*         0x10000fba        0x2 
 .text.critical_section_init_with_lock_num
                0x10000fbc       0x14 CMakeFiles/distance_sensor_3.dir/home/micha/.pico-sdk/sdk/1.5.1/src/common/pico_sync/critical_section.c.obj
                0x10000fbc                critical_section_init_with_lock_num
 .text.critical_section_init
                0x10000fd0       0x14 CMakeFiles/distance_sensor_3.dir/home/micha/.pico-sdk/sdk/1.5.1/src/common/pico_sync/critical_section.c.obj
                0x10000fd0                critical_section_init
 .text.time_reached
                0x10000fe4       0x28 CMakeFiles/distance_sensor_3.dir/home/micha/.pico-sdk/sdk/1.5.1/src/common/pico_time/time.c.obj
 .text.get_entry
                0x1000100c       0x38 CMakeFiles/distance_sensor_3.dir/home/micha/.pico-sdk/sdk/1.5.1/src/common/pico_time/time.c.obj
 .text.timer_pool_entry_comparator
                0x10001044       0x2e CMakeFiles/distance_sensor_3.dir/home/micha/.pico-sdk/sdk/1.5.1/src/common/pico_time/time.c.obj
                0x10001044                timer_pool_entry_comparator
 *fill*         0x10001072        0x2 
 .text.update_us_since_boot
                0x10001074       0x24 CMakeFiles/distance_sensor_3.dir/home/micha/.pico-sdk/sdk/1.5.1/src/common/pico_time/time.c.obj
 .text.delayed_by_us
                0x10001098       0x34 CMakeFiles/distance_sensor_3.dir/home/micha/.pico-sdk/sdk/1.5.1/src/common/pico_time/time.c.obj
 .text.ph_get_node
                0x100010cc       0x30 CMakeFiles/distance_sensor_3.dir/home/micha/.pico-sdk/sdk/1.5.1/src/common/pico_time/time.c.obj
 .text.ph_contains_node
                0x100010fc       0x1e CMakeFiles/distance_sensor_3.dir/home/micha/.pico-sdk/sdk/1.5.1/src/common/pico_time/time.c.obj
 .text.ph_new_node
                0x1000111a       0x28 CMakeFiles/distance_sensor_3.dir/home/micha/.pico-sdk/sdk/1.5.1/src/common/pico_time/time.c.obj
 *fill*         0x10001142        0x2 
 .text.ph_add_child_node
                0x10001144       0x6c CMakeFiles/distance_sensor_3.dir/home/micha/.pico-sdk/sdk/1.5.1/src/common/pico_time/time.c.obj
 .text.ph_merge_nodes
                0x100011b0       0x3e CMakeFiles/distance_sensor_3.dir/home/micha/.pico-sdk/sdk/1.5.1/src/common/pico_time/time.c.obj
 *fill*         0x100011ee        0x2 
 .text.ph_insert_node
                0x100011f0       0x3c CMakeFiles/distance_sensor_3.dir/home/micha/.pico-sdk/sdk/1.5.1/src/common/pico_time/time.c.obj
 .text.ph_free_node
                0x1000122c       0x5c CMakeFiles/distance_sensor_3.dir/home/micha/.pico-sdk/sdk/1.5.1/src/common/pico_time/time.c.obj
 .text.get_entry_id_high
                0x10001288       0x30 CMakeFiles/distance_sensor_3.dir/home/micha/.pico-sdk/sdk/1.5.1/src/common/pico_time/time.c.obj
 .text.alarm_pool_post_alloc_init
                0x100012b8       0x40 CMakeFiles/distance_sensor_3.dir/home/micha/.pico-sdk/sdk/1.5.1/src/common/pico_time/time.c.obj
 .text.sleep_until_callback
                0x100012f8       0x30 CMakeFiles/distance_sensor_3.dir/home/micha/.pico-sdk/sdk/1.5.1/src/common/pico_time/time.c.obj
 .text.get_absolute_time
                0x10001328       0x22 CMakeFiles/distance_sensor_3.dir/home/micha/.pico-sdk/sdk/1.5.1/src/common/pico_time/time.c.obj
 .text.make_timeout_time_us
                0x1000134a       0x24 CMakeFiles/distance_sensor_3.dir/home/micha/.pico-sdk/sdk/1.5.1/src/common/pico_time/time.c.obj
 *fill*         0x1000136e        0x2 
 .text.add_alarm_under_lock
                0x10001370       0x94 CMakeFiles/distance_sensor_3.dir/home/micha/.pico-sdk/sdk/1.5.1/src/common/pico_time/time.c.obj
 .text.alarm_pool_alarm_callback
                0x10001404      0x210 CMakeFiles/distance_sensor_3.dir/home/micha/.pico-sdk/sdk/1.5.1/src/common/pico_time/time.c.obj
 .text.alarm_pool_init_default
                0x10001614       0x40 CMakeFiles/distance_sensor_3.dir/home/micha/.pico-sdk/sdk/1.5.1/src/common/pico_time/time.c.obj
                0x10001614                alarm_pool_init_default
 .text.alarm_pool_get_default
                0x10001654       0x2c CMakeFiles/distance_sensor_3.dir/home/micha/.pico-sdk/sdk/1.5.1/src/common/pico_time/time.c.obj
                0x10001654                alarm_pool_get_default
 .text.alarm_pool_add_alarm_at
                0x10001680      0x10e CMakeFiles/distance_sensor_3.dir/home/micha/.pico-sdk/sdk/1.5.1/src/common/pico_time/time.c.obj
                0x10001680                alarm_pool_add_alarm_at
 .text.add_alarm_at
                0x1000178e       0x2e CMakeFiles/distance_sensor_3.dir/home/micha/.pico-sdk/sdk/1.5.1/src/common/pico_time/time.c.obj
 .text.alarm_pool_cancel_alarm
                0x100017bc       0xa8 CMakeFiles/distance_sensor_3.dir/home/micha/.pico-sdk/sdk/1.5.1/src/common/pico_time/time.c.obj
                0x100017bc                alarm_pool_cancel_alarm
 .text.cancel_alarm
                0x10001864       0x10 CMakeFiles/distance_sensor_3.dir/home/micha/.pico-sdk/sdk/1.5.1/src/common/pico_time/time.c.obj
 .text.alarm_pool_core_num
                0x10001874        0x4 CMakeFiles/distance_sensor_3.dir/home/micha/.pico-sdk/sdk/1.5.1/src/common/pico_time/time.c.obj
                0x10001874                alarm_pool_core_num
 .text.sleep_until
                0x10001878       0xb0 CMakeFiles/distance_sensor_3.dir/home/micha/.pico-sdk/sdk/1.5.1/src/common/pico_time/time.c.obj
                0x10001878                sleep_until
 .text.sleep_us
                0x10001928       0x1a CMakeFiles/distance_sensor_3.dir/home/micha/.pico-sdk/sdk/1.5.1/src/common/pico_time/time.c.obj
                0x10001928                sleep_us
 .text.sleep_ms
                0x10001942       0x14 CMakeFiles/distance_sensor_3.dir/home/micha/.pico-sdk/sdk/1.5.1/src/common/pico_time/time.c.obj
                0x10001942                sleep_ms
 *fill*         0x10001956        0x2 
 .text.best_effort_wfe_or_timeout
                0x10001958       0x44 CMakeFiles/distance_sensor_3.dir/home/micha/.pico-sdk/sdk/1.5.1/src/common/pico_time/time.c.obj
                0x10001958                best_effort_wfe_or_timeout
 .text.hardware_alarm_irq_handler
                0x1000199c       0x8c CMakeFiles/distance_sensor_3.dir/home/micha/.pico-sdk/sdk/1.5.1/src/rp2_common/hardware_timer/timer.c.obj
 .text.hardware_alarm_claim
                0x10001a28       0x18 CMakeFiles/distance_sensor_3.dir/home/micha/.pico-sdk/sdk/1.5.1/src/rp2_common/hardware_timer/timer.c.obj
                0x10001a28                hardware_alarm_claim
 .text.time_us_64
                0x10001a40       0x18 CMakeFiles/distance_sensor_3.dir/home/micha/.pico-sdk/sdk/1.5.1/src/rp2_common/hardware_timer/timer.c.obj
                0x10001a40                time_us_64
 .text.busy_wait_until
                0x10001a58       0x28 CMakeFiles/distance_sensor_3.dir/home/micha/.pico-sdk/sdk/1.5.1/src/rp2_common/hardware_timer/timer.c.obj
                0x10001a58                busy_wait_until
 .text.hardware_alarm_set_callback
                0x10001a80       0x90 CMakeFiles/distance_sensor_3.dir/home/micha/.pico-sdk/sdk/1.5.1/src/rp2_common/hardware_timer/timer.c.obj
                0x10001a80                hardware_alarm_set_callback
 .text.hardware_alarm_set_target
                0x10001b10       0xe8 CMakeFiles/distance_sensor_3.dir/home/micha/.pico-sdk/sdk/1.5.1/src/rp2_common/hardware_timer/timer.c.obj
                0x10001b10                hardware_alarm_set_target
 .text.hardware_alarm_cancel
                0x10001bf8       0x40 CMakeFiles/distance_sensor_3.dir/home/micha/.pico-sdk/sdk/1.5.1/src/rp2_common/hardware_timer/timer.c.obj
                0x10001bf8                hardware_alarm_cancel
 .text.ph_get_node
                0x10001c38       0x30 CMakeFiles/distance_sensor_3.dir/home/micha/.pico-sdk/sdk/1.5.1/src/common/pico_util/pheap.c.obj
 .text.ph_add_child_node
                0x10001c68       0x6c CMakeFiles/distance_sensor_3.dir/home/micha/.pico-sdk/sdk/1.5.1/src/common/pico_util/pheap.c.obj
 .text.ph_merge_nodes
                0x10001cd4       0x3e CMakeFiles/distance_sensor_3.dir/home/micha/.pico-sdk/sdk/1.5.1/src/common/pico_util/pheap.c.obj
 .text.ph_clear
                0x10001d12       0x34 CMakeFiles/distance_sensor_3.dir/home/micha/.pico-sdk/sdk/1.5.1/src/common/pico_util/pheap.c.obj
                0x10001d12                ph_clear
 .text.ph_post_alloc_init
                0x10001d46        0xe CMakeFiles/distance_sensor_3.dir/home/micha/.pico-sdk/sdk/1.5.1/src/common/pico_util/pheap.c.obj
                0x10001d46                ph_post_alloc_init
 .text.ph_merge_two_pass
                0x10001d54       0x5c CMakeFiles/distance_sensor_3.dir/home/micha/.pico-sdk/sdk/1.5.1/src/common/pico_util/pheap.c.obj
                0x10001d54                ph_merge_two_pass
 .text.ph_remove_any_head
                0x10001db0       0xc0 CMakeFiles/distance_sensor_3.dir/home/micha/.pico-sdk/sdk/1.5.1/src/common/pico_util/pheap.c.obj
 .text.ph_remove_head
                0x10001e70       0x14 CMakeFiles/distance_sensor_3.dir/home/micha/.pico-sdk/sdk/1.5.1/src/common/pico_util/pheap.c.obj
                0x10001e70                ph_remove_head
 .text.ph_remove_and_free_node
                0x10001e84       0xa0 CMakeFiles/distance_sensor_3.dir/home/micha/.pico-sdk/sdk/1.5.1/src/common/pico_util/pheap.c.obj
                0x10001e84                ph_remove_and_free_node
 .text.clock_configure
                0x10001f24      0x108 CMakeFiles/distance_sensor_3.dir/home/micha/.pico-sdk/sdk/1.5.1/src/rp2_common/hardware_clocks/clocks.c.obj
                0x10001f24                clock_configure
 .text.clocks_init
                0x1000202c      0x100 CMakeFiles/distance_sensor_3.dir/home/micha/.pico-sdk/sdk/1.5.1/src/rp2_common/hardware_clocks/clocks.c.obj
                0x1000202c                clocks_init
 .text.clock_get_hz
                0x1000212c        0xc CMakeFiles/distance_sensor_3.dir/home/micha/.pico-sdk/sdk/1.5.1/src/rp2_common/hardware_clocks/clocks.c.obj
                0x1000212c                clock_get_hz
 .text.pll_init
                0x10002138      0x120 CMakeFiles/distance_sensor_3.dir/home/micha/.pico-sdk/sdk/1.5.1/src/rp2_common/hardware_pll/pll.c.obj
                0x10002138                pll_init
 .text.watchdog_start_tick
                0x10002258       0x10 CMakeFiles/distance_sensor_3.dir/home/micha/.pico-sdk/sdk/1.5.1/src/rp2_common/hardware_watchdog/watchdog.c.obj
                0x10002258                watchdog_start_tick
 .text.watchdog_update
                0x10002268       0x14 CMakeFiles/distance_sensor_3.dir/home/micha/.pico-sdk/sdk/1.5.1/src/rp2_common/hardware_watchdog/watchdog.c.obj
                0x10002268                watchdog_update
 .text._watchdog_enable
                0x1000227c       0x78 CMakeFiles/distance_sensor_3.dir/home/micha/.pico-sdk/sdk/1.5.1/src/rp2_common/hardware_watchdog/watchdog.c.obj
                0x1000227c                _watchdog_enable
 .text.watchdog_reboot
                0x100022f4       0x48 CMakeFiles/distance_sensor_3.dir/home/micha/.pico-sdk/sdk/1.5.1/src/rp2_common/hardware_watchdog/watchdog.c.obj
                0x100022f4                watchdog_reboot
 .text.xosc_init
                0x1000233c       0x28 CMakeFiles/distance_sensor_3.dir/home/micha/.pico-sdk/sdk/1.5.1/src/rp2_common/hardware_xosc/xosc.c.obj
                0x1000233c                xosc_init
 .text._exit    0x10002364        0x4 CMakeFiles/distance_sensor_3.dir/home/micha/.pico-sdk/sdk/1.5.1/src/rp2_common/pico_runtime/runtime.c.obj
                0x10002364                _exit
 .text.exit     0x10002368        0x6 CMakeFiles/distance_sensor_3.dir/home/micha/.pico-sdk/sdk/1.5.1/src/rp2_common/pico_runtime/runtime.c.obj
                0x10002368                exit
 *fill*         0x1000236e        0x2 
 .text.__assert_func
                0x10002370       0x38 CMakeFiles/distance_sensor_3.dir/home/micha/.pico-sdk/sdk/1.5.1/src/rp2_common/pico_runtime/runtime.c.obj
                0x10002370                __assert_func
 .text.runtime_init
                0x100023a8       0xf8 CMakeFiles/distance_sensor_3.dir/home/micha/.pico-sdk/sdk/1.5.1/src/rp2_common/pico_runtime/runtime.c.obj
                0x100023a8                runtime_init
 .text.panic    0x100024a0       0x30 CMakeFiles/distance_sensor_3.dir/home/micha/.pico-sdk/sdk/1.5.1/src/rp2_common/pico_runtime/runtime.c.obj
                0x100024a0                panic
 .text.panic_unsupported
                0x100024d0        0xc CMakeFiles/distance_sensor_3.dir/home/micha/.pico-sdk/sdk/1.5.1/src/rp2_common/pico_runtime/runtime.c.obj
                0x100024d0                panic_unsupported
 .text._out_null
                0x100024dc        0x2 CMakeFiles/distance_sensor_3.dir/home/micha/.pico-sdk/sdk/1.5.1/src/rp2_common/pico_printf/printf.c.obj
 .text._out_fct
                0x100024de        0xe CMakeFiles/distance_sensor_3.dir/home/micha/.pico-sdk/sdk/1.5.1/src/rp2_common/pico_printf/printf.c.obj
 .text._atoi    0x100024ec       0x24 CMakeFiles/distance_sensor_3.dir/home/micha/.pico-sdk/sdk/1.5.1/src/rp2_common/pico_printf/printf.c.obj
 .text._out_rev
                0x10002510       0xae CMakeFiles/distance_sensor_3.dir/home/micha/.pico-sdk/sdk/1.5.1/src/rp2_common/pico_printf/printf.c.obj
 .text._ntoa_format
                0x100025be      0x110 CMakeFiles/distance_sensor_3.dir/home/micha/.pico-sdk/sdk/1.5.1/src/rp2_common/pico_printf/printf.c.obj
 .text._ntoa_long
                0x100026ce       0xbc CMakeFiles/distance_sensor_3.dir/home/micha/.pico-sdk/sdk/1.5.1/src/rp2_common/pico_printf/printf.c.obj
 .text._ntoa_long_long
                0x1000278a      0x10e CMakeFiles/distance_sensor_3.dir/home/micha/.pico-sdk/sdk/1.5.1/src/rp2_common/pico_printf/printf.c.obj
 .text._etoa    0x10002898      0x420 CMakeFiles/distance_sensor_3.dir/home/micha/.pico-sdk/sdk/1.5.1/src/rp2_common/pico_printf/printf.c.obj
 .text._ftoa    0x10002cb8      0x354 CMakeFiles/distance_sensor_3.dir/home/micha/.pico-sdk/sdk/1.5.1/src/rp2_common/pico_printf/printf.c.obj
 .text._vsnprintf
                0x1000300c      0x668 CMakeFiles/distance_sensor_3.dir/home/micha/.pico-sdk/sdk/1.5.1/src/rp2_common/pico_printf/printf.c.obj
 .text.vfctprintf
                0x10003674       0x20 CMakeFiles/distance_sensor_3.dir/home/micha/.pico-sdk/sdk/1.5.1/src/rp2_common/pico_printf/printf.c.obj
                0x10003674                vfctprintf
 .text          0x10003694       0x10 CMakeFiles/distance_sensor_3.dir/home/micha/.pico-sdk/sdk/1.5.1/src/rp2_common/pico_bit_ops/bit_ops_aeabi.S.obj
 .text.ctzsi    0x100036a4        0xc CMakeFiles/distance_sensor_3.dir/home/micha/.pico-sdk/sdk/1.5.1/src/rp2_common/pico_bit_ops/bit_ops_aeabi.S.obj
                0x100036a4                __wrap___ctzsi2
 .text.rom_func_lookup
                0x100036b0       0x10 CMakeFiles/distance_sensor_3.dir/home/micha/.pico-sdk/sdk/1.5.1/src/rp2_common/pico_bootrom/bootrom.c.obj
                0x100036b0                rom_func_lookup
 .text.rom_data_lookup
                0x100036c0       0x10 CMakeFiles/distance_sensor_3.dir/home/micha/.pico-sdk/sdk/1.5.1/src/rp2_common/pico_bootrom/bootrom.c.obj
                0x100036c0                rom_data_lookup
 .text.rom_funcs_lookup
                0x100036d0       0x36 CMakeFiles/distance_sensor_3.dir/home/micha/.pico-sdk/sdk/1.5.1/src/rp2_common/pico_bootrom/bootrom.c.obj
                0x100036d0                rom_funcs_lookup
 *fill*         0x10003706        0x2 
 .text.__wrap___aeabi_idiv
                0x10003708       0x50 CMakeFiles/distance_sensor_3.dir/home/micha/.pico-sdk/sdk/1.5.1/src/rp2_common/pico_divider/divider.S.obj
                0x10003708                __wrap___aeabi_idivmod
                0x10003708                divmod_s32s32
                0x10003708                div_s32s32
                0x10003708                __wrap___aeabi_idiv
                0x10003710                divmod_s32s32_unsafe
                0x1000373c                divmod_s32s32_savestate
 .text.__wrap___aeabi_uidiv
                0x10003758       0x4c CMakeFiles/distance_sensor_3.dir/home/micha/.pico-sdk/sdk/1.5.1/src/rp2_common/pico_divider/divider.S.obj
                0x10003758                __wrap___aeabi_uidiv
                0x10003758                __wrap___aeabi_uidivmod
                0x10003758                div_u32u32
                0x10003758                divmod_u32u32
                0x10003760                divmod_u32u32_unsafe
                0x10003788                divmod_u32u32_savestate
 .text.__wrap___aeabi_ldiv
                0x100037a4      0x424 CMakeFiles/distance_sensor_3.dir/home/micha/.pico-sdk/sdk/1.5.1/src/rp2_common/pico_divider/divider.S.obj
                0x100037a4                div_s64s64
                0x100037a4                divmod_s64s64
                0x100037a4                __wrap___aeabi_ldivmod
                0x100037d4                div_u64u64
                0x100037d4                divmod_u64u64
                0x100037d4                __wrap___aeabi_uldivmod
                0x100037e4                divmod_u64u64_savestate
                0x10003804                divmod_s64s64_unsafe
                0x1000388c                divmod_u64u64_unsafe
 .text.__wrap___aeabi_darithmetic
                0x10003bc8       0x60 CMakeFiles/distance_sensor_3.dir/home/micha/.pico-sdk/sdk/1.5.1/src/rp2_common/pico_double/double_aeabi.S.obj
                0x10003bc8                __wrap___aeabi_drsub
                0x10003bce                __wrap___aeabi_dsub
                0x10003bd8                __wrap___aeabi_dadd
                0x10003be2                __wrap___aeabi_ddiv
                0x10003c16                __wrap___aeabi_dmul
 .text.__wrap___aeabi_cdcmple
                0x10003c28       0x6c CMakeFiles/distance_sensor_3.dir/home/micha/.pico-sdk/sdk/1.5.1/src/rp2_common/pico_double/double_aeabi.S.obj
                0x10003c28                __wrap___aeabi_cdrcmple
                0x10003c38                __wrap___aeabi_cdcmple
                0x10003c38                __wrap___aeabi_cdcmpeq
 .text.__wrap___aeabi_dcmplt
                0x10003c94        0xc CMakeFiles/distance_sensor_3.dir/home/micha/.pico-sdk/sdk/1.5.1/src/rp2_common/pico_double/double_aeabi.S.obj
                0x10003c94                __wrap___aeabi_dcmplt
 .text.__wrap___aeabi_dcmple
                0x10003ca0       0x10 CMakeFiles/distance_sensor_3.dir/home/micha/.pico-sdk/sdk/1.5.1/src/rp2_common/pico_double/double_aeabi.S.obj
                0x10003ca0                __wrap___aeabi_dcmple
 .text.__wrap___aeabi_dcmpge
                0x10003cb0       0x10 CMakeFiles/distance_sensor_3.dir/home/micha/.pico-sdk/sdk/1.5.1/src/rp2_common/pico_double/double_aeabi.S.obj
                0x10003cb0                __wrap___aeabi_dcmpge
 .text.__wrap___aeabi_dcmpgt
                0x10003cc0        0xa CMakeFiles/distance_sensor_3.dir/home/micha/.pico-sdk/sdk/1.5.1/src/rp2_common/pico_double/double_aeabi.S.obj
                0x10003cc0                __wrap___aeabi_dcmpgt
 .text.__wrap___aeabi_dcmpun
                0x10003cca       0x1c CMakeFiles/distance_sensor_3.dir/home/micha/.pico-sdk/sdk/1.5.1/src/rp2_common/pico_double/double_aeabi.S.obj
                0x10003cca                __wrap___aeabi_dcmpun
 *fill*         0x10003ce6        0x2 
 .text.__wrap___aeabi_i2d
                0x10003ce8       0x38 CMakeFiles/distance_sensor_3.dir/home/micha/.pico-sdk/sdk/1.5.1/src/rp2_common/pico_double/double_aeabi.S.obj
                0x10003ce8                __wrap___aeabi_ui2d
                0x10003cf0                __wrap___aeabi_i2d
 .text.__wrap___aeabi_d2iz
                0x10003d20       0x48 CMakeFiles/distance_sensor_3.dir/home/micha/.pico-sdk/sdk/1.5.1/src/rp2_common/pico_double/double_aeabi.S.obj
                0x10003d20                __wrap___aeabi_d2iz
                0x10003d20                double2int_z
 .text.__wrap___aeabi_d2uiz
                0x10003d68       0x10 CMakeFiles/distance_sensor_3.dir/home/micha/.pico-sdk/sdk/1.5.1/src/rp2_common/pico_double/double_aeabi.S.obj
                0x10003d68                double2uint
                0x10003d68                __wrap___aeabi_d2uiz
 .text.missing_double_func_shim
                0x10003d78        0xc CMakeFiles/distance_sensor_3.dir/home/micha/.pico-sdk/sdk/1.5.1/src/rp2_common/pico_double/double_init_rom.c.obj
 .text.__aeabi_double_init
                0x10003d84       0xd0 CMakeFiles/distance_sensor_3.dir/home/micha/.pico-sdk/sdk/1.5.1/src/rp2_common/pico_double/double_init_rom.c.obj
                0x10003d84                __aeabi_double_init
 .text.double_table_shim_on_use_helper
                0x10003e54       0x34 CMakeFiles/distance_sensor_3.dir/home/micha/.pico-sdk/sdk/1.5.1/src/rp2_common/pico_double/double_v1_rom_shim.S.obj
                0x10003e54                double_table_shim_on_use_helper
 .text.__aeabi_lmul
                0x10003e88       0x32 CMakeFiles/distance_sensor_3.dir/home/micha/.pico-sdk/sdk/1.5.1/src/rp2_common/pico_int64_ops/pico_int64_ops_aeabi.S.obj
                0x10003e88                __wrap___aeabi_lmul
 *fill*         0x10003eba        0x2 
 .text.missing_float_func_shim
                0x10003ebc        0xc CMakeFiles/distance_sensor_3.dir/home/micha/.pico-sdk/sdk/1.5.1/src/rp2_common/pico_float/float_init_rom.c.obj
 .text.__aeabi_float_init
                0x10003ec8       0x88 CMakeFiles/distance_sensor_3.dir/home/micha/.pico-sdk/sdk/1.5.1/src/rp2_common/pico_float/float_init_rom.c.obj
                0x10003ec8                __aeabi_float_init
 .text          0x10003f50       0x10 CMakeFiles/distance_sensor_3.dir/home/micha/.pico-sdk/sdk/1.5.1/src/rp2_common/pico_mem_ops/mem_ops_aeabi.S.obj
                0x10003f50                __aeabi_mem_init
 .text.memset   0x10003f60        0xc CMakeFiles/distance_sensor_3.dir/home/micha/.pico-sdk/sdk/1.5.1/src/rp2_common/pico_mem_ops/mem_ops_aeabi.S.obj
                0x10003f60                __wrap_memset
 .text.memcpy   0x10003f6c        0xc CMakeFiles/distance_sensor_3.dir/home/micha/.pico-sdk/sdk/1.5.1/src/rp2_common/pico_mem_ops/mem_ops_aeabi.S.obj
                0x10003f6c                __wrap___aeabi_memcpy
                0x10003f6c                __wrap_memcpy
 .text.stdio_out_chars_no_crlf
                0x10003f78        0xe CMakeFiles/distance_sensor_3.dir/home/micha/.pico-sdk/sdk/1.5.1/src/rp2_common/pico_stdio/stdio.c.obj
 *fill*         0x10003f86        0x2 
 .text.stdio_out_chars_crlf
                0x10003f88       0x80 CMakeFiles/distance_sensor_3.dir/home/micha/.pico-sdk/sdk/1.5.1/src/rp2_common/pico_stdio/stdio.c.obj
 .text.stdio_stack_buffer_flush
                0x10004008       0x44 CMakeFiles/distance_sensor_3.dir/home/micha/.pico-sdk/sdk/1.5.1/src/rp2_common/pico_stdio/stdio.c.obj
 .text.stdio_buffered_printer
                0x1000404c       0x20 CMakeFiles/distance_sensor_3.dir/home/micha/.pico-sdk/sdk/1.5.1/src/rp2_common/pico_stdio/stdio.c.obj
 .text.update_us_since_boot
                0x1000406c       0x24 CMakeFiles/distance_sensor_3.dir/home/micha/.pico-sdk/sdk/1.5.1/src/rp2_common/pico_stdio/stdio.c.obj
 .text.get_absolute_time
                0x10004090       0x22 CMakeFiles/distance_sensor_3.dir/home/micha/.pico-sdk/sdk/1.5.1/src/rp2_common/pico_stdio/stdio.c.obj
 *fill*         0x100040b2        0x2 
 .text.delayed_by_ms
                0x100040b4       0x44 CMakeFiles/distance_sensor_3.dir/home/micha/.pico-sdk/sdk/1.5.1/src/rp2_common/pico_stdio/stdio.c.obj
 .text.make_timeout_time_ms
                0x100040f8       0x20 CMakeFiles/distance_sensor_3.dir/home/micha/.pico-sdk/sdk/1.5.1/src/rp2_common/pico_stdio/stdio.c.obj
 .text.stdout_serialize_begin
                0x10004118       0x20 CMakeFiles/distance_sensor_3.dir/home/micha/.pico-sdk/sdk/1.5.1/src/rp2_common/pico_stdio/stdio.c.obj
                0x10004118                stdout_serialize_begin
 .text.stdout_serialize_end
                0x10004138       0x10 CMakeFiles/distance_sensor_3.dir/home/micha/.pico-sdk/sdk/1.5.1/src/rp2_common/pico_stdio/stdio.c.obj
                0x10004138                stdout_serialize_end
 .text.stdio_put_string
                0x10004148       0x98 CMakeFiles/distance_sensor_3.dir/home/micha/.pico-sdk/sdk/1.5.1/src/rp2_common/pico_stdio/stdio.c.obj
 .text.stdio_set_driver_enabled
                0x100041e0       0x2c CMakeFiles/distance_sensor_3.dir/home/micha/.pico-sdk/sdk/1.5.1/src/rp2_common/pico_stdio/stdio.c.obj
                0x100041e0                stdio_set_driver_enabled
 .text.stdio_flush
                0x1000420c       0x20 CMakeFiles/distance_sensor_3.dir/home/micha/.pico-sdk/sdk/1.5.1/src/rp2_common/pico_stdio/stdio.c.obj
                0x1000420c                stdio_flush
 .text.__wrap_puts
                0x1000422c       0x1e CMakeFiles/distance_sensor_3.dir/home/micha/.pico-sdk/sdk/1.5.1/src/rp2_common/pico_stdio/stdio.c.obj
                0x1000422c                __wrap_puts
 *fill*         0x1000424a        0x2 
 .text.__wrap_vprintf
                0x1000424c       0x40 CMakeFiles/distance_sensor_3.dir/home/micha/.pico-sdk/sdk/1.5.1/src/rp2_common/pico_stdio/stdio.c.obj
                0x1000424c                __wrap_vprintf
 .text.__wrap_printf
                0x1000428c       0x18 CMakeFiles/distance_sensor_3.dir/home/micha/.pico-sdk/sdk/1.5.1/src/rp2_common/pico_stdio/stdio.c.obj
                0x1000428c                __wrap_printf
 .text.stdio_init_all
                0x100042a4        0x8 CMakeFiles/distance_sensor_3.dir/home/micha/.pico-sdk/sdk/1.5.1/src/rp2_common/pico_stdio/stdio.c.obj
                0x100042a4                stdio_init_all
 .text.resetd_init
                0x100042ac        0x2 CMakeFiles/distance_sensor_3.dir/home/micha/.pico-sdk/sdk/1.5.1/src/rp2_common/pico_stdio_usb/reset_interface.c.obj
 *fill*         0x100042ae        0x2 
 .text.resetd_reset
                0x100042b0        0xc CMakeFiles/distance_sensor_3.dir/home/micha/.pico-sdk/sdk/1.5.1/src/rp2_common/pico_stdio_usb/reset_interface.c.obj
 .text.resetd_open
                0x100042bc       0x34 CMakeFiles/distance_sensor_3.dir/home/micha/.pico-sdk/sdk/1.5.1/src/rp2_common/pico_stdio_usb/reset_interface.c.obj
 .text.resetd_xfer_cb
                0x100042f0        0x4 CMakeFiles/distance_sensor_3.dir/home/micha/.pico-sdk/sdk/1.5.1/src/rp2_common/pico_stdio_usb/reset_interface.c.obj
 .text.reset_usb_boot
                0x100042f4       0x18 CMakeFiles/distance_sensor_3.dir/home/micha/.pico-sdk/sdk/1.5.1/src/rp2_common/pico_stdio_usb/reset_interface.c.obj
 .text.resetd_control_xfer_cb
                0x1000430c       0x5c CMakeFiles/distance_sensor_3.dir/home/micha/.pico-sdk/sdk/1.5.1/src/rp2_common/pico_stdio_usb/reset_interface.c.obj
 .text.usbd_app_driver_get_cb
                0x10004368        0xc CMakeFiles/distance_sensor_3.dir/home/micha/.pico-sdk/sdk/1.5.1/src/rp2_common/pico_stdio_usb/reset_interface.c.obj
                0x10004368                usbd_app_driver_get_cb
 .text.tud_cdc_line_coding_cb
                0x10004374       0x28 CMakeFiles/distance_sensor_3.dir/home/micha/.pico-sdk/sdk/1.5.1/src/rp2_common/pico_stdio_usb/reset_interface.c.obj
                0x10004374                tud_cdc_line_coding_cb
 .text.stdio_usb_set_chars_available_callback
                0x1000439c       0x14 CMakeFiles/distance_sensor_3.dir/home/micha/.pico-sdk/sdk/1.5.1/src/rp2_common/pico_stdio_usb/stdio_usb.c.obj
                0x1000439c                stdio_usb_set_chars_available_callback
 .text.update_us_since_boot
                0x100043b0       0x24 CMakeFiles/distance_sensor_3.dir/home/micha/.pico-sdk/sdk/1.5.1/src/rp2_common/pico_stdio_usb/stdio_usb.c.obj
 .text.get_absolute_time
                0x100043d4       0x22 CMakeFiles/distance_sensor_3.dir/home/micha/.pico-sdk/sdk/1.5.1/src/rp2_common/pico_stdio_usb/stdio_usb.c.obj
 *fill*         0x100043f6        0x2 
 .text.delayed_by_ms
                0x100043f8       0x44 CMakeFiles/distance_sensor_3.dir/home/micha/.pico-sdk/sdk/1.5.1/src/rp2_common/pico_stdio_usb/stdio_usb.c.obj
 .text.make_timeout_time_ms
                0x1000443c       0x20 CMakeFiles/distance_sensor_3.dir/home/micha/.pico-sdk/sdk/1.5.1/src/rp2_common/pico_stdio_usb/stdio_usb.c.obj
 .text.delayed_by_us
                0x1000445c       0x34 CMakeFiles/distance_sensor_3.dir/home/micha/.pico-sdk/sdk/1.5.1/src/rp2_common/pico_stdio_usb/stdio_usb.c.obj
 .text.usb_irq  0x10004490       0x10 CMakeFiles/distance_sensor_3.dir/home/micha/.pico-sdk/sdk/1.5.1/src/rp2_common/pico_stdio_usb/stdio_usb.c.obj
 .text.critical_section_enter_blocking
                0x100044a0       0x16 CMakeFiles/distance_sensor_3.dir/home/micha/.pico-sdk/sdk/1.5.1/src/rp2_common/pico_stdio_usb/stdio_usb.c.obj
 *fill*         0x100044b6        0x2 
 .text.timer_task
                0x100044b8       0x4c CMakeFiles/distance_sensor_3.dir/home/micha/.pico-sdk/sdk/1.5.1/src/rp2_common/pico_stdio_usb/stdio_usb.c.obj
 .text.alarm_pool_add_alarm_in_us
                0x10004504       0x3a CMakeFiles/distance_sensor_3.dir/home/micha/.pico-sdk/sdk/1.5.1/src/rp2_common/pico_stdio_usb/stdio_usb.c.obj
 .text.add_alarm_in_us
                0x1000453e       0x2e CMakeFiles/distance_sensor_3.dir/home/micha/.pico-sdk/sdk/1.5.1/src/rp2_common/pico_stdio_usb/stdio_usb.c.obj
 .text.low_priority_worker_irq
                0x1000456c       0x7c CMakeFiles/distance_sensor_3.dir/home/micha/.pico-sdk/sdk/1.5.1/src/rp2_common/pico_stdio_usb/stdio_usb.c.obj
 .text.tud_cdc_rx_cb
                0x100045e8       0x20 CMakeFiles/distance_sensor_3.dir/home/micha/.pico-sdk/sdk/1.5.1/src/rp2_common/pico_stdio_usb/stdio_usb.c.obj
                0x100045e8                tud_cdc_rx_cb
 .text.stdio_usb_init
                0x10004608       0xd0 CMakeFiles/distance_sensor_3.dir/home/micha/.pico-sdk/sdk/1.5.1/src/rp2_common/pico_stdio_usb/stdio_usb.c.obj
                0x10004608                stdio_usb_init
 .text.stdio_usb_connected
                0x100046d8        0xa CMakeFiles/distance_sensor_3.dir/home/micha/.pico-sdk/sdk/1.5.1/src/rp2_common/pico_stdio_usb/stdio_usb.c.obj
                0x100046d8                stdio_usb_connected
 *fill*         0x100046e2        0x2 
 .text.stdio_usb_in_chars
                0x100046e4       0x88 CMakeFiles/distance_sensor_3.dir/home/micha/.pico-sdk/sdk/1.5.1/src/rp2_common/pico_stdio_usb/stdio_usb.c.obj
                0x100046e4                stdio_usb_in_chars
 .text.stdio_usb_out_chars
                0x1000476c       0xd8 CMakeFiles/distance_sensor_3.dir/home/micha/.pico-sdk/sdk/1.5.1/src/rp2_common/pico_stdio_usb/stdio_usb.c.obj
 .text.tud_descriptor_device_cb
                0x10004844        0x8 CMakeFiles/distance_sensor_3.dir/home/micha/.pico-sdk/sdk/1.5.1/src/rp2_common/pico_stdio_usb/stdio_usb_descriptors.c.obj
                0x10004844                tud_descriptor_device_cb
 .text.tud_descriptor_configuration_cb
                0x1000484c        0x8 CMakeFiles/distance_sensor_3.dir/home/micha/.pico-sdk/sdk/1.5.1/src/rp2_common/pico_stdio_usb/stdio_usb_descriptors.c.obj
                0x1000484c                tud_descriptor_configuration_cb
 .text.tud_descriptor_string_cb
                0x10004854       0x6c CMakeFiles/distance_sensor_3.dir/home/micha/.pico-sdk/sdk/1.5.1/src/rp2_common/pico_stdio_usb/stdio_usb_descriptors.c.obj
                0x10004854                tud_descriptor_string_cb
 .text._retrieve_unique_id_on_boot
                0x100048c0       0x10 CMakeFiles/distance_sensor_3.dir/home/micha/.pico-sdk/sdk/1.5.1/src/rp2_common/pico_unique_id/unique_id.c.obj
 .text.pico_get_unique_board_id
                0x100048d0       0x10 CMakeFiles/distance_sensor_3.dir/home/micha/.pico-sdk/sdk/1.5.1/src/rp2_common/pico_unique_id/unique_id.c.obj
                0x100048d0                pico_get_unique_board_id
 .text.pico_get_unique_board_id_string
                0x100048e0       0x5c CMakeFiles/distance_sensor_3.dir/home/micha/.pico-sdk/sdk/1.5.1/src/rp2_common/pico_unique_id/unique_id.c.obj
                0x100048e0                pico_get_unique_board_id_string
 .text.flash_get_unique_id
                0x1000493c       0x40 CMakeFiles/distance_sensor_3.dir/home/micha/.pico-sdk/sdk/1.5.1/src/rp2_common/hardware_flash/flash.c.obj
                0x1000493c                flash_get_unique_id
 .text.hw_endpoint_get_by_addr
                0x1000497c       0x18 CMakeFiles/distance_sensor_3.dir/home/micha/.pico-sdk/sdk/1.5.1/lib/tinyusb/src/portable/raspberrypi/rp2040/dcd_rp2040.c.obj
 .text._hw_endpoint_alloc
                0x10004994       0x70 CMakeFiles/distance_sensor_3.dir/home/micha/.pico-sdk/sdk/1.5.1/lib/tinyusb/src/portable/raspberrypi/rp2040/dcd_rp2040.c.obj
 .text.hw_endpoint_init
                0x10004a04       0x88 CMakeFiles/distance_sensor_3.dir/home/micha/.pico-sdk/sdk/1.5.1/lib/tinyusb/src/portable/raspberrypi/rp2040/dcd_rp2040.c.obj
 .text.dcd_event_sof
                0x10004a8c       0x2c CMakeFiles/distance_sensor_3.dir/home/micha/.pico-sdk/sdk/1.5.1/lib/tinyusb/src/portable/raspberrypi/rp2040/dcd_rp2040.c.obj
 .text.hw_endpoint_xfer
                0x10004ab8       0x14 CMakeFiles/distance_sensor_3.dir/home/micha/.pico-sdk/sdk/1.5.1/lib/tinyusb/src/portable/raspberrypi/rp2040/dcd_rp2040.c.obj
 .text.dcd_int_enable
                0x10004acc       0x2c CMakeFiles/distance_sensor_3.dir/home/micha/.pico-sdk/sdk/1.5.1/lib/tinyusb/src/portable/raspberrypi/rp2040/dcd_rp2040.c.obj
                0x10004acc                dcd_int_enable
 .text.dcd_set_address
                0x10004af8       0x2c CMakeFiles/distance_sensor_3.dir/home/micha/.pico-sdk/sdk/1.5.1/lib/tinyusb/src/portable/raspberrypi/rp2040/dcd_rp2040.c.obj
                0x10004af8                dcd_set_address
 .text.dcd_connect
                0x10004b24       0x10 CMakeFiles/distance_sensor_3.dir/home/micha/.pico-sdk/sdk/1.5.1/lib/tinyusb/src/portable/raspberrypi/rp2040/dcd_rp2040.c.obj
                0x10004b24                dcd_connect
 .text.dcd_init
                0x10004b34       0x80 CMakeFiles/distance_sensor_3.dir/home/micha/.pico-sdk/sdk/1.5.1/lib/tinyusb/src/portable/raspberrypi/rp2040/dcd_rp2040.c.obj
                0x10004b34                dcd_init
 .text.dcd_edpt0_status_complete
                0x10004bb4       0x1c CMakeFiles/distance_sensor_3.dir/home/micha/.pico-sdk/sdk/1.5.1/lib/tinyusb/src/portable/raspberrypi/rp2040/dcd_rp2040.c.obj
                0x10004bb4                dcd_edpt0_status_complete
 .text.dcd_edpt_open
                0x10004bd0       0x40 CMakeFiles/distance_sensor_3.dir/home/micha/.pico-sdk/sdk/1.5.1/lib/tinyusb/src/portable/raspberrypi/rp2040/dcd_rp2040.c.obj
                0x10004bd0                dcd_edpt_open
 .text.dcd_edpt_close_all
                0x10004c10        0x8 CMakeFiles/distance_sensor_3.dir/home/micha/.pico-sdk/sdk/1.5.1/lib/tinyusb/src/portable/raspberrypi/rp2040/dcd_rp2040.c.obj
                0x10004c10                dcd_edpt_close_all
 .text.dcd_edpt_xfer
                0x10004c18       0x34 CMakeFiles/distance_sensor_3.dir/home/micha/.pico-sdk/sdk/1.5.1/lib/tinyusb/src/portable/raspberrypi/rp2040/dcd_rp2040.c.obj
                0x10004c18                dcd_edpt_xfer
 .text.dcd_edpt_stall
                0x10004c4c       0x2c CMakeFiles/distance_sensor_3.dir/home/micha/.pico-sdk/sdk/1.5.1/lib/tinyusb/src/portable/raspberrypi/rp2040/dcd_rp2040.c.obj
                0x10004c4c                dcd_edpt_stall
 .text.dcd_edpt_clear_stall
                0x10004c78       0x20 CMakeFiles/distance_sensor_3.dir/home/micha/.pico-sdk/sdk/1.5.1/lib/tinyusb/src/portable/raspberrypi/rp2040/dcd_rp2040.c.obj
                0x10004c78                dcd_edpt_clear_stall
 .text.rp2040_usb_init
                0x10004c98       0x4c CMakeFiles/distance_sensor_3.dir/home/micha/.pico-sdk/sdk/1.5.1/lib/tinyusb/src/portable/raspberrypi/rp2040/rp2040_usb.c.obj
                0x10004c98                rp2040_usb_init
 .text.hw_endpoint_xfer_start
                0x10004ce4       0x50 CMakeFiles/distance_sensor_3.dir/home/micha/.pico-sdk/sdk/1.5.1/lib/tinyusb/src/portable/raspberrypi/rp2040/rp2040_usb.c.obj
                0x10004ce4                hw_endpoint_xfer_start
 .text.configuration_reset
                0x10004d34       0x84 CMakeFiles/distance_sensor_3.dir/home/micha/.pico-sdk/sdk/1.5.1/lib/tinyusb/src/device/usbd.c.obj
 .text.critical_section_enter_blocking
                0x10004db8       0x16 CMakeFiles/distance_sensor_3.dir/home/micha/.pico-sdk/sdk/1.5.1/lib/tinyusb/src/device/usbd.c.obj
 .text.usbd_reset
                0x10004dce        0xc CMakeFiles/distance_sensor_3.dir/home/micha/.pico-sdk/sdk/1.5.1/lib/tinyusb/src/device/usbd.c.obj
 .text.invoke_class_control
                0x10004dda       0x1a CMakeFiles/distance_sensor_3.dir/home/micha/.pico-sdk/sdk/1.5.1/lib/tinyusb/src/device/usbd.c.obj
 .text.process_set_config
                0x10004df4      0x178 CMakeFiles/distance_sensor_3.dir/home/micha/.pico-sdk/sdk/1.5.1/lib/tinyusb/src/device/usbd.c.obj
 .text.process_get_descriptor
                0x10004f6c       0xdc CMakeFiles/distance_sensor_3.dir/home/micha/.pico-sdk/sdk/1.5.1/lib/tinyusb/src/device/usbd.c.obj
 .text.tud_mounted
                0x10005048       0x10 CMakeFiles/distance_sensor_3.dir/home/micha/.pico-sdk/sdk/1.5.1/lib/tinyusb/src/device/usbd.c.obj
                0x10005048                tud_mounted
 .text.tud_suspended
                0x10005058       0x10 CMakeFiles/distance_sensor_3.dir/home/micha/.pico-sdk/sdk/1.5.1/lib/tinyusb/src/device/usbd.c.obj
                0x10005058                tud_suspended
 .text.tud_inited
                0x10005068       0x14 CMakeFiles/distance_sensor_3.dir/home/micha/.pico-sdk/sdk/1.5.1/lib/tinyusb/src/device/usbd.c.obj
                0x10005068                tud_inited
 .text.tud_init
                0x1000507c       0xcc CMakeFiles/distance_sensor_3.dir/home/micha/.pico-sdk/sdk/1.5.1/lib/tinyusb/src/device/usbd.c.obj
                0x1000507c                tud_init
 .text.usbd_defer_func
                0x10005148       0x2a CMakeFiles/distance_sensor_3.dir/home/micha/.pico-sdk/sdk/1.5.1/lib/tinyusb/src/device/usbd.c.obj
                0x10005148                usbd_defer_func
 *fill*         0x10005172        0x2 
 .text.usbd_edpt_open
                0x10005174       0x34 CMakeFiles/distance_sensor_3.dir/home/micha/.pico-sdk/sdk/1.5.1/lib/tinyusb/src/device/usbd.c.obj
                0x10005174                usbd_edpt_open
 .text.usbd_open_edpt_pair
                0x100051a8       0x62 CMakeFiles/distance_sensor_3.dir/home/micha/.pico-sdk/sdk/1.5.1/lib/tinyusb/src/device/usbd.c.obj
                0x100051a8                usbd_open_edpt_pair
 *fill*         0x1000520a        0x2 
 .text.usbd_edpt_claim
                0x1000520c       0x28 CMakeFiles/distance_sensor_3.dir/home/micha/.pico-sdk/sdk/1.5.1/lib/tinyusb/src/device/usbd.c.obj
                0x1000520c                usbd_edpt_claim
 .text.usbd_edpt_release
                0x10005234       0x28 CMakeFiles/distance_sensor_3.dir/home/micha/.pico-sdk/sdk/1.5.1/lib/tinyusb/src/device/usbd.c.obj
                0x10005234                usbd_edpt_release
 .text.usbd_edpt_xfer
                0x1000525c       0x78 CMakeFiles/distance_sensor_3.dir/home/micha/.pico-sdk/sdk/1.5.1/lib/tinyusb/src/device/usbd.c.obj
                0x1000525c                usbd_edpt_xfer
 .text.usbd_edpt_stall
                0x100052d4       0x48 CMakeFiles/distance_sensor_3.dir/home/micha/.pico-sdk/sdk/1.5.1/lib/tinyusb/src/device/usbd.c.obj
                0x100052d4                usbd_edpt_stall
 .text.usbd_edpt_clear_stall
                0x1000531c       0x48 CMakeFiles/distance_sensor_3.dir/home/micha/.pico-sdk/sdk/1.5.1/lib/tinyusb/src/device/usbd.c.obj
                0x1000531c                usbd_edpt_clear_stall
 .text.usbd_edpt_stalled
                0x10005364       0x1c CMakeFiles/distance_sensor_3.dir/home/micha/.pico-sdk/sdk/1.5.1/lib/tinyusb/src/device/usbd.c.obj
                0x10005364                usbd_edpt_stalled
 .text.process_control_request
                0x10005380      0x374 CMakeFiles/distance_sensor_3.dir/home/micha/.pico-sdk/sdk/1.5.1/lib/tinyusb/src/device/usbd.c.obj
 .text.tud_task_ext
                0x100056f4      0x1a8 CMakeFiles/distance_sensor_3.dir/home/micha/.pico-sdk/sdk/1.5.1/lib/tinyusb/src/device/usbd.c.obj
                0x100056f4                tud_task_ext
 .text._status_stage_xact
                0x1000589c       0x1a CMakeFiles/distance_sensor_3.dir/home/micha/.pico-sdk/sdk/1.5.1/lib/tinyusb/src/device/usbd_control.c.obj
 *fill*         0x100058b6        0x2 
 .text._data_stage_xact
                0x100058b8       0x58 CMakeFiles/distance_sensor_3.dir/home/micha/.pico-sdk/sdk/1.5.1/lib/tinyusb/src/device/usbd_control.c.obj
 .text.tud_control_status
                0x10005910       0x28 CMakeFiles/distance_sensor_3.dir/home/micha/.pico-sdk/sdk/1.5.1/lib/tinyusb/src/device/usbd_control.c.obj
                0x10005910                tud_control_status
 .text.tud_control_xfer
                0x10005938       0x68 CMakeFiles/distance_sensor_3.dir/home/micha/.pico-sdk/sdk/1.5.1/lib/tinyusb/src/device/usbd_control.c.obj
                0x10005938                tud_control_xfer
 .text.usbd_control_reset
                0x100059a0       0x14 CMakeFiles/distance_sensor_3.dir/home/micha/.pico-sdk/sdk/1.5.1/lib/tinyusb/src/device/usbd_control.c.obj
                0x100059a0                usbd_control_reset
 .text.usbd_control_set_complete_callback
                0x100059b4        0xc CMakeFiles/distance_sensor_3.dir/home/micha/.pico-sdk/sdk/1.5.1/lib/tinyusb/src/device/usbd_control.c.obj
                0x100059b4                usbd_control_set_complete_callback
 .text.usbd_control_set_request
                0x100059c0       0x1c CMakeFiles/distance_sensor_3.dir/home/micha/.pico-sdk/sdk/1.5.1/lib/tinyusb/src/device/usbd_control.c.obj
                0x100059c0                usbd_control_set_request
 .text.usbd_control_xfer_cb
                0x100059dc       0xbc CMakeFiles/distance_sensor_3.dir/home/micha/.pico-sdk/sdk/1.5.1/lib/tinyusb/src/device/usbd_control.c.obj
                0x100059dc                usbd_control_xfer_cb
 .text._prep_out_transaction
                0x10005a98       0x4a CMakeFiles/distance_sensor_3.dir/home/micha/.pico-sdk/sdk/1.5.1/lib/tinyusb/src/class/cdc/cdc_device.c.obj
 *fill*         0x10005ae2        0x2 
 .text.tud_cdc_n_connected
                0x10005ae4       0x38 CMakeFiles/distance_sensor_3.dir/home/micha/.pico-sdk/sdk/1.5.1/lib/tinyusb/src/class/cdc/cdc_device.c.obj
                0x10005ae4                tud_cdc_n_connected
 .text.tud_cdc_n_available
                0x10005b1c       0x18 CMakeFiles/distance_sensor_3.dir/home/micha/.pico-sdk/sdk/1.5.1/lib/tinyusb/src/class/cdc/cdc_device.c.obj
                0x10005b1c                tud_cdc_n_available
 .text.tud_cdc_n_read
                0x10005b34       0x28 CMakeFiles/distance_sensor_3.dir/home/micha/.pico-sdk/sdk/1.5.1/lib/tinyusb/src/class/cdc/cdc_device.c.obj
                0x10005b34                tud_cdc_n_read
 .text.tud_cdc_n_write_flush
                0x10005b5c       0xb8 CMakeFiles/distance_sensor_3.dir/home/micha/.pico-sdk/sdk/1.5.1/lib/tinyusb/src/class/cdc/cdc_device.c.obj
                0x10005b5c                tud_cdc_n_write_flush
 .text.tud_cdc_n_write
                0x10005c14       0x38 CMakeFiles/distance_sensor_3.dir/home/micha/.pico-sdk/sdk/1.5.1/lib/tinyusb/src/class/cdc/cdc_device.c.obj
                0x10005c14                tud_cdc_n_write
 .text.tud_cdc_n_write_available
                0x10005c4c       0x1c CMakeFiles/distance_sensor_3.dir/home/micha/.pico-sdk/sdk/1.5.1/lib/tinyusb/src/class/cdc/cdc_device.c.obj
                0x10005c4c                tud_cdc_n_write_available
 .text.cdcd_init
                0x10005c68       0xbc CMakeFiles/distance_sensor_3.dir/home/micha/.pico-sdk/sdk/1.5.1/lib/tinyusb/src/class/cdc/cdc_device.c.obj
                0x10005c68                cdcd_init
 .text.cdcd_reset
                0x10005d24       0x44 CMakeFiles/distance_sensor_3.dir/home/micha/.pico-sdk/sdk/1.5.1/lib/tinyusb/src/class/cdc/cdc_device.c.obj
                0x10005d24                cdcd_reset
 .text.cdcd_open
                0x10005d68       0xc4 CMakeFiles/distance_sensor_3.dir/home/micha/.pico-sdk/sdk/1.5.1/lib/tinyusb/src/class/cdc/cdc_device.c.obj
                0x10005d68                cdcd_open
 .text.cdcd_control_xfer_cb
                0x10005e2c      0x134 CMakeFiles/distance_sensor_3.dir/home/micha/.pico-sdk/sdk/1.5.1/lib/tinyusb/src/class/cdc/cdc_device.c.obj
                0x10005e2c                cdcd_control_xfer_cb
 .text.cdcd_xfer_cb
                0x10005f60      0x130 CMakeFiles/distance_sensor_3.dir/home/micha/.pico-sdk/sdk/1.5.1/lib/tinyusb/src/class/cdc/cdc_device.c.obj
                0x10005f60                cdcd_xfer_cb
 .text.tusb_init
                0x10006090        0xa CMakeFiles/distance_sensor_3.dir/home/micha/.pico-sdk/sdk/1.5.1/lib/tinyusb/src/tusb.c.obj
                0x10006090                tusb_init
 .text.tusb_inited
                0x1000609a        0xe CMakeFiles/distance_sensor_3.dir/home/micha/.pico-sdk/sdk/1.5.1/lib/tinyusb/src/tusb.c.obj
                0x1000609a                tusb_inited
 .text.tu_edpt_claim
                0x100060a8       0x50 CMakeFiles/distance_sensor_3.dir/home/micha/.pico-sdk/sdk/1.5.1/lib/tinyusb/src/tusb.c.obj
                0x100060a8                tu_edpt_claim
 .text.tu_edpt_release
                0x100060f8       0x38 CMakeFiles/distance_sensor_3.dir/home/micha/.pico-sdk/sdk/1.5.1/lib/tinyusb/src/tusb.c.obj
                0x100060f8                tu_edpt_release
 .text.tu_edpt_validate
                0x10006130       0x78 CMakeFiles/distance_sensor_3.dir/home/micha/.pico-sdk/sdk/1.5.1/lib/tinyusb/src/tusb.c.obj
                0x10006130                tu_edpt_validate
 .text.tu_edpt_bind_driver
                0x100061a8       0x26 CMakeFiles/distance_sensor_3.dir/home/micha/.pico-sdk/sdk/1.5.1/lib/tinyusb/src/tusb.c.obj
                0x100061a8                tu_edpt_bind_driver
 .text.advance_index
                0x100061ce       0x1a CMakeFiles/distance_sensor_3.dir/home/micha/.pico-sdk/sdk/1.5.1/lib/tinyusb/src/common/tusb_fifo.c.obj
 .text._tu_fifo_peek
                0x100061e8       0x56 CMakeFiles/distance_sensor_3.dir/home/micha/.pico-sdk/sdk/1.5.1/lib/tinyusb/src/common/tusb_fifo.c.obj
 .text._ff_pull_const_addr
                0x1000623e       0x4c CMakeFiles/distance_sensor_3.dir/home/micha/.pico-sdk/sdk/1.5.1/lib/tinyusb/src/common/tusb_fifo.c.obj
 .text._ff_pull_n
                0x1000628a      0x110 CMakeFiles/distance_sensor_3.dir/home/micha/.pico-sdk/sdk/1.5.1/lib/tinyusb/src/common/tusb_fifo.c.obj
 .text._tu_fifo_peek_n
                0x1000639a       0x6a CMakeFiles/distance_sensor_3.dir/home/micha/.pico-sdk/sdk/1.5.1/lib/tinyusb/src/common/tusb_fifo.c.obj
 .text._tu_fifo_read_n
                0x10006404       0x4e CMakeFiles/distance_sensor_3.dir/home/micha/.pico-sdk/sdk/1.5.1/lib/tinyusb/src/common/tusb_fifo.c.obj
 .text._ff_push_const_addr
                0x10006452       0x40 CMakeFiles/distance_sensor_3.dir/home/micha/.pico-sdk/sdk/1.5.1/lib/tinyusb/src/common/tusb_fifo.c.obj
 .text._ff_push_n
                0x10006492      0x10c CMakeFiles/distance_sensor_3.dir/home/micha/.pico-sdk/sdk/1.5.1/lib/tinyusb/src/common/tusb_fifo.c.obj
 .text._tu_fifo_write_n
                0x1000659e       0xf0 CMakeFiles/distance_sensor_3.dir/home/micha/.pico-sdk/sdk/1.5.1/lib/tinyusb/src/common/tusb_fifo.c.obj
 .text.tu_fifo_config
                0x1000668e       0x7c CMakeFiles/distance_sensor_3.dir/home/micha/.pico-sdk/sdk/1.5.1/lib/tinyusb/src/common/tusb_fifo.c.obj
                0x1000668e                tu_fifo_config
 .text.tu_fifo_count
                0x1000670a       0x2a CMakeFiles/distance_sensor_3.dir/home/micha/.pico-sdk/sdk/1.5.1/lib/tinyusb/src/common/tusb_fifo.c.obj
                0x1000670a                tu_fifo_count
 .text.tu_fifo_empty
                0x10006734        0xe CMakeFiles/distance_sensor_3.dir/home/micha/.pico-sdk/sdk/1.5.1/lib/tinyusb/src/common/tusb_fifo.c.obj
                0x10006734                tu_fifo_empty
 .text.tu_fifo_full
                0x10006742       0x28 CMakeFiles/distance_sensor_3.dir/home/micha/.pico-sdk/sdk/1.5.1/lib/tinyusb/src/common/tusb_fifo.c.obj
                0x10006742                tu_fifo_full
 .text.tu_fifo_remaining
                0x1000676a       0x2c CMakeFiles/distance_sensor_3.dir/home/micha/.pico-sdk/sdk/1.5.1/lib/tinyusb/src/common/tusb_fifo.c.obj
                0x1000676a                tu_fifo_remaining
 .text.tu_fifo_read
                0x10006796       0x42 CMakeFiles/distance_sensor_3.dir/home/micha/.pico-sdk/sdk/1.5.1/lib/tinyusb/src/common/tusb_fifo.c.obj
                0x10006796                tu_fifo_read
 .text.tu_fifo_read_n
                0x100067d8        0xa CMakeFiles/distance_sensor_3.dir/home/micha/.pico-sdk/sdk/1.5.1/lib/tinyusb/src/common/tusb_fifo.c.obj
                0x100067d8                tu_fifo_read_n
 .text.tu_fifo_write
                0x100067e2       0x64 CMakeFiles/distance_sensor_3.dir/home/micha/.pico-sdk/sdk/1.5.1/lib/tinyusb/src/common/tusb_fifo.c.obj
                0x100067e2                tu_fifo_write
 .text.tu_fifo_write_n
                0x10006846        0xa CMakeFiles/distance_sensor_3.dir/home/micha/.pico-sdk/sdk/1.5.1/lib/tinyusb/src/common/tusb_fifo.c.obj
                0x10006846                tu_fifo_write_n
 .text.tu_fifo_clear
                0x10006850       0x3e CMakeFiles/distance_sensor_3.dir/home/micha/.pico-sdk/sdk/1.5.1/lib/tinyusb/src/common/tusb_fifo.c.obj
                0x10006850                tu_fifo_clear
 .text.tu_fifo_set_overwritable
                0x1000688e       0x46 CMakeFiles/distance_sensor_3.dir/home/micha/.pico-sdk/sdk/1.5.1/lib/tinyusb/src/common/tusb_fifo.c.obj
                0x1000688e                tu_fifo_set_overwritable
 .text.to_ms_since_boot
                0x100068d4       0x1c CMakeFiles/distance_sensor_3.dir/home/micha/.pico-sdk/sdk/1.5.1/src/rp2_common/pico_lwip/lwip_nosys.c.obj
 .text.update_us_since_boot
                0x100068f0       0x24 CMakeFiles/distance_sensor_3.dir/home/micha/.pico-sdk/sdk/1.5.1/src/rp2_common/pico_lwip/lwip_nosys.c.obj
 .text.delayed_by_ms
                0x10006914       0x44 CMakeFiles/distance_sensor_3.dir/home/micha/.pico-sdk/sdk/1.5.1/src/rp2_common/pico_lwip/lwip_nosys.c.obj
 .text.lwip_timeout_reached
                0x10006958       0x2c CMakeFiles/distance_sensor_3.dir/home/micha/.pico-sdk/sdk/1.5.1/src/rp2_common/pico_lwip/lwip_nosys.c.obj
 .text.get_absolute_time
                0x10006984       0x22 CMakeFiles/distance_sensor_3.dir/home/micha/.pico-sdk/sdk/1.5.1/src/rp2_common/pico_lwip/lwip_nosys.c.obj
 .text.make_timeout_time_ms
                0x100069a6       0x20 CMakeFiles/distance_sensor_3.dir/home/micha/.pico-sdk/sdk/1.5.1/src/rp2_common/pico_lwip/lwip_nosys.c.obj
 *fill*         0x100069c6        0x2 
 .text.update_next_timeout
                0x100069c8       0x6c CMakeFiles/distance_sensor_3.dir/home/micha/.pico-sdk/sdk/1.5.1/src/rp2_common/pico_lwip/lwip_nosys.c.obj
 .text.lwip_nosys_init
                0x10006a34       0x34 CMakeFiles/distance_sensor_3.dir/home/micha/.pico-sdk/sdk/1.5.1/src/rp2_common/pico_lwip/lwip_nosys.c.obj
                0x10006a34                lwip_nosys_init
 .text.lwip_nosys_deinit
                0x10006a68       0x20 CMakeFiles/distance_sensor_3.dir/home/micha/.pico-sdk/sdk/1.5.1/src/rp2_common/pico_lwip/lwip_nosys.c.obj
                0x10006a68                lwip_nosys_deinit
 .text.sys_arch_protect
                0x10006a88        0x4 CMakeFiles/distance_sensor_3.dir/home/micha/.pico-sdk/sdk/1.5.1/src/rp2_common/pico_lwip/lwip_nosys.c.obj
                0x10006a88                sys_arch_protect
 .text.sys_arch_unprotect
                0x10006a8c        0x2 CMakeFiles/distance_sensor_3.dir/home/micha/.pico-sdk/sdk/1.5.1/src/rp2_common/pico_lwip/lwip_nosys.c.obj
                0x10006a8c                sys_arch_unprotect
 .text.sys_now  0x10006a8e       0x16 CMakeFiles/distance_sensor_3.dir/home/micha/.pico-sdk/sdk/1.5.1/src/rp2_common/pico_lwip/lwip_nosys.c.obj
                0x10006a8e                sys_now
 .text.is_at_the_end_of_time
                0x10006aa4       0x1c CMakeFiles/distance_sensor_3.dir/home/micha/.pico-sdk/sdk/1.5.1/src/rp2_common/pico_async_context/async_context_base.c.obj
 .text.update_us_since_boot
                0x10006ac0       0x24 CMakeFiles/distance_sensor_3.dir/home/micha/.pico-sdk/sdk/1.5.1/src/rp2_common/pico_async_context/async_context_base.c.obj
 .text.get_absolute_time
                0x10006ae4       0x22 CMakeFiles/distance_sensor_3.dir/home/micha/.pico-sdk/sdk/1.5.1/src/rp2_common/pico_async_context/async_context_base.c.obj
 .text.async_context_base_add_at_time_worker
                0x10006b06       0x1c CMakeFiles/distance_sensor_3.dir/home/micha/.pico-sdk/sdk/1.5.1/src/rp2_common/pico_async_context/async_context_base.c.obj
                0x10006b06                async_context_base_add_at_time_worker
 .text.async_context_base_remove_at_time_worker
                0x10006b22       0x1c CMakeFiles/distance_sensor_3.dir/home/micha/.pico-sdk/sdk/1.5.1/src/rp2_common/pico_async_context/async_context_base.c.obj
                0x10006b22                async_context_base_remove_at_time_worker
 .text.async_context_base_add_when_pending_worker
                0x10006b3e       0x1c CMakeFiles/distance_sensor_3.dir/home/micha/.pico-sdk/sdk/1.5.1/src/rp2_common/pico_async_context/async_context_base.c.obj
                0x10006b3e                async_context_base_add_when_pending_worker
 .text.async_context_base_remove_when_pending_worker
                0x10006b5a       0x1c CMakeFiles/distance_sensor_3.dir/home/micha/.pico-sdk/sdk/1.5.1/src/rp2_common/pico_async_context/async_context_base.c.obj
                0x10006b5a                async_context_base_remove_when_pending_worker
 *fill*         0x10006b76        0x2 
 .text.async_context_base_remove_ready_at_time_worker
                0x10006b78       0x78 CMakeFiles/distance_sensor_3.dir/home/micha/.pico-sdk/sdk/1.5.1/src/rp2_common/pico_async_context/async_context_base.c.obj
                0x10006b78                async_context_base_remove_ready_at_time_worker
 .text.async_context_base_refresh_next_timeout
                0x10006bf0       0x3c CMakeFiles/distance_sensor_3.dir/home/micha/.pico-sdk/sdk/1.5.1/src/rp2_common/pico_async_context/async_context_base.c.obj
                0x10006bf0                async_context_base_refresh_next_timeout
 .text.async_context_base_execute_once
                0x10006c2c       0x48 CMakeFiles/distance_sensor_3.dir/home/micha/.pico-sdk/sdk/1.5.1/src/rp2_common/pico_async_context/async_context_base.c.obj
                0x10006c2c                async_context_base_execute_once
 .text.splitmix64
                0x10006c74       0x58 CMakeFiles/distance_sensor_3.dir/home/micha/.pico-sdk/sdk/1.5.1/src/rp2_common/pico_rand/rand.c.obj
 .text.sdbm_hash64_sram
                0x10006ccc       0x64 CMakeFiles/distance_sensor_3.dir/home/micha/.pico-sdk/sdk/1.5.1/src/rp2_common/pico_rand/rand.c.obj
 .text.xoroshiro128ss
                0x10006d30       0xb8 CMakeFiles/distance_sensor_3.dir/home/micha/.pico-sdk/sdk/1.5.1/src/rp2_common/pico_rand/rand.c.obj
 .text.update_us_since_boot
                0x10006de8       0x24 CMakeFiles/distance_sensor_3.dir/home/micha/.pico-sdk/sdk/1.5.1/src/rp2_common/pico_rand/rand.c.obj
 .text.get_absolute_time
                0x10006e0c       0x22 CMakeFiles/distance_sensor_3.dir/home/micha/.pico-sdk/sdk/1.5.1/src/rp2_common/pico_rand/rand.c.obj
 *fill*         0x10006e2e        0x2 
 .text.delayed_by_us
                0x10006e30       0x34 CMakeFiles/distance_sensor_3.dir/home/micha/.pico-sdk/sdk/1.5.1/src/rp2_common/pico_rand/rand.c.obj
 .text.make_timeout_time_us
                0x10006e64       0x24 CMakeFiles/distance_sensor_3.dir/home/micha/.pico-sdk/sdk/1.5.1/src/rp2_common/pico_rand/rand.c.obj
 .text.capture_additional_rosc_samples
                0x10006e88      0x164 CMakeFiles/distance_sensor_3.dir/home/micha/.pico-sdk/sdk/1.5.1/src/rp2_common/pico_rand/rand.c.obj
 .text.initialise_rand
                0x10006fec      0x110 CMakeFiles/distance_sensor_3.dir/home/micha/.pico-sdk/sdk/1.5.1/src/rp2_common/pico_rand/rand.c.obj
 .text.get_rand_64
                0x100070fc      0x10c CMakeFiles/distance_sensor_3.dir/home/micha/.pico-sdk/sdk/1.5.1/src/rp2_common/pico_rand/rand.c.obj
                0x100070fc                get_rand_64
 .text.get_rand_32
                0x10007208        0x8 CMakeFiles/distance_sensor_3.dir/home/micha/.pico-sdk/sdk/1.5.1/src/rp2_common/pico_rand/rand.c.obj
                0x10007208                get_rand_32
 .text.lwip_init
                0x10007210       0x24 CMakeFiles/distance_sensor_3.dir/home/micha/.pico-sdk/sdk/1.5.1/lib/lwip/src/core/init.c.obj
                0x10007210                lwip_init
 .text.lwip_htons
                0x10007234        0xa CMakeFiles/distance_sensor_3.dir/home/micha/.pico-sdk/sdk/1.5.1/lib/lwip/src/core/def.c.obj
                0x10007234                lwip_htons
 .text.lwip_htonl
                0x1000723e       0x1e CMakeFiles/distance_sensor_3.dir/home/micha/.pico-sdk/sdk/1.5.1/lib/lwip/src/core/def.c.obj
                0x1000723e                lwip_htonl
 .text.dns_backupserver_available
                0x1000725c       0x28 CMakeFiles/distance_sensor_3.dir/home/micha/.pico-sdk/sdk/1.5.1/lib/lwip/src/core/dns.c.obj
 .text.dns_create_txid
                0x10007284       0x3c CMakeFiles/distance_sensor_3.dir/home/micha/.pico-sdk/sdk/1.5.1/lib/lwip/src/core/dns.c.obj
 .text.dns_call_found
                0x100072c0       0xf4 CMakeFiles/distance_sensor_3.dir/home/micha/.pico-sdk/sdk/1.5.1/lib/lwip/src/core/dns.c.obj
 .text.dns_send
                0x100073b4      0x17c CMakeFiles/distance_sensor_3.dir/home/micha/.pico-sdk/sdk/1.5.1/lib/lwip/src/core/dns.c.obj
 .text.dns_check_entry
                0x10007530      0x11c CMakeFiles/distance_sensor_3.dir/home/micha/.pico-sdk/sdk/1.5.1/lib/lwip/src/core/dns.c.obj
 .text.dns_check_entries
                0x1000764c       0x16 CMakeFiles/distance_sensor_3.dir/home/micha/.pico-sdk/sdk/1.5.1/lib/lwip/src/core/dns.c.obj
 .text.dns_init
                0x10007662        0x2 CMakeFiles/distance_sensor_3.dir/home/micha/.pico-sdk/sdk/1.5.1/lib/lwip/src/core/dns.c.obj
                0x10007662                dns_init
 .text.dns_setserver
                0x10007664       0x28 CMakeFiles/distance_sensor_3.dir/home/micha/.pico-sdk/sdk/1.5.1/lib/lwip/src/core/dns.c.obj
                0x10007664                dns_setserver
 .text.dns_tmr  0x1000768c        0x8 CMakeFiles/distance_sensor_3.dir/home/micha/.pico-sdk/sdk/1.5.1/lib/lwip/src/core/dns.c.obj
                0x1000768c                dns_tmr
 .text.lwip_standard_chksum
                0x10007694       0xa0 CMakeFiles/distance_sensor_3.dir/home/micha/.pico-sdk/sdk/1.5.1/lib/lwip/src/core/inet_chksum.c.obj
                0x10007694                lwip_standard_chksum
 .text.inet_cksum_pseudo_base
                0x10007734       0x82 CMakeFiles/distance_sensor_3.dir/home/micha/.pico-sdk/sdk/1.5.1/lib/lwip/src/core/inet_chksum.c.obj
 .text.inet_chksum_pseudo
                0x100077b6       0x30 CMakeFiles/distance_sensor_3.dir/home/micha/.pico-sdk/sdk/1.5.1/lib/lwip/src/core/inet_chksum.c.obj
                0x100077b6                inet_chksum_pseudo
 .text.ip_chksum_pseudo
                0x100077e6       0x10 CMakeFiles/distance_sensor_3.dir/home/micha/.pico-sdk/sdk/1.5.1/lib/lwip/src/core/inet_chksum.c.obj
                0x100077e6                ip_chksum_pseudo
 .text.inet_chksum
                0x100077f6        0xc CMakeFiles/distance_sensor_3.dir/home/micha/.pico-sdk/sdk/1.5.1/lib/lwip/src/core/inet_chksum.c.obj
                0x100077f6                inet_chksum
 .text.inet_chksum_pbuf
                0x10007802       0x52 CMakeFiles/distance_sensor_3.dir/home/micha/.pico-sdk/sdk/1.5.1/lib/lwip/src/core/inet_chksum.c.obj
                0x10007802                inet_chksum_pbuf
 .text.ptr_to_mem
                0x10007854        0xc CMakeFiles/distance_sensor_3.dir/home/micha/.pico-sdk/sdk/1.5.1/lib/lwip/src/core/mem.c.obj
 .text.mem_to_ptr
                0x10007860       0x10 CMakeFiles/distance_sensor_3.dir/home/micha/.pico-sdk/sdk/1.5.1/lib/lwip/src/core/mem.c.obj
 .text.mem_link_valid
                0x10007870       0x5c CMakeFiles/distance_sensor_3.dir/home/micha/.pico-sdk/sdk/1.5.1/lib/lwip/src/core/mem.c.obj
 .text.plug_holes
                0x100078cc       0xd0 CMakeFiles/distance_sensor_3.dir/home/micha/.pico-sdk/sdk/1.5.1/lib/lwip/src/core/mem.c.obj
 .text.mem_init
                0x1000799c       0x40 CMakeFiles/distance_sensor_3.dir/home/micha/.pico-sdk/sdk/1.5.1/lib/lwip/src/core/mem.c.obj
                0x1000799c                mem_init
 .text.mem_free
                0x100079dc       0x84 CMakeFiles/distance_sensor_3.dir/home/micha/.pico-sdk/sdk/1.5.1/lib/lwip/src/core/mem.c.obj
                0x100079dc                mem_free
 .text.mem_trim
                0x10007a60      0x134 CMakeFiles/distance_sensor_3.dir/home/micha/.pico-sdk/sdk/1.5.1/lib/lwip/src/core/mem.c.obj
                0x10007a60                mem_trim
 .text.mem_malloc
                0x10007b94      0x134 CMakeFiles/distance_sensor_3.dir/home/micha/.pico-sdk/sdk/1.5.1/lib/lwip/src/core/mem.c.obj
                0x10007b94                mem_malloc
 .text.do_memp_malloc_pool
                0x10007cc8       0x30 CMakeFiles/distance_sensor_3.dir/home/micha/.pico-sdk/sdk/1.5.1/lib/lwip/src/core/memp.c.obj
 .text.do_memp_free_pool
                0x10007cf8       0x28 CMakeFiles/distance_sensor_3.dir/home/micha/.pico-sdk/sdk/1.5.1/lib/lwip/src/core/memp.c.obj
 .text.memp_init_pool
                0x10007d20       0x2a CMakeFiles/distance_sensor_3.dir/home/micha/.pico-sdk/sdk/1.5.1/lib/lwip/src/core/memp.c.obj
                0x10007d20                memp_init_pool
 *fill*         0x10007d4a        0x2 
 .text.memp_init
                0x10007d4c       0x20 CMakeFiles/distance_sensor_3.dir/home/micha/.pico-sdk/sdk/1.5.1/lib/lwip/src/core/memp.c.obj
                0x10007d4c                memp_init
 .text.memp_malloc
                0x10007d6c       0x24 CMakeFiles/distance_sensor_3.dir/home/micha/.pico-sdk/sdk/1.5.1/lib/lwip/src/core/memp.c.obj
                0x10007d6c                memp_malloc
 .text.memp_free
                0x10007d90       0x28 CMakeFiles/distance_sensor_3.dir/home/micha/.pico-sdk/sdk/1.5.1/lib/lwip/src/core/memp.c.obj
                0x10007d90                memp_free
 .text.netif_do_set_netmask
                0x10007db8       0x12 CMakeFiles/distance_sensor_3.dir/home/micha/.pico-sdk/sdk/1.5.1/lib/lwip/src/core/netif.c.obj
 .text.netif_do_set_gw
                0x10007dca       0x12 CMakeFiles/distance_sensor_3.dir/home/micha/.pico-sdk/sdk/1.5.1/lib/lwip/src/core/netif.c.obj
 .text.netif_null_output_ip4
                0x10007ddc        0x6 CMakeFiles/distance_sensor_3.dir/home/micha/.pico-sdk/sdk/1.5.1/lib/lwip/src/core/netif.c.obj
 .text.netif_do_ip_addr_changed
                0x10007de2       0x1c CMakeFiles/distance_sensor_3.dir/home/micha/.pico-sdk/sdk/1.5.1/lib/lwip/src/core/netif.c.obj
 *fill*         0x10007dfe        0x2 
 .text.netif_issue_reports
                0x10007e00       0x34 CMakeFiles/distance_sensor_3.dir/home/micha/.pico-sdk/sdk/1.5.1/lib/lwip/src/core/netif.c.obj
 .text.netif_do_set_ipaddr
                0x10007e34       0x54 CMakeFiles/distance_sensor_3.dir/home/micha/.pico-sdk/sdk/1.5.1/lib/lwip/src/core/netif.c.obj
 .text.netif_init
                0x10007e88        0x2 CMakeFiles/distance_sensor_3.dir/home/micha/.pico-sdk/sdk/1.5.1/lib/lwip/src/core/netif.c.obj
                0x10007e88                netif_init
 *fill*         0x10007e8a        0x2 
 .text.netif_set_addr
                0x10007e8c       0x78 CMakeFiles/distance_sensor_3.dir/home/micha/.pico-sdk/sdk/1.5.1/lib/lwip/src/core/netif.c.obj
                0x10007e8c                netif_set_addr
 .text.netif_add
                0x10007f04      0x124 CMakeFiles/distance_sensor_3.dir/home/micha/.pico-sdk/sdk/1.5.1/lib/lwip/src/core/netif.c.obj
                0x10007f04                netif_add
 .text.netif_set_default
                0x10008028        0xc CMakeFiles/distance_sensor_3.dir/home/micha/.pico-sdk/sdk/1.5.1/lib/lwip/src/core/netif.c.obj
                0x10008028                netif_set_default
 .text.netif_set_up
                0x10008034       0x34 CMakeFiles/distance_sensor_3.dir/home/micha/.pico-sdk/sdk/1.5.1/lib/lwip/src/core/netif.c.obj
                0x10008034                netif_set_up
 .text.netif_set_down
                0x10008068       0x3c CMakeFiles/distance_sensor_3.dir/home/micha/.pico-sdk/sdk/1.5.1/lib/lwip/src/core/netif.c.obj
                0x10008068                netif_set_down
 .text.netif_remove
                0x100080a4       0x64 CMakeFiles/distance_sensor_3.dir/home/micha/.pico-sdk/sdk/1.5.1/lib/lwip/src/core/netif.c.obj
                0x100080a4                netif_remove
 .text.netif_set_link_up
                0x10008108       0x3c CMakeFiles/distance_sensor_3.dir/home/micha/.pico-sdk/sdk/1.5.1/lib/lwip/src/core/netif.c.obj
                0x10008108                netif_set_link_up
 .text.netif_set_link_down
                0x10008144       0x2c CMakeFiles/distance_sensor_3.dir/home/micha/.pico-sdk/sdk/1.5.1/lib/lwip/src/core/netif.c.obj
                0x10008144                netif_set_link_down
 .text.netif_get_by_index
                0x10008170       0x24 CMakeFiles/distance_sensor_3.dir/home/micha/.pico-sdk/sdk/1.5.1/lib/lwip/src/core/netif.c.obj
                0x10008170                netif_get_by_index
 .text.pbuf_init_alloced_pbuf
                0x10008194       0x20 CMakeFiles/distance_sensor_3.dir/home/micha/.pico-sdk/sdk/1.5.1/lib/lwip/src/core/pbuf.c.obj
 .text.pbuf_skip_const
                0x100081b4       0x1a CMakeFiles/distance_sensor_3.dir/home/micha/.pico-sdk/sdk/1.5.1/lib/lwip/src/core/pbuf.c.obj
 *fill*         0x100081ce        0x2 
 .text.pbuf_pool_is_empty
                0x100081d0       0x18 CMakeFiles/distance_sensor_3.dir/home/micha/.pico-sdk/sdk/1.5.1/lib/lwip/src/core/pbuf.c.obj
 .text.pbuf_add_header_impl
                0x100081e8       0x68 CMakeFiles/distance_sensor_3.dir/home/micha/.pico-sdk/sdk/1.5.1/lib/lwip/src/core/pbuf.c.obj
 .text.pbuf_free_ooseq
                0x10008250       0x30 CMakeFiles/distance_sensor_3.dir/home/micha/.pico-sdk/sdk/1.5.1/lib/lwip/src/core/pbuf.c.obj
                0x10008250                pbuf_free_ooseq
 .text.pbuf_alloc_reference
                0x10008280       0x3c CMakeFiles/distance_sensor_3.dir/home/micha/.pico-sdk/sdk/1.5.1/lib/lwip/src/core/pbuf.c.obj
                0x10008280                pbuf_alloc_reference
 .text.pbuf_add_header
                0x100082bc        0xa CMakeFiles/distance_sensor_3.dir/home/micha/.pico-sdk/sdk/1.5.1/lib/lwip/src/core/pbuf.c.obj
                0x100082bc                pbuf_add_header
 *fill*         0x100082c6        0x2 
 .text.pbuf_remove_header
                0x100082c8       0x50 CMakeFiles/distance_sensor_3.dir/home/micha/.pico-sdk/sdk/1.5.1/lib/lwip/src/core/pbuf.c.obj
                0x100082c8                pbuf_remove_header
 .text.pbuf_header_impl
                0x10008318       0x14 CMakeFiles/distance_sensor_3.dir/home/micha/.pico-sdk/sdk/1.5.1/lib/lwip/src/core/pbuf.c.obj
 .text.pbuf_header_force
                0x1000832c        0xa CMakeFiles/distance_sensor_3.dir/home/micha/.pico-sdk/sdk/1.5.1/lib/lwip/src/core/pbuf.c.obj
                0x1000832c                pbuf_header_force
 *fill*         0x10008336        0x2 
 .text.pbuf_free
                0x10008338       0x7c CMakeFiles/distance_sensor_3.dir/home/micha/.pico-sdk/sdk/1.5.1/lib/lwip/src/core/pbuf.c.obj
                0x10008338                pbuf_free
 .text.pbuf_alloc
                0x100083b4      0x144 CMakeFiles/distance_sensor_3.dir/home/micha/.pico-sdk/sdk/1.5.1/lib/lwip/src/core/pbuf.c.obj
                0x100083b4                pbuf_alloc
 .text.pbuf_realloc
                0x100084f8       0x84 CMakeFiles/distance_sensor_3.dir/home/micha/.pico-sdk/sdk/1.5.1/lib/lwip/src/core/pbuf.c.obj
                0x100084f8                pbuf_realloc
 .text.pbuf_clen
                0x1000857c       0x12 CMakeFiles/distance_sensor_3.dir/home/micha/.pico-sdk/sdk/1.5.1/lib/lwip/src/core/pbuf.c.obj
                0x1000857c                pbuf_clen
 *fill*         0x1000858e        0x2 
 .text.pbuf_ref
                0x10008590       0x28 CMakeFiles/distance_sensor_3.dir/home/micha/.pico-sdk/sdk/1.5.1/lib/lwip/src/core/pbuf.c.obj
                0x10008590                pbuf_ref
 .text.pbuf_cat
                0x100085b8       0x44 CMakeFiles/distance_sensor_3.dir/home/micha/.pico-sdk/sdk/1.5.1/lib/lwip/src/core/pbuf.c.obj
                0x100085b8                pbuf_cat
 .text.pbuf_chain
                0x100085fc       0x10 CMakeFiles/distance_sensor_3.dir/home/micha/.pico-sdk/sdk/1.5.1/lib/lwip/src/core/pbuf.c.obj
                0x100085fc                pbuf_chain
 .text.pbuf_copy_partial_pbuf
                0x1000860c      0x13c CMakeFiles/distance_sensor_3.dir/home/micha/.pico-sdk/sdk/1.5.1/lib/lwip/src/core/pbuf.c.obj
                0x1000860c                pbuf_copy_partial_pbuf
 .text.pbuf_copy
                0x10008748       0x20 CMakeFiles/distance_sensor_3.dir/home/micha/.pico-sdk/sdk/1.5.1/lib/lwip/src/core/pbuf.c.obj
                0x10008748                pbuf_copy
 .text.pbuf_copy_partial
                0x10008768       0x88 CMakeFiles/distance_sensor_3.dir/home/micha/.pico-sdk/sdk/1.5.1/lib/lwip/src/core/pbuf.c.obj
                0x10008768                pbuf_copy_partial
 .text.pbuf_skip
                0x100087f0        0x8 CMakeFiles/distance_sensor_3.dir/home/micha/.pico-sdk/sdk/1.5.1/lib/lwip/src/core/pbuf.c.obj
                0x100087f0                pbuf_skip
 .text.pbuf_take
                0x100087f8       0x98 CMakeFiles/distance_sensor_3.dir/home/micha/.pico-sdk/sdk/1.5.1/lib/lwip/src/core/pbuf.c.obj
                0x100087f8                pbuf_take
 .text.pbuf_take_at
                0x10008890       0x70 CMakeFiles/distance_sensor_3.dir/home/micha/.pico-sdk/sdk/1.5.1/lib/lwip/src/core/pbuf.c.obj
                0x10008890                pbuf_take_at
 .text.pbuf_clone
                0x10008900       0x2c CMakeFiles/distance_sensor_3.dir/home/micha/.pico-sdk/sdk/1.5.1/lib/lwip/src/core/pbuf.c.obj
                0x10008900                pbuf_clone
 .text.pbuf_put_at
                0x1000892c       0x26 CMakeFiles/distance_sensor_3.dir/home/micha/.pico-sdk/sdk/1.5.1/lib/lwip/src/core/pbuf.c.obj
                0x1000892c                pbuf_put_at
 *fill*         0x10008952        0x2 
 .text.raw_input_local_match
                0x10008954       0x5c CMakeFiles/distance_sensor_3.dir/home/micha/.pico-sdk/sdk/1.5.1/lib/lwip/src/core/raw.c.obj
 .text.raw_input
                0x100089b0       0xb4 CMakeFiles/distance_sensor_3.dir/home/micha/.pico-sdk/sdk/1.5.1/lib/lwip/src/core/raw.c.obj
                0x100089b0                raw_input
 .text.raw_netif_ip_addr_changed
                0x10008a64       0x38 CMakeFiles/distance_sensor_3.dir/home/micha/.pico-sdk/sdk/1.5.1/lib/lwip/src/core/raw.c.obj
                0x10008a64                raw_netif_ip_addr_changed
 .text.stats_init
                0x10008a9c        0x2 CMakeFiles/distance_sensor_3.dir/home/micha/.pico-sdk/sdk/1.5.1/lib/lwip/src/core/stats.c.obj
                0x10008a9c                stats_init
 *fill*         0x10008a9e        0x2 
 .text.tcp_remove_listener
                0x10008aa0       0x24 CMakeFiles/distance_sensor_3.dir/home/micha/.pico-sdk/sdk/1.5.1/lib/lwip/src/core/tcp.c.obj
 .text.tcp_listen_closed
                0x10008ac4       0x40 CMakeFiles/distance_sensor_3.dir/home/micha/.pico-sdk/sdk/1.5.1/lib/lwip/src/core/tcp.c.obj
 .text.tcp_free_listen
                0x10008b04       0x1c CMakeFiles/distance_sensor_3.dir/home/micha/.pico-sdk/sdk/1.5.1/lib/lwip/src/core/tcp.c.obj
 .text.tcp_close_shutdown_fin
                0x10008b20       0x64 CMakeFiles/distance_sensor_3.dir/home/micha/.pico-sdk/sdk/1.5.1/lib/lwip/src/core/tcp.c.obj
 .text.tcp_handle_closepend
                0x10008b84       0x28 CMakeFiles/distance_sensor_3.dir/home/micha/.pico-sdk/sdk/1.5.1/lib/lwip/src/core/tcp.c.obj
 .text.tcp_init
                0x10008bac       0x20 CMakeFiles/distance_sensor_3.dir/home/micha/.pico-sdk/sdk/1.5.1/lib/lwip/src/core/tcp.c.obj
                0x10008bac                tcp_init
 .text.tcp_free
                0x10008bcc       0x1c CMakeFiles/distance_sensor_3.dir/home/micha/.pico-sdk/sdk/1.5.1/lib/lwip/src/core/tcp.c.obj
                0x10008bcc                tcp_free
 .text.tcp_update_rcv_ann_wnd
                0x10008be8       0x58 CMakeFiles/distance_sensor_3.dir/home/micha/.pico-sdk/sdk/1.5.1/lib/lwip/src/core/tcp.c.obj
                0x10008be8                tcp_update_rcv_ann_wnd
 .text.tcp_recved
                0x10008c40       0x60 CMakeFiles/distance_sensor_3.dir/home/micha/.pico-sdk/sdk/1.5.1/lib/lwip/src/core/tcp.c.obj
                0x10008c40                tcp_recved
 .text.tcp_seg_free
                0x10008ca0       0x1a CMakeFiles/distance_sensor_3.dir/home/micha/.pico-sdk/sdk/1.5.1/lib/lwip/src/core/tcp.c.obj
                0x10008ca0                tcp_seg_free
 .text.tcp_segs_free
                0x10008cba       0x12 CMakeFiles/distance_sensor_3.dir/home/micha/.pico-sdk/sdk/1.5.1/lib/lwip/src/core/tcp.c.obj
                0x10008cba                tcp_segs_free
 .text.tcp_seg_copy
                0x10008ccc       0x2c CMakeFiles/distance_sensor_3.dir/home/micha/.pico-sdk/sdk/1.5.1/lib/lwip/src/core/tcp.c.obj
                0x10008ccc                tcp_seg_copy
 .text.tcp_next_iss
                0x10008cf8       0x28 CMakeFiles/distance_sensor_3.dir/home/micha/.pico-sdk/sdk/1.5.1/lib/lwip/src/core/tcp.c.obj
                0x10008cf8                tcp_next_iss
 .text.tcp_eff_send_mss_netif
                0x10008d20       0x34 CMakeFiles/distance_sensor_3.dir/home/micha/.pico-sdk/sdk/1.5.1/lib/lwip/src/core/tcp.c.obj
                0x10008d20                tcp_eff_send_mss_netif
 .text.tcp_free_ooseq
                0x10008d54       0x14 CMakeFiles/distance_sensor_3.dir/home/micha/.pico-sdk/sdk/1.5.1/lib/lwip/src/core/tcp.c.obj
                0x10008d54                tcp_free_ooseq
 .text.tcp_pcb_purge
                0x10008d68       0x58 CMakeFiles/distance_sensor_3.dir/home/micha/.pico-sdk/sdk/1.5.1/lib/lwip/src/core/tcp.c.obj
                0x10008d68                tcp_pcb_purge
 .text.tcp_pcb_remove
                0x10008dc0       0xa4 CMakeFiles/distance_sensor_3.dir/home/micha/.pico-sdk/sdk/1.5.1/lib/lwip/src/core/tcp.c.obj
                0x10008dc0                tcp_pcb_remove
 .text.tcp_abandon
                0x10008e64      0x10c CMakeFiles/distance_sensor_3.dir/home/micha/.pico-sdk/sdk/1.5.1/lib/lwip/src/core/tcp.c.obj
                0x10008e64                tcp_abandon
 .text.tcp_abort
                0x10008f70        0xa CMakeFiles/distance_sensor_3.dir/home/micha/.pico-sdk/sdk/1.5.1/lib/lwip/src/core/tcp.c.obj
                0x10008f70                tcp_abort
 *fill*         0x10008f7a        0x2 
 .text.tcp_kill_timewait
                0x10008f7c       0x38 CMakeFiles/distance_sensor_3.dir/home/micha/.pico-sdk/sdk/1.5.1/lib/lwip/src/core/tcp.c.obj
 .text.tcp_kill_prio
                0x10008fb4       0x58 CMakeFiles/distance_sensor_3.dir/home/micha/.pico-sdk/sdk/1.5.1/lib/lwip/src/core/tcp.c.obj
 .text.tcp_netif_ip_addr_changed_pcblist
                0x1000900c       0x30 CMakeFiles/distance_sensor_3.dir/home/micha/.pico-sdk/sdk/1.5.1/lib/lwip/src/core/tcp.c.obj
 .text.tcp_netif_ip_addr_changed
                0x1000903c       0x54 CMakeFiles/distance_sensor_3.dir/home/micha/.pico-sdk/sdk/1.5.1/lib/lwip/src/core/tcp.c.obj
                0x1000903c                tcp_netif_ip_addr_changed
 .text.tcp_kill_state
                0x10009090       0x54 CMakeFiles/distance_sensor_3.dir/home/micha/.pico-sdk/sdk/1.5.1/lib/lwip/src/core/tcp.c.obj
 .text.tcp_alloc
                0x100090e4       0xc8 CMakeFiles/distance_sensor_3.dir/home/micha/.pico-sdk/sdk/1.5.1/lib/lwip/src/core/tcp.c.obj
                0x100090e4                tcp_alloc
 .text.tcp_close_shutdown
                0x100091ac      0x13c CMakeFiles/distance_sensor_3.dir/home/micha/.pico-sdk/sdk/1.5.1/lib/lwip/src/core/tcp.c.obj
 .text.tcp_close
                0x100092e8       0x2c CMakeFiles/distance_sensor_3.dir/home/micha/.pico-sdk/sdk/1.5.1/lib/lwip/src/core/tcp.c.obj
                0x100092e8                tcp_close
 .text.tcp_recv_null
                0x10009314       0x3c CMakeFiles/distance_sensor_3.dir/home/micha/.pico-sdk/sdk/1.5.1/lib/lwip/src/core/tcp.c.obj
                0x10009314                tcp_recv_null
 .text.tcp_process_refused_data
                0x10009350       0x88 CMakeFiles/distance_sensor_3.dir/home/micha/.pico-sdk/sdk/1.5.1/lib/lwip/src/core/tcp.c.obj
                0x10009350                tcp_process_refused_data
 .text.tcp_fasttmr
                0x100093d8       0x80 CMakeFiles/distance_sensor_3.dir/home/micha/.pico-sdk/sdk/1.5.1/lib/lwip/src/core/tcp.c.obj
                0x100093d8                tcp_fasttmr
 .text.tcp_slowtmr
                0x10009458      0x44c CMakeFiles/distance_sensor_3.dir/home/micha/.pico-sdk/sdk/1.5.1/lib/lwip/src/core/tcp.c.obj
                0x10009458                tcp_slowtmr
 .text.tcp_tmr  0x100098a4       0x20 CMakeFiles/distance_sensor_3.dir/home/micha/.pico-sdk/sdk/1.5.1/lib/lwip/src/core/tcp.c.obj
                0x100098a4                tcp_tmr
 .text.tcp_get_next_optbyte
                0x100098c4       0x40 CMakeFiles/distance_sensor_3.dir/home/micha/.pico-sdk/sdk/1.5.1/lib/lwip/src/core/tcp_in.c.obj
 .text.tcp_parseopt
                0x10009904       0x98 CMakeFiles/distance_sensor_3.dir/home/micha/.pico-sdk/sdk/1.5.1/lib/lwip/src/core/tcp_in.c.obj
 .text.tcp_input_delayed_close
                0x1000999c       0x4c CMakeFiles/distance_sensor_3.dir/home/micha/.pico-sdk/sdk/1.5.1/lib/lwip/src/core/tcp_in.c.obj
 .text.tcp_timewait_input
                0x100099e8       0xa0 CMakeFiles/distance_sensor_3.dir/home/micha/.pico-sdk/sdk/1.5.1/lib/lwip/src/core/tcp_in.c.obj
 .text.tcp_listen_input
                0x10009a88      0x15c CMakeFiles/distance_sensor_3.dir/home/micha/.pico-sdk/sdk/1.5.1/lib/lwip/src/core/tcp_in.c.obj
 .text.tcp_free_acked_segments
                0x10009be4       0xc0 CMakeFiles/distance_sensor_3.dir/home/micha/.pico-sdk/sdk/1.5.1/lib/lwip/src/core/tcp_in.c.obj
 .text.tcp_oos_insert_segment